../Drivers/CMSIS/Include/core_cm7.h:1823:23:__NVIC_SetPriorityGrouping	24	static
../Drivers/CMSIS/Include/core_cm7.h:1840:27:__NVIC_GetPriorityGrouping	4	static
../Drivers/CMSIS/Include/core_cm7.h:1851:23:__NVIC_EnableIRQ	16	static
../Drivers/CMSIS/Include/core_cm7.h:1883:23:__NVIC_DisableIRQ	16	static,ignoring_inline_asm
../Drivers/CMSIS/Include/core_cm7.h:1900:27:__NVIC_GetPendingIRQ	16	static
../Drivers/CMSIS/Include/core_cm7.h:1917:23:__NVIC_SetPendingIRQ	16	static
../Drivers/CMSIS/Include/core_cm7.h:1930:23:__NVIC_ClearPendingIRQ	16	static
../Drivers/CMSIS/Include/core_cm7.h:1945:27:__NVIC_GetActive	16	static
../Drivers/CMSIS/Include/core_cm7.h:1965:23:__NVIC_SetPriority	16	static
../Drivers/CMSIS/Include/core_cm7.h:1984:27:__NVIC_GetPriority	16	static
../Drivers/CMSIS/Include/core_cm7.h:2006:27:NVIC_EncodePriority	40	static
../Drivers/CMSIS/Include/core_cm7.h:2040:23:NVIC_DecodePriority	40	static
../Drivers/CMSIS/Include/core_cm7.h:2095:35:__NVIC_SystemReset	4	static,ignoring_inline_asm
../Drivers/CMSIS/Include/core_cm7.h:2483:26:SysTick_Config	16	static
../Drivers/STM32F7xx_HAL_Driver/Src/stm32f7xx_hal_cortex.c:140:6:HAL_NVIC_SetPriorityGrouping	16	static
../Drivers/STM32F7xx_HAL_Driver/Src/stm32f7xx_hal_cortex.c:161:6:HAL_NVIC_SetPriority	32	static
../Drivers/STM32F7xx_HAL_Driver/Src/stm32f7xx_hal_cortex.c:184:6:HAL_NVIC_EnableIRQ	16	static
../Drivers/STM32F7xx_HAL_Driver/Src/stm32f7xx_hal_cortex.c:199:6:HAL_NVIC_DisableIRQ	16	static
../Drivers/STM32F7xx_HAL_Driver/Src/stm32f7xx_hal_cortex.c:211:6:HAL_NVIC_SystemReset	8	static
../Drivers/STM32F7xx_HAL_Driver/Src/stm32f7xx_hal_cortex.c:223:10:HAL_SYSTICK_Config	16	static
../Drivers/STM32F7xx_HAL_Driver/Src/stm32f7xx_hal_cortex.c:251:6:HAL_MPU_Disable	4	static,ignoring_inline_asm
../Drivers/STM32F7xx_HAL_Driver/Src/stm32f7xx_hal_cortex.c:273:6:HAL_MPU_Enable	16	static,ignoring_inline_asm
../Drivers/STM32F7xx_HAL_Driver/Src/stm32f7xx_hal_cortex.c:291:6:HAL_MPU_ConfigRegion	16	static
../Drivers/STM32F7xx_HAL_Driver/Src/stm32f7xx_hal_cortex.c:332:10:HAL_NVIC_GetPriorityGrouping	8	static
../Drivers/STM32F7xx_HAL_Driver/Src/stm32f7xx_hal_cortex.c:358:6:HAL_NVIC_GetPriority	24	static
../Drivers/STM32F7xx_HAL_Driver/Src/stm32f7xx_hal_cortex.c:374:6:HAL_NVIC_SetPendingIRQ	16	static
../Drivers/STM32F7xx_HAL_Driver/Src/stm32f7xx_hal_cortex.c:391:10:HAL_NVIC_GetPendingIRQ	16	static
../Drivers/STM32F7xx_HAL_Driver/Src/stm32f7xx_hal_cortex.c:406:6:HAL_NVIC_ClearPendingIRQ	16	static
../Drivers/STM32F7xx_HAL_Driver/Src/stm32f7xx_hal_cortex.c:422:10:HAL_NVIC_GetActive	16	static
../Drivers/STM32F7xx_HAL_Driver/Src/stm32f7xx_hal_cortex.c:438:6:HAL_SYSTICK_CLKSourceConfig	16	static
../Drivers/STM32F7xx_HAL_Driver/Src/stm32f7xx_hal_cortex.c:452:6:HAL_SYSTICK_IRQHandler	8	static
../Drivers/STM32F7xx_HAL_Driver/Src/stm32f7xx_hal_cortex.c:460:13:HAL_SYSTICK_Callback	4	static
