Archive member included to satisfy reference by file (symbol)

d:/programdata/stm32cubeide_1.10.1/stm32cubeide/plugins/com.st.stm32cube.ide.mcu.externaltools.gnu-tools-for-stm32.10.3-2021.10.win32_1.0.0.202111181127/tools/bin/../lib/gcc/arm-none-eabi/10.3.1/../../../../arm-none-eabi/lib/thumb/v7e-m+dp/hard\libc_nano.a(lib_a-errno.o)
                              ./Core/Src/syscalls.o (__errno)
d:/programdata/stm32cubeide_1.10.1/stm32cubeide/plugins/com.st.stm32cube.ide.mcu.externaltools.gnu-tools-for-stm32.10.3-2021.10.win32_1.0.0.202111181127/tools/bin/../lib/gcc/arm-none-eabi/10.3.1/../../../../arm-none-eabi/lib/thumb/v7e-m+dp/hard\libc_nano.a(lib_a-exit.o)
                              d:/programdata/stm32cubeide_1.10.1/stm32cubeide/plugins/com.st.stm32cube.ide.mcu.externaltools.gnu-tools-for-stm32.10.3-2021.10.win32_1.0.0.202111181127/tools/bin/../lib/gcc/arm-none-eabi/10.3.1/../../../../arm-none-eabi/lib/thumb/v7e-m+dp/hard/crt0.o (exit)
d:/programdata/stm32cubeide_1.10.1/stm32cubeide/plugins/com.st.stm32cube.ide.mcu.externaltools.gnu-tools-for-stm32.10.3-2021.10.win32_1.0.0.202111181127/tools/bin/../lib/gcc/arm-none-eabi/10.3.1/../../../../arm-none-eabi/lib/thumb/v7e-m+dp/hard\libc_nano.a(lib_a-impure.o)
                              d:/programdata/stm32cubeide_1.10.1/stm32cubeide/plugins/com.st.stm32cube.ide.mcu.externaltools.gnu-tools-for-stm32.10.3-2021.10.win32_1.0.0.202111181127/tools/bin/../lib/gcc/arm-none-eabi/10.3.1/../../../../arm-none-eabi/lib/thumb/v7e-m+dp/hard\libc_nano.a(lib_a-exit.o) (_global_impure_ptr)
d:/programdata/stm32cubeide_1.10.1/stm32cubeide/plugins/com.st.stm32cube.ide.mcu.externaltools.gnu-tools-for-stm32.10.3-2021.10.win32_1.0.0.202111181127/tools/bin/../lib/gcc/arm-none-eabi/10.3.1/../../../../arm-none-eabi/lib/thumb/v7e-m+dp/hard\libc_nano.a(lib_a-init.o)
                              d:/programdata/stm32cubeide_1.10.1/stm32cubeide/plugins/com.st.stm32cube.ide.mcu.externaltools.gnu-tools-for-stm32.10.3-2021.10.win32_1.0.0.202111181127/tools/bin/../lib/gcc/arm-none-eabi/10.3.1/../../../../arm-none-eabi/lib/thumb/v7e-m+dp/hard/crt0.o (__libc_init_array)
d:/programdata/stm32cubeide_1.10.1/stm32cubeide/plugins/com.st.stm32cube.ide.mcu.externaltools.gnu-tools-for-stm32.10.3-2021.10.win32_1.0.0.202111181127/tools/bin/../lib/gcc/arm-none-eabi/10.3.1/../../../../arm-none-eabi/lib/thumb/v7e-m+dp/hard\libc_nano.a(lib_a-memset.o)
                              d:/programdata/stm32cubeide_1.10.1/stm32cubeide/plugins/com.st.stm32cube.ide.mcu.externaltools.gnu-tools-for-stm32.10.3-2021.10.win32_1.0.0.202111181127/tools/bin/../lib/gcc/arm-none-eabi/10.3.1/../../../../arm-none-eabi/lib/thumb/v7e-m+dp/hard/crt0.o (memset)
d:/programdata/stm32cubeide_1.10.1/stm32cubeide/plugins/com.st.stm32cube.ide.mcu.externaltools.gnu-tools-for-stm32.10.3-2021.10.win32_1.0.0.202111181127/tools/bin/../lib/gcc/arm-none-eabi/10.3.1/../../../../arm-none-eabi/lib/thumb/v7e-m+dp/hard\libc_nano.a(lib_a-strlen.o)
                              ./Core/Src/main.o (strlen)
d:/programdata/stm32cubeide_1.10.1/stm32cubeide/plugins/com.st.stm32cube.ide.mcu.externaltools.gnu-tools-for-stm32.10.3-2021.10.win32_1.0.0.202111181127/tools/bin/../lib/gcc/arm-none-eabi/10.3.1/thumb/v7e-m+dp/hard\libgcc.a(_aeabi_uldivmod.o)
                              ./Drivers/STM32F7xx_HAL_Driver/Src/stm32f7xx_hal_rcc.o (__aeabi_uldivmod)
d:/programdata/stm32cubeide_1.10.1/stm32cubeide/plugins/com.st.stm32cube.ide.mcu.externaltools.gnu-tools-for-stm32.10.3-2021.10.win32_1.0.0.202111181127/tools/bin/../lib/gcc/arm-none-eabi/10.3.1/thumb/v7e-m+dp/hard\libgcc.a(_udivmoddi4.o)
                              d:/programdata/stm32cubeide_1.10.1/stm32cubeide/plugins/com.st.stm32cube.ide.mcu.externaltools.gnu-tools-for-stm32.10.3-2021.10.win32_1.0.0.202111181127/tools/bin/../lib/gcc/arm-none-eabi/10.3.1/thumb/v7e-m+dp/hard\libgcc.a(_aeabi_uldivmod.o) (__udivmoddi4)
d:/programdata/stm32cubeide_1.10.1/stm32cubeide/plugins/com.st.stm32cube.ide.mcu.externaltools.gnu-tools-for-stm32.10.3-2021.10.win32_1.0.0.202111181127/tools/bin/../lib/gcc/arm-none-eabi/10.3.1/thumb/v7e-m+dp/hard\libgcc.a(_dvmd_tls.o)
                              d:/programdata/stm32cubeide_1.10.1/stm32cubeide/plugins/com.st.stm32cube.ide.mcu.externaltools.gnu-tools-for-stm32.10.3-2021.10.win32_1.0.0.202111181127/tools/bin/../lib/gcc/arm-none-eabi/10.3.1/thumb/v7e-m+dp/hard\libgcc.a(_aeabi_uldivmod.o) (__aeabi_ldiv0)

Discarded input sections

 .text          0x0000000000000000        0x0 d:/programdata/stm32cubeide_1.10.1/stm32cubeide/plugins/com.st.stm32cube.ide.mcu.externaltools.gnu-tools-for-stm32.10.3-2021.10.win32_1.0.0.202111181127/tools/bin/../lib/gcc/arm-none-eabi/10.3.1/thumb/v7e-m+dp/hard/crti.o
 .data          0x0000000000000000        0x0 d:/programdata/stm32cubeide_1.10.1/stm32cubeide/plugins/com.st.stm32cube.ide.mcu.externaltools.gnu-tools-for-stm32.10.3-2021.10.win32_1.0.0.202111181127/tools/bin/../lib/gcc/arm-none-eabi/10.3.1/thumb/v7e-m+dp/hard/crti.o
[...]
Memory Configuration

Name             Origin             Length             Attributes
RAM              0x0000000020000000 0x0000000000080000 xrw
FLASH            0x0000000008000000 0x0000000000200000 xr
*default*        0x0000000000000000 0xffffffffffffffff

Linker script and memory map

LOAD d:/programdata/stm32cubeide_1.10.1/stm32cubeide/plugins/com.st.stm32cube.ide.mcu.externaltools.gnu-tools-for-stm32.10.3-2021.10.win32_1.0.0.202111181127/tools/bin/../lib/gcc/arm-none-eabi/10.3.1/thumb/v7e-m+dp/hard/crti.o
LOAD d:/programdata/stm32cubeide_1.10.1/stm32cubeide/plugins/com.st.stm32cube.ide.mcu.externaltools.gnu-tools-for-stm32.10.3-2021.10.win32_1.0.0.202111181127/tools/bin/../lib/gcc/arm-none-eabi/10.3.1/thumb/v7e-m+dp/hard/crtbegin.o
LOAD d:/programdata/stm32cubeide_1.10.1/stm32cubeide/plugins/com.st.stm32cube.ide.mcu.externaltools.gnu-tools-for-stm32.10.3-2021.10.win32_1.0.0.202111181127/tools/bin/../lib/gcc/arm-none-eabi/10.3.1/../../../../arm-none-eabi/lib/thumb/v7e-m+dp/hard/crt0.o
LOAD ./Core/Src/main.o
LOAD ./Core/Src/stm32f7xx_hal_msp.o
LOAD ./Core/Src/stm32f7xx_it.o
LOAD ./Core/Src/syscalls.o
LOAD ./Core/Src/sysmem.o
LOAD ./Core/Src/system_stm32f7xx.o
LOAD ./Core/Startup/startup_stm32f767zitx.o
LOAD ./Drivers/STM32F7xx_HAL_Driver/Src/stm32f7xx_hal.o
LOAD ./Drivers/STM32F7xx_HAL_Driver/Src/stm32f7xx_hal_cortex.o
LOAD ./Drivers/STM32F7xx_HAL_Driver/Src/stm32f7xx_hal_dma.o
LOAD ./Drivers/STM32F7xx_HAL_Driver/Src/stm32f7xx_hal_dma_ex.o
LOAD ./Drivers/STM32F7xx_HAL_Driver/Src/stm32f7xx_hal_eth.o
LOAD ./Drivers/STM32F7xx_HAL_Driver/Src/stm32f7xx_hal_exti.o
LOAD ./Drivers/STM32F7xx_HAL_Driver/Src/stm32f7xx_hal_flash.o
LOAD ./Drivers/STM32F7xx_HAL_Driver/Src/stm32f7xx_hal_flash_ex.o
LOAD ./Drivers/STM32F7xx_HAL_Driver/Src/stm32f7xx_hal_gpio.o
LOAD ./Drivers/STM32F7xx_HAL_Driver/Src/stm32f7xx_hal_i2c.o
LOAD ./Drivers/STM32F7xx_HAL_Driver/Src/stm32f7xx_hal_i2c_ex.o
LOAD ./Drivers/STM32F7xx_HAL_Driver/Src/stm32f7xx_hal_pcd.o
LOAD ./Drivers/STM32F7xx_HAL_Driver/Src/stm32f7xx_hal_pcd_ex.o
LOAD ./Drivers/STM32F7xx_HAL_Driver/Src/stm32f7xx_hal_pwr.o
LOAD ./Drivers/STM32F7xx_HAL_Driver/Src/stm32f7xx_hal_pwr_ex.o
LOAD ./Drivers/STM32F7xx_HAL_Driver/Src/stm32f7xx_hal_rcc.o
LOAD ./Drivers/STM32F7xx_HAL_Driver/Src/stm32f7xx_hal_rcc_ex.o
LOAD ./Drivers/STM32F7xx_HAL_Driver/Src/stm32f7xx_hal_tim.o
LOAD ./Drivers/STM32F7xx_HAL_Driver/Src/stm32f7xx_hal_tim_ex.o
LOAD ./Drivers/STM32F7xx_HAL_Driver/Src/stm32f7xx_hal_uart.o
LOAD ./Drivers/STM32F7xx_HAL_Driver/Src/stm32f7xx_hal_uart_ex.o
LOAD ./Drivers/STM32F7xx_HAL_Driver/Src/stm32f7xx_ll_usb.o
START GROUP
LOAD d:/programdata/stm32cubeide_1.10.1/stm32cubeide/plugins/com.st.stm32cube.ide.mcu.externaltools.gnu-tools-for-stm32.10.3-2021.10.win32_1.0.0.202111181127/tools/bin/../lib/gcc/arm-none-eabi/10.3.1/../../../../arm-none-eabi/lib/thumb/v7e-m+dp/hard\libc_nano.a
LOAD d:/programdata/stm32cubeide_1.10.1/stm32cubeide/plugins/com.st.stm32cube.ide.mcu.externaltools.gnu-tools-for-stm32.10.3-2021.10.win32_1.0.0.202111181127/tools/bin/../lib/gcc/arm-none-eabi/10.3.1/../../../../arm-none-eabi/lib/thumb/v7e-m+dp/hard\libm.a
END GROUP
START GROUP
LOAD d:/programdata/stm32cubeide_1.10.1/stm32cubeide/plugins/com.st.stm32cube.ide.mcu.externaltools.gnu-tools-for-stm32.10.3-2021.10.win32_1.0.0.202111181127/tools/bin/../lib/gcc/arm-none-eabi/10.3.1/thumb/v7e-m+dp/hard\libgcc.a
LOAD d:/programdata/stm32cubeide_1.10.1/stm32cubeide/plugins/com.st.stm32cube.ide.mcu.externaltools.gnu-tools-for-stm32.10.3-2021.10.win32_1.0.0.202111181127/tools/bin/../lib/gcc/arm-none-eabi/10.3.1/../../../../arm-none-eabi/lib/thumb/v7e-m+dp/hard\libc_nano.a
END GROUP
START GROUP
LOAD d:/programdata/stm32cubeide_1.10.1/stm32cubeide/plugins/com.st.stm32cube.ide.mcu.externaltools.gnu-tools-for-stm32.10.3-2021.10.win32_1.0.0.202111181127/tools/bin/../lib/gcc/arm-none-eabi/10.3.1/thumb/v7e-m+dp/hard\libgcc.a
LOAD d:/programdata/stm32cubeide_1.10.1/stm32cubeide/plugins/com.st.stm32cube.ide.mcu.externaltools.gnu-tools-for-stm32.10.3-2021.10.win32_1.0.0.202111181127/tools/bin/../lib/gcc/arm-none-eabi/10.3.1/../../../../arm-none-eabi/lib/thumb/v7e-m+dp/hard\libc_nano.a
LOAD d:/programdata/stm32cubeide_1.10.1/stm32cubeide/plugins/com.st.stm32cube.ide.mcu.externaltools.gnu-tools-for-stm32.10.3-2021.10.win32_1.0.0.202111181127/tools/bin/../lib/gcc/arm-none-eabi/10.3.1/../../../../arm-none-eabi/lib/thumb/v7e-m+dp/hard\libnosys.a
END GROUP
START GROUP
LOAD d:/programdata/stm32cubeide_1.10.1/stm32cubeide/plugins/com.st.stm32cube.ide.mcu.externaltools.gnu-tools-for-stm32.10.3-2021.10.win32_1.0.0.202111181127/tools/bin/../lib/gcc/arm-none-eabi/10.3.1/thumb/v7e-m+dp/hard\libgcc.a
LOAD d:/programdata/stm32cubeide_1.10.1/stm32cubeide/plugins/com.st.stm32cube.ide.mcu.externaltools.gnu-tools-for-stm32.10.3-2021.10.win32_1.0.0.202111181127/tools/bin/../lib/gcc/arm-none-eabi/10.3.1/../../../../arm-none-eabi/lib/thumb/v7e-m+dp/hard\libc_nano.a
LOAD d:/programdata/stm32cubeide_1.10.1/stm32cubeide/plugins/com.st.stm32cube.ide.mcu.externaltools.gnu-tools-for-stm32.10.3-2021.10.win32_1.0.0.202111181127/tools/bin/../lib/gcc/arm-none-eabi/10.3.1/../../../../arm-none-eabi/lib/thumb/v7e-m+dp/hard\libnosys.a
END GROUP
LOAD d:/programdata/stm32cubeide_1.10.1/stm32cubeide/plugins/com.st.stm32cube.ide.mcu.externaltools.gnu-tools-for-stm32.10.3-2021.10.win32_1.0.0.202111181127/tools/bin/../lib/gcc/arm-none-eabi/10.3.1/thumb/v7e-m+dp/hard/crtend.o
LOAD d:/programdata/stm32cubeide_1.10.1/stm32cubeide/plugins/com.st.stm32cube.ide.mcu.externaltools.gnu-tools-for-stm32.10.3-2021.10.win32_1.0.0.202111181127/tools/bin/../lib/gcc/arm-none-eabi/10.3.1/thumb/v7e-m+dp/hard/crtn.o
                0x0000000020080000                _estack = (ORIGIN (RAM) + LENGTH (RAM))
                0x0000000000000200                _Min_Heap_Size = 0x200
                0x0000000000000400                _Min_Stack_Size = 0x400

.isr_vector     0x0000000008000000      0x1f8
                0x0000000008000000                . = ALIGN (0x4)
 *(.isr_vector)
 .isr_vector    0x0000000008000000      0x1f8 ./Core/Startup/startup_stm32f767zitx.o
                0x0000000008000000                g_pfnVectors
                0x00000000080001f8                . = ALIGN (0x4)

.text           0x00000000080001f8     0x5430
                0x00000000080001f8                . = ALIGN (0x4)
 *(.text)
 .text          0x00000000080001f8       0x40 d:/programdata/stm32cubeide_1.10.1/stm32cubeide/plugins/com.st.stm32cube.ide.mcu.externaltools.gnu-tools-for-stm32.10.3-2021.10.win32_1.0.0.202111181127/tools/bin/../lib/gcc/arm-none-eabi/10.3.1/thumb/v7e-m+dp/hard/crtbegin.o
 .text          0x0000000008000238       0x10 d:/programdata/stm32cubeide_1.10.1/stm32cubeide/plugins/com.st.stm32cube.ide.mcu.externaltools.gnu-tools-for-stm32.10.3-2021.10.win32_1.0.0.202111181127/tools/bin/../lib/gcc/arm-none-eabi/10.3.1/../../../../arm-none-eabi/lib/thumb/v7e-m+dp/hard\libc_nano.a(lib_a-strlen.o)
                0x0000000008000238                strlen
 .text          0x0000000008000248       0x30 d:/programdata/stm32cubeide_1.10.1/stm32cubeide/plugins/com.st.stm32cube.ide.mcu.externaltools.gnu-tools-for-stm32.10.3-2021.10.win32_1.0.0.202111181127/tools/bin/../lib/gcc/arm-none-eabi/10.3.1/thumb/v7e-m+dp/hard\libgcc.a(_aeabi_uldivmod.o)
                0x0000000008000248                __aeabi_uldivmod
 .text          0x0000000008000278      0x2d0 d:/programdata/stm32cubeide_1.10.1/stm32cubeide/plugins/com.st.stm32cube.ide.mcu.externaltools.gnu-tools-for-stm32.10.3-2021.10.win32_1.0.0.202111181127/tools/bin/../lib/gcc/arm-none-eabi/10.3.1/thumb/v7e-m+dp/hard\libgcc.a(_udivmoddi4.o)
                0x0000000008000278                __udivmoddi4
 .text          0x0000000008000548        0x4 d:/programdata/stm32cubeide_1.10.1/stm32cubeide/plugins/com.st.stm32cube.ide.mcu.externaltools.gnu-tools-for-stm32.10.3-2021.10.win32_1.0.0.202111181127/tools/bin/../lib/gcc/arm-none-eabi/10.3.1/thumb/v7e-m+dp/hard\libgcc.a(_dvmd_tls.o)
                0x0000000008000548                __aeabi_idiv0
                0x0000000008000548                __aeabi_ldiv0
 *(.text*)
 *fill*         0x000000000800054c        0x4 
 .text.main     0x0000000008000550      0x2bc ./Core/Src/main.o
                0x0000000008000550                main
 .text.SystemClock_Config
                0x000000000800080c       0xe0 ./Core/Src/main.o
                0x000000000800080c                SystemClock_Config
 .text.MX_ETH_Init
                0x00000000080008ec       0x9c ./Core/Src/main.o
 .text.MX_TIM2_Init
                0x0000000008000988      0x11c ./Core/Src/main.o
 .text.MX_USART3_UART_Init
                0x0000000008000aa4       0x60 ./Core/Src/main.o
 .text.MX_USB_OTG_FS_PCD_Init
                0x0000000008000b04       0x5c ./Core/Src/main.o
 .text.MX_GPIO_Init
                0x0000000008000b60      0x144 ./Core/Src/main.o
 .text.Error_Handler
                0x0000000008000ca4        0xa ./Core/Src/main.o
                0x0000000008000ca4                Error_Handler
 *fill*         0x0000000008000cae        0x2 
 .text.HAL_MspInit
                0x0000000008000cb0       0x48 ./Core/Src/stm32f7xx_hal_msp.o
                0x0000000008000cb0                HAL_MspInit
 .text.HAL_ETH_MspInit
                0x0000000008000cf8      0x170 ./Core/Src/stm32f7xx_hal_msp.o
                0x0000000008000cf8                HAL_ETH_MspInit
 .text.HAL_TIM_Base_MspInit
                0x0000000008000e68       0x3c ./Core/Src/stm32f7xx_hal_msp.o
                0x0000000008000e68                HAL_TIM_Base_MspInit
 .text.HAL_TIM_MspPostInit
                0x0000000008000ea4       0xa8 ./Core/Src/stm32f7xx_hal_msp.o
                0x0000000008000ea4                HAL_TIM_MspPostInit
 .text.HAL_UART_MspInit
                0x0000000008000f4c       0xc0 ./Core/Src/stm32f7xx_hal_msp.o
                0x0000000008000f4c                HAL_UART_MspInit
 .text.HAL_PCD_MspInit
                0x000000000800100c       0xf4 ./Core/Src/stm32f7xx_hal_msp.o
                0x000000000800100c                HAL_PCD_MspInit
 .text.NMI_Handler
                0x0000000008001100        0x6 ./Core/Src/stm32f7xx_it.o
                0x0000000008001100                NMI_Handler
 .text.HardFault_Handler
                0x0000000008001106        0x6 ./Core/Src/stm32f7xx_it.o
                0x0000000008001106                HardFault_Handler
 .text.MemManage_Handler
                0x000000000800110c        0x6 ./Core/Src/stm32f7xx_it.o
                0x000000000800110c                MemManage_Handler
 .text.BusFault_Handler
                0x0000000008001112        0x6 ./Core/Src/stm32f7xx_it.o
                0x0000000008001112                BusFault_Handler
 .text.UsageFault_Handler
                0x0000000008001118        0x6 ./Core/Src/stm32f7xx_it.o
                0x0000000008001118                UsageFault_Handler
 .text.SVC_Handler
                0x000000000800111e        0xe ./Core/Src/stm32f7xx_it.o
                0x000000000800111e                SVC_Handler
 .text.DebugMon_Handler
                0x000000000800112c        0xe ./Core/Src/stm32f7xx_it.o
                0x000000000800112c                DebugMon_Handler
 .text.PendSV_Handler
                0x000000000800113a        0xe ./Core/Src/stm32f7xx_it.o
                0x000000000800113a                PendSV_Handler
 .text.SysTick_Handler
                0x0000000008001148        0xc ./Core/Src/stm32f7xx_it.o
                0x0000000008001148                SysTick_Handler
 .text.SystemInit
                0x0000000008001154       0x24 ./Core/Src/system_stm32f7xx.o
                0x0000000008001154                SystemInit
 .text.Reset_Handler
                0x0000000008001178       0x50 ./Core/Startup/startup_stm32f767zitx.o
                0x0000000008001178                Reset_Handler
 .text.Default_Handler
                0x00000000080011c8        0x2 ./Core/Startup/startup_stm32f767zitx.o
                0x00000000080011c8                RTC_Alarm_IRQHandler
                0x00000000080011c8                EXTI2_IRQHandler
                0x00000000080011c8                TIM8_CC_IRQHandler
                0x00000000080011c8                UART8_IRQHandler
                0x00000000080011c8                SPI4_IRQHandler
                0x00000000080011c8                TIM1_CC_IRQHandler
                0x00000000080011c8                DMA2_Stream5_IRQHandler
                0x00000000080011c8                JPEG_IRQHandler
                0x00000000080011c8                DMA1_Stream5_IRQHandler
                0x00000000080011c8                CAN3_RX1_IRQHandler
                0x00000000080011c8                PVD_IRQHandler
                0x00000000080011c8                TAMP_STAMP_IRQHandler
                0x00000000080011c8                CAN2_RX1_IRQHandler
                0x00000000080011c8                EXTI3_IRQHandler
                0x00000000080011c8                TIM8_TRG_COM_TIM14_IRQHandler
                0x00000000080011c8                DFSDM1_FLT1_IRQHandler
                0x00000000080011c8                TIM1_UP_TIM10_IRQHandler
                0x00000000080011c8                TIM8_UP_TIM13_IRQHandler
                0x00000000080011c8                I2C3_ER_IRQHandler
                0x00000000080011c8                DFSDM1_FLT2_IRQHandler
                0x00000000080011c8                EXTI0_IRQHandler
                0x00000000080011c8                I2C2_EV_IRQHandler
                0x00000000080011c8                DMA1_Stream2_IRQHandler
                0x00000000080011c8                CAN1_RX0_IRQHandler
                0x00000000080011c8                FPU_IRQHandler
                0x00000000080011c8                OTG_HS_WKUP_IRQHandler
                0x00000000080011c8                CAN3_SCE_IRQHandler
                0x00000000080011c8                LTDC_ER_IRQHandler
                0x00000000080011c8                CAN2_SCE_IRQHandler
                0x00000000080011c8                DMA2_Stream2_IRQHandler
                0x00000000080011c8                SPI1_IRQHandler
                0x00000000080011c8                TIM6_DAC_IRQHandler
                0x00000000080011c8                TIM1_BRK_TIM9_IRQHandler
                0x00000000080011c8                DCMI_IRQHandler
                0x00000000080011c8                CAN2_RX0_IRQHandler
                0x00000000080011c8                DMA2_Stream3_IRQHandler
                0x00000000080011c8                SAI2_IRQHandler
                0x00000000080011c8                DFSDM1_FLT3_IRQHandler
                0x00000000080011c8                USART6_IRQHandler
                0x00000000080011c8                CAN3_RX0_IRQHandler
                0x00000000080011c8                USART3_IRQHandler
                0x00000000080011c8                CAN1_RX1_IRQHandler
                0x00000000080011c8                UART5_IRQHandler
                0x00000000080011c8                DMA2_Stream0_IRQHandler
                0x00000000080011c8                TIM4_IRQHandler
                0x00000000080011c8                QUADSPI_IRQHandler
                0x00000000080011c8                I2C1_EV_IRQHandler
                0x00000000080011c8                DMA1_Stream6_IRQHandler
                0x00000000080011c8                DMA1_Stream1_IRQHandler
                0x00000000080011c8                UART4_IRQHandler
                0x00000000080011c8                TIM3_IRQHandler
                0x00000000080011c8                RCC_IRQHandler
                0x00000000080011c8                TIM8_BRK_TIM12_IRQHandler
                0x00000000080011c8                Default_Handler
                0x00000000080011c8                CEC_IRQHandler
                0x00000000080011c8                EXTI15_10_IRQHandler
                0x00000000080011c8                ADC_IRQHandler
                0x00000000080011c8                DMA1_Stream7_IRQHandler
                0x00000000080011c8                SPI5_IRQHandler
                0x00000000080011c8                TIM7_IRQHandler
                0x00000000080011c8                SDMMC1_IRQHandler
                0x00000000080011c8                CAN2_TX_IRQHandler
                0x00000000080011c8                TIM5_IRQHandler
                0x00000000080011c8                DMA2_Stream7_IRQHandler
                0x00000000080011c8                I2C3_EV_IRQHandler
                0x00000000080011c8                EXTI9_5_IRQHandler
                0x00000000080011c8                RTC_WKUP_IRQHandler
                0x00000000080011c8                LTDC_IRQHandler
                0x00000000080011c8                ETH_WKUP_IRQHandler
                0x00000000080011c8                SPDIF_RX_IRQHandler
                0x00000000080011c8                SPI2_IRQHandler
                0x00000000080011c8                OTG_HS_EP1_IN_IRQHandler
                0x00000000080011c8                DMA1_Stream0_IRQHandler
                0x00000000080011c8                CAN1_TX_IRQHandler
                0x00000000080011c8                EXTI4_IRQHandler
                0x00000000080011c8                RNG_IRQHandler
                0x00000000080011c8                ETH_IRQHandler
                0x00000000080011c8                OTG_HS_EP1_OUT_IRQHandler
                0x00000000080011c8                WWDG_IRQHandler
                0x00000000080011c8                SPI6_IRQHandler
                0x00000000080011c8                MDIOS_IRQHandler
                0x00000000080011c8                I2C4_EV_IRQHandler
                0x00000000080011c8                CAN3_TX_IRQHandler
                0x00000000080011c8                TIM2_IRQHandler
                0x00000000080011c8                OTG_FS_WKUP_IRQHandler
                0x00000000080011c8                TIM1_TRG_COM_TIM11_IRQHandler
                0x00000000080011c8                OTG_HS_IRQHandler
                0x00000000080011c8                DMA2D_IRQHandler
                0x00000000080011c8                EXTI1_IRQHandler
                0x00000000080011c8                SDMMC2_IRQHandler
                0x00000000080011c8                UART7_IRQHandler
                0x00000000080011c8                USART2_IRQHandler
                0x00000000080011c8                DFSDM1_FLT0_IRQHandler
                0x00000000080011c8                I2C2_ER_IRQHandler
                0x00000000080011c8                DMA2_Stream1_IRQHandler
                0x00000000080011c8                CAN1_SCE_IRQHandler
                0x00000000080011c8                FLASH_IRQHandler
                0x00000000080011c8                DMA2_Stream4_IRQHandler
                0x00000000080011c8                USART1_IRQHandler
                0x00000000080011c8                OTG_FS_IRQHandler
                0x00000000080011c8                SPI3_IRQHandler
                0x00000000080011c8                DMA1_Stream4_IRQHandler
                0x00000000080011c8                I2C1_ER_IRQHandler
                0x00000000080011c8                FMC_IRQHandler
                0x00000000080011c8                LPTIM1_IRQHandler
                0x00000000080011c8                I2C4_ER_IRQHandler
                0x00000000080011c8                DMA2_Stream6_IRQHandler
                0x00000000080011c8                SAI1_IRQHandler
                0x00000000080011c8                DMA1_Stream3_IRQHandler
 .text.HAL_Init
                0x00000000080011ca       0x1a ./Drivers/STM32F7xx_HAL_Driver/Src/stm32f7xx_hal.o
                0x00000000080011ca                HAL_Init
 .text.HAL_InitTick
                0x00000000080011e4       0x60 ./Drivers/STM32F7xx_HAL_Driver/Src/stm32f7xx_hal.o
                0x00000000080011e4                HAL_InitTick
 .text.HAL_IncTick
                0x0000000008001244       0x28 ./Drivers/STM32F7xx_HAL_Driver/Src/stm32f7xx_hal.o
                0x0000000008001244                HAL_IncTick
 .text.HAL_GetTick
                0x000000000800126c       0x18 ./Drivers/STM32F7xx_HAL_Driver/Src/stm32f7xx_hal.o
                0x000000000800126c                HAL_GetTick
 .text.HAL_Delay
                0x0000000008001284       0x48 ./Drivers/STM32F7xx_HAL_Driver/Src/stm32f7xx_hal.o
                0x0000000008001284                HAL_Delay
 .text.__NVIC_SetPriorityGrouping
                0x00000000080012cc       0x48 ./Drivers/STM32F7xx_HAL_Driver/Src/stm32f7xx_hal_cortex.o
 .text.__NVIC_GetPriorityGrouping
                0x0000000008001314       0x1c ./Drivers/STM32F7xx_HAL_Driver/Src/stm32f7xx_hal_cortex.o
 .text.__NVIC_SetPriority
                0x0000000008001330       0x54 ./Drivers/STM32F7xx_HAL_Driver/Src/stm32f7xx_hal_cortex.o
 .text.NVIC_EncodePriority
                0x0000000008001384       0x66 ./Drivers/STM32F7xx_HAL_Driver/Src/stm32f7xx_hal_cortex.o
 *fill*         0x00000000080013ea        0x2 
 .text.SysTick_Config
                0x00000000080013ec       0x44 ./Drivers/STM32F7xx_HAL_Driver/Src/stm32f7xx_hal_cortex.o
 .text.HAL_NVIC_SetPriorityGrouping
                0x0000000008001430       0x16 ./Drivers/STM32F7xx_HAL_Driver/Src/stm32f7xx_hal_cortex.o
                0x0000000008001430                HAL_NVIC_SetPriorityGrouping
 .text.HAL_NVIC_SetPriority
                0x0000000008001446       0x38 ./Drivers/STM32F7xx_HAL_Driver/Src/stm32f7xx_hal_cortex.o
                0x0000000008001446                HAL_NVIC_SetPriority
 .text.HAL_SYSTICK_Config
                0x000000000800147e       0x18 ./Drivers/STM32F7xx_HAL_Driver/Src/stm32f7xx_hal_cortex.o
                0x000000000800147e                HAL_SYSTICK_Config
 *fill*         0x0000000008001496        0x2 
 .text.HAL_ETH_Init
                0x0000000008001498       0xf8 ./Drivers/STM32F7xx_HAL_Driver/Src/stm32f7xx_hal_eth.o
                0x0000000008001498                HAL_ETH_Init
 .text.ETH_SetMACConfig
                0x0000000008001590      0x160 ./Drivers/STM32F7xx_HAL_Driver/Src/stm32f7xx_hal_eth.o
 .text.ETH_SetDMAConfig
                0x00000000080016f0      0x114 ./Drivers/STM32F7xx_HAL_Driver/Src/stm32f7xx_hal_eth.o
 .text.ETH_MACDMAConfig
                0x0000000008001804       0xe4 ./Drivers/STM32F7xx_HAL_Driver/Src/stm32f7xx_hal_eth.o
 .text.ETH_MACAddressConfig
                0x00000000080018e8       0x70 ./Drivers/STM32F7xx_HAL_Driver/Src/stm32f7xx_hal_eth.o
 .text.ETH_DMATxDescListInit
                0x0000000008001958       0xb2 ./Drivers/STM32F7xx_HAL_Driver/Src/stm32f7xx_hal_eth.o
 .text.ETH_DMARxDescListInit
                0x0000000008001a0a       0xda ./Drivers/STM32F7xx_HAL_Driver/Src/stm32f7xx_hal_eth.o
 .text.HAL_GPIO_Init
                0x0000000008001ae4      0x358 ./Drivers/STM32F7xx_HAL_Driver/Src/stm32f7xx_hal_gpio.o
                0x0000000008001ae4                HAL_GPIO_Init
 .text.HAL_GPIO_WritePin
                0x0000000008001e3c       0x32 ./Drivers/STM32F7xx_HAL_Driver/Src/stm32f7xx_hal_gpio.o
                0x0000000008001e3c                HAL_GPIO_WritePin
 .text.HAL_PCD_Init
                0x0000000008001e6e      0x248 ./Drivers/STM32F7xx_HAL_Driver/Src/stm32f7xx_hal_pcd.o
                0x0000000008001e6e                HAL_PCD_Init
 *fill*         0x00000000080020b6        0x2 
 .text.HAL_PCDEx_ActivateLPM
                0x00000000080020b8       0x48 ./Drivers/STM32F7xx_HAL_Driver/Src/stm32f7xx_hal_pcd_ex.o
                0x00000000080020b8                HAL_PCDEx_ActivateLPM
 .text.HAL_PWR_EnableBkUpAccess
                0x0000000008002100       0x20 ./Drivers/STM32F7xx_HAL_Driver/Src/stm32f7xx_hal_pwr.o
                0x0000000008002100                HAL_PWR_EnableBkUpAccess
 .text.HAL_PWREx_EnableOverDrive
                0x0000000008002120       0xa0 ./Drivers/STM32F7xx_HAL_Driver/Src/stm32f7xx_hal_pwr_ex.o
                0x0000000008002120                HAL_PWREx_EnableOverDrive
 .text.HAL_RCC_OscConfig
                0x00000000080021c0      0x55c ./Drivers/STM32F7xx_HAL_Driver/Src/stm32f7xx_hal_rcc.o
                0x00000000080021c0                HAL_RCC_OscConfig
 .text.HAL_RCC_ClockConfig
                0x000000000800271c      0x1d8 ./Drivers/STM32F7xx_HAL_Driver/Src/stm32f7xx_hal_rcc.o
                0x000000000800271c                HAL_RCC_ClockConfig
 .text.HAL_RCC_GetSysClockFreq
                0x00000000080028f4      0x20c ./Drivers/STM32F7xx_HAL_Driver/Src/stm32f7xx_hal_rcc.o
                0x00000000080028f4                HAL_RCC_GetSysClockFreq
 .text.HAL_RCC_GetHCLKFreq
                0x0000000008002b00       0x18 ./Drivers/STM32F7xx_HAL_Driver/Src/stm32f7xx_hal_rcc.o
                0x0000000008002b00                HAL_RCC_GetHCLKFreq
 .text.HAL_RCC_GetPCLK1Freq
                0x0000000008002b18       0x28 ./Drivers/STM32F7xx_HAL_Driver/Src/stm32f7xx_hal_rcc.o
                0x0000000008002b18                HAL_RCC_GetPCLK1Freq
 .text.HAL_RCC_GetPCLK2Freq
                0x0000000008002b40       0x28 ./Drivers/STM32F7xx_HAL_Driver/Src/stm32f7xx_hal_rcc.o
                0x0000000008002b40                HAL_RCC_GetPCLK2Freq
 .text.HAL_RCCEx_PeriphCLKConfig
                0x0000000008002b68      0x850 ./Drivers/STM32F7xx_HAL_Driver/Src/stm32f7xx_hal_rcc_ex.o
                0x0000000008002b68                HAL_RCCEx_PeriphCLKConfig
 .text.HAL_TIM_Base_Init
                0x00000000080033b8       0xae ./Drivers/STM32F7xx_HAL_Driver/Src/stm32f7xx_hal_tim.o
                0x00000000080033b8                HAL_TIM_Base_Init
 .text.HAL_TIM_PWM_Init
                0x0000000008003466       0xae ./Drivers/STM32F7xx_HAL_Driver/Src/stm32f7xx_hal_tim.o
                0x0000000008003466                HAL_TIM_PWM_Init
 .text.HAL_TIM_PWM_MspInit
                0x0000000008003514       0x14 ./Drivers/STM32F7xx_HAL_Driver/Src/stm32f7xx_hal_tim.o
                0x0000000008003514                HAL_TIM_PWM_MspInit
 .text.HAL_TIM_PWM_Start
                0x0000000008003528      0x1f4 ./Drivers/STM32F7xx_HAL_Driver/Src/stm32f7xx_hal_tim.o
                0x0000000008003528                HAL_TIM_PWM_Start
 .text.HAL_TIM_PWM_Stop
                0x000000000800371c      0x100 ./Drivers/STM32F7xx_HAL_Driver/Src/stm32f7xx_hal_tim.o
                0x000000000800371c                HAL_TIM_PWM_Stop
 .text.HAL_TIM_PWM_ConfigChannel
                0x000000000800381c      0x228 ./Drivers/STM32F7xx_HAL_Driver/Src/stm32f7xx_hal_tim.o
                0x000000000800381c                HAL_TIM_PWM_ConfigChannel
 .text.HAL_TIM_ConfigClockSource
                0x0000000008003a44      0x194 ./Drivers/STM32F7xx_HAL_Driver/Src/stm32f7xx_hal_tim.o
                0x0000000008003a44                HAL_TIM_ConfigClockSource
 .text.TIM_Base_SetConfig
                0x0000000008003bd8      0x140 ./Drivers/STM32F7xx_HAL_Driver/Src/stm32f7xx_hal_tim.o
                0x0000000008003bd8                TIM_Base_SetConfig
 .text.TIM_OC1_SetConfig
                0x0000000008003d18       0xe4 ./Drivers/STM32F7xx_HAL_Driver/Src/stm32f7xx_hal_tim.o
 .text.TIM_OC2_SetConfig
                0x0000000008003dfc       0xf0 ./Drivers/STM32F7xx_HAL_Driver/Src/stm32f7xx_hal_tim.o
                0x0000000008003dfc                TIM_OC2_SetConfig
 .text.TIM_OC3_SetConfig
                0x0000000008003eec       0xec ./Drivers/STM32F7xx_HAL_Driver/Src/stm32f7xx_hal_tim.o
 .text.TIM_OC4_SetConfig
                0x0000000008003fd8       0xb0 ./Drivers/STM32F7xx_HAL_Driver/Src/stm32f7xx_hal_tim.o
 .text.TIM_OC5_SetConfig
                0x0000000008004088       0xa4 ./Drivers/STM32F7xx_HAL_Driver/Src/stm32f7xx_hal_tim.o
 .text.TIM_OC6_SetConfig
                0x000000000800412c       0xa8 ./Drivers/STM32F7xx_HAL_Driver/Src/stm32f7xx_hal_tim.o
 .text.TIM_TI1_ConfigInputStage
                0x00000000080041d4       0x5e ./Drivers/STM32F7xx_HAL_Driver/Src/stm32f7xx_hal_tim.o
 .text.TIM_TI2_ConfigInputStage
                0x0000000008004232       0x60 ./Drivers/STM32F7xx_HAL_Driver/Src/stm32f7xx_hal_tim.o
 .text.TIM_ITRx_SetConfig
                0x0000000008004292       0x36 ./Drivers/STM32F7xx_HAL_Driver/Src/stm32f7xx_hal_tim.o
 .text.TIM_ETR_SetConfig
                0x00000000080042c8       0x40 ./Drivers/STM32F7xx_HAL_Driver/Src/stm32f7xx_hal_tim.o
                0x00000000080042c8                TIM_ETR_SetConfig
 .text.TIM_CCxChannelCmd
                0x0000000008004308       0x4a ./Drivers/STM32F7xx_HAL_Driver/Src/stm32f7xx_hal_tim.o
                0x0000000008004308                TIM_CCxChannelCmd
 *fill*         0x0000000008004352        0x2 
 .text.HAL_TIMEx_MasterConfigSynchronization
                0x0000000008004354      0x11c ./Drivers/STM32F7xx_HAL_Driver/Src/stm32f7xx_hal_tim_ex.o
                0x0000000008004354                HAL_TIMEx_MasterConfigSynchronization
 .text.HAL_UART_Init
                0x0000000008004470       0x9c ./Drivers/STM32F7xx_HAL_Driver/Src/stm32f7xx_hal_uart.o
                0x0000000008004470                HAL_UART_Init
 .text.HAL_UART_Transmit
                0x000000000800450c      0x106 ./Drivers/STM32F7xx_HAL_Driver/Src/stm32f7xx_hal_uart.o
                0x000000000800450c                HAL_UART_Transmit
 .text.HAL_UART_Receive
                0x0000000008004612      0x188 ./Drivers/STM32F7xx_HAL_Driver/Src/stm32f7xx_hal_uart.o
                0x0000000008004612                HAL_UART_Receive
 *fill*         0x000000000800479a        0x2 
 .text.UART_SetConfig
                0x000000000800479c      0x4c8 ./Drivers/STM32F7xx_HAL_Driver/Src/stm32f7xx_hal_uart.o
                0x000000000800479c                UART_SetConfig
 .text.UART_AdvFeatureConfig
                0x0000000008004c64      0x144 ./Drivers/STM32F7xx_HAL_Driver/Src/stm32f7xx_hal_uart.o
                0x0000000008004c64                UART_AdvFeatureConfig
 .text.UART_CheckIdleState
                0x0000000008004da8       0x9a ./Drivers/STM32F7xx_HAL_Driver/Src/stm32f7xx_hal_uart.o
                0x0000000008004da8                UART_CheckIdleState
 .text.UART_WaitOnFlagUntilTimeout
                0x0000000008004e42      0x18c ./Drivers/STM32F7xx_HAL_Driver/Src/stm32f7xx_hal_uart.o
                0x0000000008004e42                UART_WaitOnFlagUntilTimeout
 *fill*         0x0000000008004fce        0x2 
 .text.USB_CoreInit
                0x0000000008004fd0       0xb0 ./Drivers/STM32F7xx_HAL_Driver/Src/stm32f7xx_ll_usb.o
                0x0000000008004fd0                USB_CoreInit
 .text.USB_DisableGlobalInt
                0x0000000008005080       0x22 ./Drivers/STM32F7xx_HAL_Driver/Src/stm32f7xx_ll_usb.o
                0x0000000008005080                USB_DisableGlobalInt
 .text.USB_SetCurrentMode
                0x00000000080050a2       0x98 ./Drivers/STM32F7xx_HAL_Driver/Src/stm32f7xx_ll_usb.o
                0x00000000080050a2                USB_SetCurrentMode
 *fill*         0x000000000800513a        0x2 
 .text.USB_DevInit
                0x000000000800513c      0x2bc ./Drivers/STM32F7xx_HAL_Driver/Src/stm32f7xx_ll_usb.o
                0x000000000800513c                USB_DevInit
 .text.USB_FlushTxFifo
                0x00000000080053f8       0x68 ./Drivers/STM32F7xx_HAL_Driver/Src/stm32f7xx_ll_usb.o
                0x00000000080053f8                USB_FlushTxFifo
 .text.USB_FlushRxFifo
                0x0000000008005460       0x60 ./Drivers/STM32F7xx_HAL_Driver/Src/stm32f7xx_ll_usb.o
                0x0000000008005460                USB_FlushRxFifo
 .text.USB_SetDevSpeed
                0x00000000080054c0       0x32 ./Drivers/STM32F7xx_HAL_Driver/Src/stm32f7xx_ll_usb.o
                0x00000000080054c0                USB_SetDevSpeed
 .text.USB_DevDisconnect
                0x00000000080054f2       0x42 ./Drivers/STM32F7xx_HAL_Driver/Src/stm32f7xx_ll_usb.o
                0x00000000080054f2                USB_DevDisconnect
 .text.USB_GetMode
                0x0000000008005534       0x1c ./Drivers/STM32F7xx_HAL_Driver/Src/stm32f7xx_ll_usb.o
                0x0000000008005534                USB_GetMode
 .text.USB_CoreReset
                0x0000000008005550       0x68 ./Drivers/STM32F7xx_HAL_Driver/Src/stm32f7xx_ll_usb.o
 .text.__libc_init_array
                0x00000000080055b8       0x48 d:/programdata/stm32cubeide_1.10.1/stm32cubeide/plugins/com.st.stm32cube.ide.mcu.externaltools.gnu-tools-for-stm32.10.3-2021.10.win32_1.0.0.202111181127/tools/bin/../lib/gcc/arm-none-eabi/10.3.1/../../../../arm-none-eabi/lib/thumb/v7e-m+dp/hard\libc_nano.a(lib_a-init.o)
                0x00000000080055b8                __libc_init_array
 .text.memset   0x0000000008005600       0x10 d:/programdata/stm32cubeide_1.10.1/stm32cubeide/plugins/com.st.stm32cube.ide.mcu.externaltools.gnu-tools-for-stm32.10.3-2021.10.win32_1.0.0.202111181127/tools/bin/../lib/gcc/arm-none-eabi/10.3.1/../../../../arm-none-eabi/lib/thumb/v7e-m+dp/hard\libc_nano.a(lib_a-memset.o)
                0x0000000008005600                memset
 *(.glue_7)
 .glue_7        0x0000000008005610        0x0 linker stubs
 *(.glue_7t)
 .glue_7t       0x0000000008005610        0x0 linker stubs
 *(.eh_frame)
 .eh_frame      0x0000000008005610        0x0 d:/programdata/stm32cubeide_1.10.1/stm32cubeide/plugins/com.st.stm32cube.ide.mcu.externaltools.gnu-tools-for-stm32.10.3-2021.10.win32_1.0.0.202111181127/tools/bin/../lib/gcc/arm-none-eabi/10.3.1/thumb/v7e-m+dp/hard/crtbegin.o
 *(.init)
 .init          0x0000000008005610        0x4 d:/programdata/stm32cubeide_1.10.1/stm32cubeide/plugins/com.st.stm32cube.ide.mcu.externaltools.gnu-tools-for-stm32.10.3-2021.10.win32_1.0.0.202111181127/tools/bin/../lib/gcc/arm-none-eabi/10.3.1/thumb/v7e-m+dp/hard/crti.o
                0x0000000008005610                _init
 .init          0x0000000008005614        0x8 d:/programdata/stm32cubeide_1.10.1/stm32cubeide/plugins/com.st.stm32cube.ide.mcu.externaltools.gnu-tools-for-stm32.10.3-2021.10.win32_1.0.0.202111181127/tools/bin/../lib/gcc/arm-none-eabi/10.3.1/thumb/v7e-m+dp/hard/crtn.o
 *(.fini)
 .fini          0x000000000800561c        0x4 d:/programdata/stm32cubeide_1.10.1/stm32cubeide/plugins/com.st.stm32cube.ide.mcu.externaltools.gnu-tools-for-stm32.10.3-2021.10.win32_1.0.0.202111181127/tools/bin/../lib/gcc/arm-none-eabi/10.3.1/thumb/v7e-m+dp/hard/crti.o
                0x000000000800561c                _fini
 .fini          0x0000000008005620        0x8 d:/programdata/stm32cubeide_1.10.1/stm32cubeide/plugins/com.st.stm32cube.ide.mcu.externaltools.gnu-tools-for-stm32.10.3-2021.10.win32_1.0.0.202111181127/tools/bin/../lib/gcc/arm-none-eabi/10.3.1/thumb/v7e-m+dp/hard/crtn.o
                0x0000000008005628                . = ALIGN (0x4)
                0x0000000008005628                _etext = .

.vfp11_veneer   0x0000000008005628        0x0
 .vfp11_veneer  0x0000000008005628        0x0 linker stubs

.v4_bx          0x0000000008005628        0x0
 .v4_bx         0x0000000008005628        0x0 linker stubs

.iplt           0x0000000008005628        0x0
 .iplt          0x0000000008005628        0x0 d:/programdata/stm32cubeide_1.10.1/stm32cubeide/plugins/com.st.stm32cube.ide.mcu.externaltools.gnu-tools-for-stm32.10.3-2021.10.win32_1.0.0.202111181127/tools/bin/../lib/gcc/arm-none-eabi/10.3.1/thumb/v7e-m+dp/hard/crtbegin.o

.rodata         0x0000000008005628       0x2c
                0x0000000008005628                . = ALIGN (0x4)
 *(.rodata)
 .rodata        0x0000000008005628       0x12 ./Core/Src/main.o
 *(.rodata*)
 *fill*         0x000000000800563a        0x2 
 .rodata.AHBPrescTable
                0x000000000800563c       0x10 ./Core/Src/system_stm32f7xx.o
                0x000000000800563c                AHBPrescTable
 .rodata.APBPrescTable
                0x000000000800564c        0x8 ./Core/Src/system_stm32f7xx.o
                0x000000000800564c                APBPrescTable
                0x0000000008005654                . = ALIGN (0x4)

.ARM.extab      0x0000000008005654        0x0
                0x0000000008005654                . = ALIGN (0x4)
 *(.ARM.extab* .gnu.linkonce.armextab.*)
                0x0000000008005654                . = ALIGN (0x4)

.ARM            0x0000000008005654        0x8
                0x0000000008005654                . = ALIGN (0x4)
                0x0000000008005654                __exidx_start = .
 *(.ARM.exidx*)
 .ARM.exidx     0x0000000008005654        0x8 d:/programdata/stm32cubeide_1.10.1/stm32cubeide/plugins/com.st.stm32cube.ide.mcu.externaltools.gnu-tools-for-stm32.10.3-2021.10.win32_1.0.0.202111181127/tools/bin/../lib/gcc/arm-none-eabi/10.3.1/thumb/v7e-m+dp/hard\libgcc.a(_udivmoddi4.o)
                0x000000000800565c                __exidx_end = .
                0x000000000800565c                . = ALIGN (0x4)

.rel.dyn        0x000000000800565c        0x0
 .rel.iplt      0x000000000800565c        0x0 d:/programdata/stm32cubeide_1.10.1/stm32cubeide/plugins/com.st.stm32cube.ide.mcu.externaltools.gnu-tools-for-stm32.10.3-2021.10.win32_1.0.0.202111181127/tools/bin/../lib/gcc/arm-none-eabi/10.3.1/thumb/v7e-m+dp/hard/crtbegin.o

.preinit_array  0x000000000800565c        0x0
                0x000000000800565c                . = ALIGN (0x4)
                0x000000000800565c                PROVIDE (__preinit_array_start = .)
 *(.preinit_array*)
                0x000000000800565c                PROVIDE (__preinit_array_end = .)
                0x000000000800565c                . = ALIGN (0x4)

.init_array     0x000000000800565c        0x4
                0x000000000800565c                . = ALIGN (0x4)
                0x000000000800565c                PROVIDE (__init_array_start = .)
 *(SORT_BY_NAME(.init_array.*))
 *(.init_array*)
 .init_array    0x000000000800565c        0x4 d:/programdata/stm32cubeide_1.10.1/stm32cubeide/plugins/com.st.stm32cube.ide.mcu.externaltools.gnu-tools-for-stm32.10.3-2021.10.win32_1.0.0.202111181127/tools/bin/../lib/gcc/arm-none-eabi/10.3.1/thumb/v7e-m+dp/hard/crtbegin.o
                0x0000000008005660                PROVIDE (__init_array_end = .)
                0x0000000008005660                . = ALIGN (0x4)

.fini_array     0x0000000008005660        0x4
                0x0000000008005660                . = ALIGN (0x4)
                [!provide]                        PROVIDE (__fini_array_start = .)
 *(SORT_BY_NAME(.fini_array.*))
 *(.fini_array*)
 .fini_array    0x0000000008005660        0x4 d:/programdata/stm32cubeide_1.10.1/stm32cubeide/plugins/com.st.stm32cube.ide.mcu.externaltools.gnu-tools-for-stm32.10.3-2021.10.win32_1.0.0.202111181127/tools/bin/../lib/gcc/arm-none-eabi/10.3.1/thumb/v7e-m+dp/hard/crtbegin.o
                [!provide]                        PROVIDE (__fini_array_end = .)
                0x0000000008005664                . = ALIGN (0x4)
                0x0000000008005664                _sidata = LOADADDR (.data)

.data           0x0000000020000000        0xc load address 0x0000000008005664
                0x0000000020000000                . = ALIGN (0x4)
                0x0000000020000000                _sdata = .
 *(.data)
 *(.data*)
 .data.SystemCoreClock
                0x0000000020000000        0x4 ./Core/Src/system_stm32f7xx.o
                0x0000000020000000                SystemCoreClock
 .data.uwTickPrio
                0x0000000020000004        0x4 ./Drivers/STM32F7xx_HAL_Driver/Src/stm32f7xx_hal.o
                0x0000000020000004                uwTickPrio
 .data.uwTickFreq
                0x0000000020000008        0x1 ./Drivers/STM32F7xx_HAL_Driver/Src/stm32f7xx_hal.o
                0x0000000020000008                uwTickFreq
 *(.RamFunc)
 *(.RamFunc*)
                0x000000002000000c                . = ALIGN (0x4)
 *fill*         0x0000000020000009        0x3 
                0x000000002000000c                _edata = .

.igot.plt       0x000000002000000c        0x0 load address 0x0000000008005670
 .igot.plt      0x000000002000000c        0x0 d:/programdata/stm32cubeide_1.10.1/stm32cubeide/plugins/com.st.stm32cube.ide.mcu.externaltools.gnu-tools-for-stm32.10.3-2021.10.win32_1.0.0.202111181127/tools/bin/../lib/gcc/arm-none-eabi/10.3.1/thumb/v7e-m+dp/hard/crtbegin.o

.RxDecripSection
                0x000000002000000c       0xa0 load address 0x0000000008005670
 .RxDecripSection
                0x000000002000000c       0xa0 ./Core/Src/main.o
                0x000000002000000c                DMARxDscrTab

.TxDecripSection
                0x00000000200000ac       0xa0 load address 0x0000000008005710
 .TxDecripSection
                0x00000000200000ac       0xa0 ./Core/Src/main.o
                0x00000000200000ac                DMATxDscrTab
                0x000000002000014c                . = ALIGN (0x4)

.bss            0x000000002000014c      0x6f0 load address 0x00000000080057b0
                0x000000002000014c                _sbss = .
                0x000000002000014c                __bss_start__ = _sbss
 *(.bss)
 .bss           0x000000002000014c       0x1c d:/programdata/stm32cubeide_1.10.1/stm32cubeide/plugins/com.st.stm32cube.ide.mcu.externaltools.gnu-tools-for-stm32.10.3-2021.10.win32_1.0.0.202111181127/tools/bin/../lib/gcc/arm-none-eabi/10.3.1/thumb/v7e-m+dp/hard/crtbegin.o
 *(.bss*)
 .bss.TxConfig  0x0000000020000168       0x38 ./Core/Src/main.o
                0x0000000020000168                TxConfig
 .bss.heth      0x00000000200001a0       0xb0 ./Core/Src/main.o
                0x00000000200001a0                heth
 .bss.htim2     0x0000000020000250       0x4c ./Core/Src/main.o
                0x0000000020000250                htim2
 .bss.huart3    0x000000002000029c       0x88 ./Core/Src/main.o
                0x000000002000029c                huart3
 .bss.hpcd_USB_OTG_FS
                0x0000000020000324      0x508 ./Core/Src/main.o
                0x0000000020000324                hpcd_USB_OTG_FS
 .bss.pwm_r     0x000000002000082c        0x1 ./Core/Src/main.o
                0x000000002000082c                pwm_r
 .bss.pwm_g     0x000000002000082d        0x1 ./Core/Src/main.o
                0x000000002000082d                pwm_g
 .bss.pwm_b     0x000000002000082e        0x1 ./Core/Src/main.o
                0x000000002000082e                pwm_b
 .bss.ch1       0x000000002000082f        0x1 ./Core/Src/main.o
                0x000000002000082f                ch1
 .bss.MACAddr.0
                0x0000000020000830        0x6 ./Core/Src/main.o
 *fill*         0x0000000020000836        0x2 
 .bss.uwTick    0x0000000020000838        0x4 ./Drivers/STM32F7xx_HAL_Driver/Src/stm32f7xx_hal.o
                0x0000000020000838                uwTick
 *(COMMON)
                0x000000002000083c                . = ALIGN (0x4)
                0x000000002000083c                _ebss = .
                0x000000002000083c                __bss_end__ = _ebss

._user_heap_stack
                0x000000002000083c      0x604 load address 0x00000000080057b0
                0x0000000020000840                . = ALIGN (0x8)
 *fill*         0x000000002000083c        0x4 
                [!provide]                        PROVIDE (end = .)
                0x0000000020000840                PROVIDE (_end = .)
                0x0000000020000a40                . = (. + _Min_Heap_Size)
 *fill*         0x0000000020000840      0x200 
                0x0000000020000e40                . = (. + _Min_Stack_Size)
 *fill*         0x0000000020000a40      0x400 
                0x0000000020000e40                . = ALIGN (0x8)

/DISCARD/
 libc.a(*)
 libm.a(*)
 libgcc.a(*)

.ARM.attributes
                0x0000000000000000       0x2e
 *(.ARM.attributes)
 .ARM.attributes
                0x0000000000000000       0x1e d:/programdata/stm32cubeide_1.10.1/stm32cubeide/plugins/com.st.stm32cube.ide.mcu.externaltools.gnu-tools-for-stm32.10.3-2021.10.win32_1.0.0.202111181127/tools/bin/../lib/gcc/arm-none-eabi/10.3.1/thumb/v7e-m+dp/hard/crti.o
 .ARM.attributes
                0x000000000000001e       0x32 d:/programdata/stm32cubeide_1.10.1/stm32cubeide/plugins/com.st.stm32cube.ide.mcu.externaltools.gnu-tools-for-stm32.10.3-2021.10.win32_1.0.0.202111181127/tools/bin/../lib/gcc/arm-none-eabi/10.3.1/thumb/v7e-m+dp/hard/crtbegin.o
 .ARM.attributes
                0x0000000000000050       0x32 ./Core/Src/main.o
 .ARM.attributes
                0x0000000000000082       0x32 ./Core/Src/stm32f7xx_hal_msp.o
 .ARM.attributes
                0x00000000000000b4       0x32 ./Core/Src/stm32f7xx_it.o
 .ARM.attributes
                0x00000000000000e6       0x32 ./Core/Src/system_stm32f7xx.o
 .ARM.attributes
                0x0000000000000118       0x21 ./Core/Startup/startup_stm32f767zitx.o
 .ARM.attributes
                0x0000000000000139       0x32 ./Drivers/STM32F7xx_HAL_Driver/Src/stm32f7xx_hal.o
 .ARM.attributes
                0x000000000000016b       0x32 ./Drivers/STM32F7xx_HAL_Driver/Src/stm32f7xx_hal_cortex.o
 .ARM.attributes
                0x000000000000019d       0x32 ./Drivers/STM32F7xx_HAL_Driver/Src/stm32f7xx_hal_eth.o
 .ARM.attributes
                0x00000000000001cf       0x32 ./Drivers/STM32F7xx_HAL_Driver/Src/stm32f7xx_hal_gpio.o
 .ARM.attributes
                0x0000000000000201       0x32 ./Drivers/STM32F7xx_HAL_Driver/Src/stm32f7xx_hal_pcd.o
 .ARM.attributes
                0x0000000000000233       0x32 ./Drivers/STM32F7xx_HAL_Driver/Src/stm32f7xx_hal_pcd_ex.o
 .ARM.attributes
                0x0000000000000265       0x32 ./Drivers/STM32F7xx_HAL_Driver/Src/stm32f7xx_hal_pwr.o
 .ARM.attributes
                0x0000000000000297       0x32 ./Drivers/STM32F7xx_HAL_Driver/Src/stm32f7xx_hal_pwr_ex.o
 .ARM.attributes
                0x00000000000002c9       0x32 ./Drivers/STM32F7xx_HAL_Driver/Src/stm32f7xx_hal_rcc.o
 .ARM.attributes
                0x00000000000002fb       0x32 ./Drivers/STM32F7xx_HAL_Driver/Src/stm32f7xx_hal_rcc_ex.o
 .ARM.attributes
                0x000000000000032d       0x32 ./Drivers/STM32F7xx_HAL_Driver/Src/stm32f7xx_hal_tim.o
 .ARM.attributes
                0x000000000000035f       0x32 ./Drivers/STM32F7xx_HAL_Driver/Src/stm32f7xx_hal_tim_ex.o
 .ARM.attributes
                0x0000000000000391       0x32 ./Drivers/STM32F7xx_HAL_Driver/Src/stm32f7xx_hal_uart.o
 .ARM.attributes
                0x00000000000003c3       0x32 ./Drivers/STM32F7xx_HAL_Driver/Src/stm32f7xx_ll_usb.o
 .ARM.attributes
                0x00000000000003f5       0x32 d:/programdata/stm32cubeide_1.10.1/stm32cubeide/plugins/com.st.stm32cube.ide.mcu.externaltools.gnu-tools-for-stm32.10.3-2021.10.win32_1.0.0.202111181127/tools/bin/../lib/gcc/arm-none-eabi/10.3.1/../../../../arm-none-eabi/lib/thumb/v7e-m+dp/hard\libc_nano.a(lib_a-init.o)
 .ARM.attributes
                0x0000000000000427       0x32 d:/programdata/stm32cubeide_1.10.1/stm32cubeide/plugins/com.st.stm32cube.ide.mcu.externaltools.gnu-tools-for-stm32.10.3-2021.10.win32_1.0.0.202111181127/tools/bin/../lib/gcc/arm-none-eabi/10.3.1/../../../../arm-none-eabi/lib/thumb/v7e-m+dp/hard\libc_nano.a(lib_a-memset.o)
 .ARM.attributes
                0x0000000000000459       0x17 d:/programdata/stm32cubeide_1.10.1/stm32cubeide/plugins/com.st.stm32cube.ide.mcu.externaltools.gnu-tools-for-stm32.10.3-2021.10.win32_1.0.0.202111181127/tools/bin/../lib/gcc/arm-none-eabi/10.3.1/../../../../arm-none-eabi/lib/thumb/v7e-m+dp/hard\libc_nano.a(lib_a-strlen.o)
 .ARM.attributes
                0x0000000000000470       0x1e d:/programdata/stm32cubeide_1.10.1/stm32cubeide/plugins/com.st.stm32cube.ide.mcu.externaltools.gnu-tools-for-stm32.10.3-2021.10.win32_1.0.0.202111181127/tools/bin/../lib/gcc/arm-none-eabi/10.3.1/thumb/v7e-m+dp/hard\libgcc.a(_aeabi_uldivmod.o)
 .ARM.attributes
                0x000000000000048e       0x32 d:/programdata/stm32cubeide_1.10.1/stm32cubeide/plugins/com.st.stm32cube.ide.mcu.externaltools.gnu-tools-for-stm32.10.3-2021.10.win32_1.0.0.202111181127/tools/bin/../lib/gcc/arm-none-eabi/10.3.1/thumb/v7e-m+dp/hard\libgcc.a(_udivmoddi4.o)
 .ARM.attributes
                0x00000000000004c0       0x1e d:/programdata/stm32cubeide_1.10.1/stm32cubeide/plugins/com.st.stm32cube.ide.mcu.externaltools.gnu-tools-for-stm32.10.3-2021.10.win32_1.0.0.202111181127/tools/bin/../lib/gcc/arm-none-eabi/10.3.1/thumb/v7e-m+dp/hard\libgcc.a(_dvmd_tls.o)
 .ARM.attributes
                0x00000000000004de       0x1e d:/programdata/stm32cubeide_1.10.1/stm32cubeide/plugins/com.st.stm32cube.ide.mcu.externaltools.gnu-tools-for-stm32.10.3-2021.10.win32_1.0.0.202111181127/tools/bin/../lib/gcc/arm-none-eabi/10.3.1/thumb/v7e-m+dp/hard/crtn.o
OUTPUT(Lab07.elf elf32-littlearm)
LOAD linker stubs
LOAD d:/programdata/stm32cubeide_1.10.1/stm32cubeide/plugins/com.st.stm32cube.ide.mcu.externaltools.gnu-tools-for-stm32.10.3-2021.10.win32_1.0.0.202111181127/tools/bin/../lib/gcc/arm-none-eabi/10.3.1/../../../../arm-none-eabi/lib/thumb/v7e-m+dp/hard\libc.a
LOAD d:/programdata/stm32cubeide_1.10.1/stm32cubeide/plugins/com.st.stm32cube.ide.mcu.externaltools.gnu-tools-for-stm32.10.3-2021.10.win32_1.0.0.202111181127/tools/bin/../lib/gcc/arm-none-eabi/10.3.1/../../../../arm-none-eabi/lib/thumb/v7e-m+dp/hard\libm.a
LOAD d:/programdata/stm32cubeide_1.10.1/stm32cubeide/plugins/com.st.stm32cube.ide.mcu.externaltools.gnu-tools-for-stm32.10.3-2021.10.win32_1.0.0.202111181127/tools/bin/../lib/gcc/arm-none-eabi/10.3.1/thumb/v7e-m+dp/hard\libgcc.a

.debug_info     0x0000000000000000    0x173b2
 .debug_info    0x0000000000000000     0x24b8 ./Core/Src/main.o
 .debug_info    0x00000000000024b8     0x2100 ./Core/Src/stm32f7xx_hal_msp.o
 .debug_info    0x00000000000045b8      0x121 ./Core/Src/stm32f7xx_it.o
 .debug_info    0x00000000000046d9      0x72c ./Core/Src/system_stm32f7xx.o
 .debug_info    0x0000000000004e05       0x22 ./Core/Startup/startup_stm32f767zitx.o
 .debug_info    0x0000000000004e27      0xa82 ./Drivers/STM32F7xx_HAL_Driver/Src/stm32f7xx_hal.o
 .debug_info    0x00000000000058a9     0x109c ./Drivers/STM32F7xx_HAL_Driver/Src/stm32f7xx_hal_cortex.o
 .debug_info    0x0000000000006945     0x2266 ./Drivers/STM32F7xx_HAL_Driver/Src/stm32f7xx_hal_eth.o
 .debug_info    0x0000000000008bab      0x7a2 ./Drivers/STM32F7xx_HAL_Driver/Src/stm32f7xx_hal_gpio.o
 .debug_info    0x000000000000934d     0x16c1 ./Drivers/STM32F7xx_HAL_Driver/Src/stm32f7xx_hal_pcd.o
 .debug_info    0x000000000000aa0e      0x7df ./Drivers/STM32F7xx_HAL_Driver/Src/stm32f7xx_hal_pcd_ex.o
 .debug_info    0x000000000000b1ed      0x978 ./Drivers/STM32F7xx_HAL_Driver/Src/stm32f7xx_hal_pwr.o
 .debug_info    0x000000000000bb65      0x92e ./Drivers/STM32F7xx_HAL_Driver/Src/stm32f7xx_hal_pwr_ex.o
 .debug_info    0x000000000000c493      0x9f8 ./Drivers/STM32F7xx_HAL_Driver/Src/stm32f7xx_hal_rcc.o
 .debug_info    0x000000000000ce8b      0x78b ./Drivers/STM32F7xx_HAL_Driver/Src/stm32f7xx_hal_rcc_ex.o
 .debug_info    0x000000000000d616     0x2d3e ./Drivers/STM32F7xx_HAL_Driver/Src/stm32f7xx_hal_tim.o
 .debug_info    0x0000000000010354     0x1805 ./Drivers/STM32F7xx_HAL_Driver/Src/stm32f7xx_hal_tim_ex.o
 .debug_info    0x0000000000011b59     0x3cf4 ./Drivers/STM32F7xx_HAL_Driver/Src/stm32f7xx_hal_uart.o
 .debug_info    0x000000000001584d     0x1b65 ./Drivers/STM32F7xx_HAL_Driver/Src/stm32f7xx_ll_usb.o

.debug_abbrev   0x0000000000000000     0x27b6
 .debug_abbrev  0x0000000000000000      0x30a ./Core/Src/main.o
 .debug_abbrev  0x000000000000030a      0x284 ./Core/Src/stm32f7xx_hal_msp.o
 .debug_abbrev  0x000000000000058e       0x74 ./Core/Src/stm32f7xx_it.o
 .debug_abbrev  0x0000000000000602      0x136 ./Core/Src/system_stm32f7xx.o
 .debug_abbrev  0x0000000000000738       0x12 ./Core/Startup/startup_stm32f767zitx.o
 .debug_abbrev  0x000000000000074a      0x20d ./Drivers/STM32F7xx_HAL_Driver/Src/stm32f7xx_hal.o
 .debug_abbrev  0x0000000000000957      0x316 ./Drivers/STM32F7xx_HAL_Driver/Src/stm32f7xx_hal_cortex.o
 .debug_abbrev  0x0000000000000c6d      0x2d3 ./Drivers/STM32F7xx_HAL_Driver/Src/stm32f7xx_hal_eth.o
 .debug_abbrev  0x0000000000000f40      0x1c4 ./Drivers/STM32F7xx_HAL_Driver/Src/stm32f7xx_hal_gpio.o
 .debug_abbrev  0x0000000000001104      0x2d2 ./Drivers/STM32F7xx_HAL_Driver/Src/stm32f7xx_hal_pcd.o
 .debug_abbrev  0x00000000000013d6      0x1bd ./Drivers/STM32F7xx_HAL_Driver/Src/stm32f7xx_hal_pcd_ex.o
 .debug_abbrev  0x0000000000001593      0x1b8 ./Drivers/STM32F7xx_HAL_Driver/Src/stm32f7xx_hal_pwr.o
 .debug_abbrev  0x000000000000174b      0x1cb ./Drivers/STM32F7xx_HAL_Driver/Src/stm32f7xx_hal_pwr_ex.o
 .debug_abbrev  0x0000000000001916      0x2d1 ./Drivers/STM32F7xx_HAL_Driver/Src/stm32f7xx_hal_rcc.o
 .debug_abbrev  0x0000000000001be7      0x1b9 ./Drivers/STM32F7xx_HAL_Driver/Src/stm32f7xx_hal_rcc_ex.o
 .debug_abbrev  0x0000000000001da0      0x264 ./Drivers/STM32F7xx_HAL_Driver/Src/stm32f7xx_hal_tim.o
 .debug_abbrev  0x0000000000002004      0x26c ./Drivers/STM32F7xx_HAL_Driver/Src/stm32f7xx_hal_tim_ex.o
 .debug_abbrev  0x0000000000002270      0x2ce ./Drivers/STM32F7xx_HAL_Driver/Src/stm32f7xx_hal_uart.o
 .debug_abbrev  0x000000000000253e      0x278 ./Drivers/STM32F7xx_HAL_Driver/Src/stm32f7xx_ll_usb.o

.debug_aranges  0x0000000000000000     0x1290
 .debug_aranges
                0x0000000000000000       0x58 ./Core/Src/main.o
 .debug_aranges
                0x0000000000000058       0x68 ./Core/Src/stm32f7xx_hal_msp.o
 .debug_aranges
                0x00000000000000c0       0x60 ./Core/Src/stm32f7xx_it.o
 .debug_aranges
                0x0000000000000120       0x28 ./Core/Src/system_stm32f7xx.o
 .debug_aranges
                0x0000000000000148       0x28 ./Core/Startup/startup_stm32f767zitx.o
 .debug_aranges
                0x0000000000000170      0x110 ./Drivers/STM32F7xx_HAL_Driver/Src/stm32f7xx_hal.o
 .debug_aranges
                0x0000000000000280      0x118 ./Drivers/STM32F7xx_HAL_Driver/Src/stm32f7xx_hal_cortex.o
 .debug_aranges
                0x0000000000000398      0x1e0 ./Drivers/STM32F7xx_HAL_Driver/Src/stm32f7xx_hal_eth.o
 .debug_aranges
                0x0000000000000578       0x58 ./Drivers/STM32F7xx_HAL_Driver/Src/stm32f7xx_hal_gpio.o
 .debug_aranges
                0x00000000000005d0      0x148 ./Drivers/STM32F7xx_HAL_Driver/Src/stm32f7xx_hal_pcd.o
 .debug_aranges
                0x0000000000000718       0x48 ./Drivers/STM32F7xx_HAL_Driver/Src/stm32f7xx_hal_pcd_ex.o
 .debug_aranges
                0x0000000000000760       0xa0 ./Drivers/STM32F7xx_HAL_Driver/Src/stm32f7xx_hal_pwr.o
 .debug_aranges
                0x0000000000000800       0x80 ./Drivers/STM32F7xx_HAL_Driver/Src/stm32f7xx_hal_pwr_ex.o
 .debug_aranges
                0x0000000000000880       0x88 ./Drivers/STM32F7xx_HAL_Driver/Src/stm32f7xx_hal_rcc.o
 .debug_aranges
                0x0000000000000908       0x50 ./Drivers/STM32F7xx_HAL_Driver/Src/stm32f7xx_hal_rcc_ex.o
 .debug_aranges
                0x0000000000000958      0x3e0 ./Drivers/STM32F7xx_HAL_Driver/Src/stm32f7xx_hal_tim.o
 .debug_aranges
                0x0000000000000d38      0x180 ./Drivers/STM32F7xx_HAL_Driver/Src/stm32f7xx_hal_tim_ex.o
 .debug_aranges
                0x0000000000000eb8      0x230 ./Drivers/STM32F7xx_HAL_Driver/Src/stm32f7xx_hal_uart.o
 .debug_aranges
                0x00000000000010e8      0x1a8 ./Drivers/STM32F7xx_HAL_Driver/Src/stm32f7xx_ll_usb.o

.debug_ranges   0x0000000000000000     0x1198
 .debug_ranges  0x0000000000000000       0x48 ./Core/Src/main.o
 .debug_ranges  0x0000000000000048       0x58 ./Core/Src/stm32f7xx_hal_msp.o
 .debug_ranges  0x00000000000000a0       0x50 ./Core/Src/stm32f7xx_it.o
 .debug_ranges  0x00000000000000f0       0x18 ./Core/Src/system_stm32f7xx.o
 .debug_ranges  0x0000000000000108       0x20 ./Core/Startup/startup_stm32f767zitx.o
 .debug_ranges  0x0000000000000128      0x100 ./Drivers/STM32F7xx_HAL_Driver/Src/stm32f7xx_hal.o
 .debug_ranges  0x0000000000000228      0x108 ./Drivers/STM32F7xx_HAL_Driver/Src/stm32f7xx_hal_cortex.o
 .debug_ranges  0x0000000000000330      0x1d0 ./Drivers/STM32F7xx_HAL_Driver/Src/stm32f7xx_hal_eth.o
 .debug_ranges  0x0000000000000500       0x48 ./Drivers/STM32F7xx_HAL_Driver/Src/stm32f7xx_hal_gpio.o
 .debug_ranges  0x0000000000000548      0x138 ./Drivers/STM32F7xx_HAL_Driver/Src/stm32f7xx_hal_pcd.o
 .debug_ranges  0x0000000000000680       0x38 ./Drivers/STM32F7xx_HAL_Driver/Src/stm32f7xx_hal_pcd_ex.o
 .debug_ranges  0x00000000000006b8       0x90 ./Drivers/STM32F7xx_HAL_Driver/Src/stm32f7xx_hal_pwr.o
 .debug_ranges  0x0000000000000748       0x70 ./Drivers/STM32F7xx_HAL_Driver/Src/stm32f7xx_hal_pwr_ex.o
 .debug_ranges  0x00000000000007b8       0x78 ./Drivers/STM32F7xx_HAL_Driver/Src/stm32f7xx_hal_rcc.o
 .debug_ranges  0x0000000000000830       0x40 ./Drivers/STM32F7xx_HAL_Driver/Src/stm32f7xx_hal_rcc_ex.o
 .debug_ranges  0x0000000000000870      0x3d0 ./Drivers/STM32F7xx_HAL_Driver/Src/stm32f7xx_hal_tim.o
 .debug_ranges  0x0000000000000c40      0x170 ./Drivers/STM32F7xx_HAL_Driver/Src/stm32f7xx_hal_tim_ex.o
 .debug_ranges  0x0000000000000db0      0x250 ./Drivers/STM32F7xx_HAL_Driver/Src/stm32f7xx_hal_uart.o
 .debug_ranges  0x0000000000001000      0x198 ./Drivers/STM32F7xx_HAL_Driver/Src/stm32f7xx_ll_usb.o

.debug_macro    0x0000000000000000    0x29521
 .debug_macro   0x0000000000000000      0x2ee ./Core/Src/main.o
 .debug_macro   0x00000000000002ee      0xa90 ./Core/Src/main.o
 .debug_macro   0x0000000000000d7e      0x29f ./Core/Src/main.o
 .debug_macro   0x000000000000101d       0x2e ./Core/Src/main.o
 .debug_macro   0x000000000000104b       0x3b ./Core/Src/main.o
 .debug_macro   0x0000000000001086       0x22 ./Core/Src/main.o
 .debug_macro   0x00000000000010a8       0x8e ./Core/Src/main.o
 .debug_macro   0x0000000000001136       0x51 ./Core/Src/main.o
 .debug_macro   0x0000000000001187      0x103 ./Core/Src/main.o
 .debug_macro   0x000000000000128a       0x6a ./Core/Src/main.o
 .debug_macro   0x00000000000012f4      0x1df ./Core/Src/main.o
 .debug_macro   0x00000000000014d3       0x1c ./Core/Src/main.o
 .debug_macro   0x00000000000014ef       0x22 ./Core/Src/main.o
 .debug_macro   0x0000000000001511       0xd9 ./Core/Src/main.o
 .debug_macro   0x00000000000015ea     0x12cd ./Core/Src/main.o
 .debug_macro   0x00000000000028b7      0x11f ./Core/Src/main.o
 .debug_macro   0x00000000000029d6       0x19 ./Core/Src/main.o
 .debug_macro   0x00000000000029ef    0x1aa0d ./Core/Src/main.o
 .debug_macro   0x000000000001d3fc       0x6d ./Core/Src/main.o
 .debug_macro   0x000000000001d469     0x3749 ./Core/Src/main.o
 .debug_macro   0x0000000000020bb2      0x174 ./Core/Src/main.o
 .debug_macro   0x0000000000020d26       0x63 ./Core/Src/main.o
 .debug_macro   0x0000000000020d89     0x1add ./Core/Src/main.o
 .debug_macro   0x0000000000022866      0x6c4 ./Core/Src/main.o
 .debug_macro   0x0000000000022f2a      0x18b ./Core/Src/main.o
 .debug_macro   0x00000000000230b5      0x115 ./Core/Src/main.o
 .debug_macro   0x00000000000231ca      0x26e ./Core/Src/main.o
 .debug_macro   0x0000000000023438       0xa5 ./Core/Src/main.o
 .debug_macro   0x00000000000234dd      0x24f ./Core/Src/main.o
 .debug_macro   0x000000000002372c       0x71 ./Core/Src/main.o
 .debug_macro   0x000000000002379d       0x58 ./Core/Src/main.o
 .debug_macro   0x00000000000237f5      0x236 ./Core/Src/main.o
 .debug_macro   0x0000000000023a2b      0xd44 ./Core/Src/main.o
 .debug_macro   0x000000000002476f      0x14e ./Core/Src/main.o
 .debug_macro   0x00000000000248bd      0x3db ./Core/Src/main.o
 .debug_macro   0x0000000000024c98       0x12 ./Core/Src/main.o
 .debug_macro   0x0000000000024caa      0x22c ./Core/Src/main.o
 .debug_macro   0x0000000000024ed6       0x61 ./Core/Src/main.o
 .debug_macro   0x0000000000024f37       0xa5 ./Core/Src/main.o
 .debug_macro   0x0000000000024fdc      0x12e ./Core/Src/main.o
 .debug_macro   0x000000000002510a      0x108 ./Core/Src/main.o
 .debug_macro   0x0000000000025212       0x35 ./Core/Src/main.o
 .debug_macro   0x0000000000025247      0xa8a ./Core/Src/main.o
 .debug_macro   0x0000000000025cd1       0xa9 ./Core/Src/main.o
 .debug_macro   0x0000000000025d7a      0x5ba ./Core/Src/main.o
 .debug_macro   0x0000000000026334       0x44 ./Core/Src/main.o
 .debug_macro   0x0000000000026378      0x256 ./Core/Src/main.o
 .debug_macro   0x00000000000265ce       0xba ./Core/Src/main.o
 .debug_macro   0x0000000000026688      0x15b ./Core/Src/main.o
 .debug_macro   0x00000000000267e3      0x13c ./Core/Src/main.o
 .debug_macro   0x000000000002691f       0x52 ./Core/Src/main.o
 .debug_macro   0x0000000000026971       0x1d ./Core/Src/main.o
 .debug_macro   0x000000000002698e       0x3c ./Core/Src/main.o
 .debug_macro   0x00000000000269ca       0x34 ./Core/Src/main.o
 .debug_macro   0x00000000000269fe       0x16 ./Core/Src/main.o
 .debug_macro   0x0000000000026a14       0x43 ./Core/Src/main.o
 .debug_macro   0x0000000000026a57       0x34 ./Core/Src/main.o
 .debug_macro   0x0000000000026a8b       0x10 ./Core/Src/main.o
 .debug_macro   0x0000000000026a9b       0x58 ./Core/Src/main.o
 .debug_macro   0x0000000000026af3       0x71 ./Core/Src/main.o
 .debug_macro   0x0000000000026b64       0x1c ./Core/Src/main.o
 .debug_macro   0x0000000000026b80      0x12a ./Core/Src/main.o
 .debug_macro   0x0000000000026caa      0x341 ./Core/Src/main.o
 .debug_macro   0x0000000000026feb       0x10 ./Core/Src/main.o
 .debug_macro   0x0000000000026ffb       0x35 ./Core/Src/main.o
 .debug_macro   0x0000000000027030       0x20 ./Core/Src/main.o
 .debug_macro   0x0000000000027050      0x220 ./Core/Src/stm32f7xx_hal_msp.o
 .debug_macro   0x0000000000027270      0x22a ./Core/Src/stm32f7xx_it.o
 .debug_macro   0x000000000002749a      0x211 ./Core/Src/system_stm32f7xx.o
 .debug_macro   0x00000000000276ab      0x235 ./Drivers/STM32F7xx_HAL_Driver/Src/stm32f7xx_hal.o
 .debug_macro   0x00000000000278e0      0x211 ./Drivers/STM32F7xx_HAL_Driver/Src/stm32f7xx_hal_cortex.o
 .debug_macro   0x0000000000027af1      0x2eb ./Drivers/STM32F7xx_HAL_Driver/Src/stm32f7xx_hal_eth.o
 .debug_macro   0x0000000000027ddc      0x217 ./Drivers/STM32F7xx_HAL_Driver/Src/stm32f7xx_hal_gpio.o
 .debug_macro   0x0000000000027ff3      0x21d ./Drivers/STM32F7xx_HAL_Driver/Src/stm32f7xx_hal_pcd.o
 .debug_macro   0x0000000000028210      0x211 ./Drivers/STM32F7xx_HAL_Driver/Src/stm32f7xx_hal_pcd_ex.o
 .debug_macro   0x0000000000028421      0x22f ./Drivers/STM32F7xx_HAL_Driver/Src/stm32f7xx_hal_pwr.o
 .debug_macro   0x0000000000028650      0x229 ./Drivers/STM32F7xx_HAL_Driver/Src/stm32f7xx_hal_pwr_ex.o
 .debug_macro   0x0000000000028879      0x235 ./Drivers/STM32F7xx_HAL_Driver/Src/stm32f7xx_hal_rcc.o
 .debug_macro   0x0000000000028aae      0x211 ./Drivers/STM32F7xx_HAL_Driver/Src/stm32f7xx_hal_rcc_ex.o
 .debug_macro   0x0000000000028cbf      0x212 ./Drivers/STM32F7xx_HAL_Driver/Src/stm32f7xx_hal_tim.o
 .debug_macro   0x0000000000028ed1      0x211 ./Drivers/STM32F7xx_HAL_Driver/Src/stm32f7xx_hal_tim_ex.o
 .debug_macro   0x00000000000290e2      0x22e ./Drivers/STM32F7xx_HAL_Driver/Src/stm32f7xx_hal_uart.o
 .debug_macro   0x0000000000029310      0x211 ./Drivers/STM32F7xx_HAL_Driver/Src/stm32f7xx_ll_usb.o

.debug_line     0x0000000000000000    0x156db
 .debug_line    0x0000000000000000      0xbc7 ./Core/Src/main.o
 .debug_line    0x0000000000000bc7      0x937 ./Core/Src/stm32f7xx_hal_msp.o
 .debug_line    0x00000000000014fe      0x82b ./Core/Src/stm32f7xx_it.o
 .debug_line    0x0000000000001d29      0x7e8 ./Core/Src/system_stm32f7xx.o
 .debug_line    0x0000000000002511       0x88 ./Core/Startup/startup_stm32f767zitx.o
 .debug_line    0x0000000000002599      0xaa9 ./Drivers/STM32F7xx_HAL_Driver/Src/stm32f7xx_hal.o
 .debug_line    0x0000000000003042      0xcff ./Drivers/STM32F7xx_HAL_Driver/Src/stm32f7xx_hal_cortex.o
 .debug_line    0x0000000000003d41     0x19c1 ./Drivers/STM32F7xx_HAL_Driver/Src/stm32f7xx_hal_eth.o
 .debug_line    0x0000000000005702      0xbed ./Drivers/STM32F7xx_HAL_Driver/Src/stm32f7xx_hal_gpio.o
 .debug_line    0x00000000000062ef     0x14c4 ./Drivers/STM32F7xx_HAL_Driver/Src/stm32f7xx_hal_pcd.o
 .debug_line    0x00000000000077b3      0x87a ./Drivers/STM32F7xx_HAL_Driver/Src/stm32f7xx_hal_pcd_ex.o
 .debug_line    0x000000000000802d      0x97d ./Drivers/STM32F7xx_HAL_Driver/Src/stm32f7xx_hal_pwr.o
 .debug_line    0x00000000000089aa      0x9ee ./Drivers/STM32F7xx_HAL_Driver/Src/stm32f7xx_hal_pwr_ex.o
 .debug_line    0x0000000000009398      0xeeb ./Drivers/STM32F7xx_HAL_Driver/Src/stm32f7xx_hal_rcc.o
 .debug_line    0x000000000000a283      0xec7 ./Drivers/STM32F7xx_HAL_Driver/Src/stm32f7xx_hal_rcc_ex.o
 .debug_line    0x000000000000b14a     0x3c9d ./Drivers/STM32F7xx_HAL_Driver/Src/stm32f7xx_hal_tim.o
 .debug_line    0x000000000000ede7     0x1c57 ./Drivers/STM32F7xx_HAL_Driver/Src/stm32f7xx_hal_tim_ex.o
 .debug_line    0x0000000000010a3e     0x316c ./Drivers/STM32F7xx_HAL_Driver/Src/stm32f7xx_hal_uart.o
 .debug_line    0x0000000000013baa     0x1b31 ./Drivers/STM32F7xx_HAL_Driver/Src/stm32f7xx_ll_usb.o

.debug_str      0x0000000000000000   0x1036ce
 .debug_str     0x0000000000000000    0xfdf56 ./Core/Src/main.o
                                      0xfe7c1 (size before relaxing)
 .debug_str     0x00000000000fdf56      0x378 ./Core/Src/stm32f7xx_hal_msp.o
                                      0xfb76d (size before relaxing)
 .debug_str     0x00000000000fe2ce       0xc9 ./Core/Src/stm32f7xx_it.o
                                      0xfa216 (size before relaxing)
 .debug_str     0x00000000000fe397      0x190 ./Core/Src/system_stm32f7xx.o
                                      0xf9f3e (size before relaxing)
 .debug_str     0x00000000000fe527       0x36 ./Core/Startup/startup_stm32f767zitx.o
                                         0x55 (size before relaxing)
 .debug_str     0x00000000000fe55d      0xa90 ./Drivers/STM32F7xx_HAL_Driver/Src/stm32f7xx_hal.o
                                      0xfa97e (size before relaxing)
 .debug_str     0x00000000000fefed      0x33e ./Drivers/STM32F7xx_HAL_Driver/Src/stm32f7xx_hal_cortex.o
                                      0xfa92e (size before relaxing)
 .debug_str     0x00000000000ff32b     0x11c7 ./Drivers/STM32F7xx_HAL_Driver/Src/stm32f7xx_hal_eth.o
                                      0xfb70b (size before relaxing)
 .debug_str     0x00000000001004f2       0xe8 ./Drivers/STM32F7xx_HAL_Driver/Src/stm32f7xx_hal_gpio.o
                                      0xf9ffc (size before relaxing)
 .debug_str     0x00000000001005da      0x81e ./Drivers/STM32F7xx_HAL_Driver/Src/stm32f7xx_hal_pcd.o
                                      0xfa95b (size before relaxing)
 .debug_str     0x0000000000100df8      0x12d ./Drivers/STM32F7xx_HAL_Driver/Src/stm32f7xx_hal_pcd_ex.o
                                      0xfa25c (size before relaxing)
 .debug_str     0x0000000000100f25      0x2ac ./Drivers/STM32F7xx_HAL_Driver/Src/stm32f7xx_hal_pwr.o
                                      0xfa1df (size before relaxing)
 .debug_str     0x00000000001011d1      0x1bd ./Drivers/STM32F7xx_HAL_Driver/Src/stm32f7xx_hal_pwr_ex.o
                                      0xfa1ad (size before relaxing)
 .debug_str     0x000000000010138e      0x24c ./Drivers/STM32F7xx_HAL_Driver/Src/stm32f7xx_hal_rcc.o
                                      0xfa2b9 (size before relaxing)
 .debug_str     0x00000000001015da      0x13f ./Drivers/STM32F7xx_HAL_Driver/Src/stm32f7xx_hal_rcc_ex.o
                                      0xfa21c (size before relaxing)
 .debug_str     0x0000000000101719      0xd86 ./Drivers/STM32F7xx_HAL_Driver/Src/stm32f7xx_hal_tim.o
                                      0xfb251 (size before relaxing)
 .debug_str     0x000000000010249f      0x57a ./Drivers/STM32F7xx_HAL_Driver/Src/stm32f7xx_hal_tim_ex.o
                                      0xfab67 (size before relaxing)
 .debug_str     0x0000000000102a19      0x85a ./Drivers/STM32F7xx_HAL_Driver/Src/stm32f7xx_hal_uart.o
                                      0xfac07 (size before relaxing)
 .debug_str     0x0000000000103273      0x45b ./Drivers/STM32F7xx_HAL_Driver/Src/stm32f7xx_ll_usb.o
                                      0xfa7e1 (size before relaxing)

.comment        0x0000000000000000       0x50
 .comment       0x0000000000000000       0x50 ./Core/Src/main.o
                                         0x51 (size before relaxing)
 .comment       0x0000000000000050       0x51 ./Core/Src/stm32f7xx_hal_msp.o
 .comment       0x0000000000000050       0x51 ./Core/Src/stm32f7xx_it.o
 .comment       0x0000000000000050       0x51 ./Core/Src/system_stm32f7xx.o
 .comment       0x0000000000000050       0x51 ./Drivers/STM32F7xx_HAL_Driver/Src/stm32f7xx_hal.o
 .comment       0x0000000000000050       0x51 ./Drivers/STM32F7xx_HAL_Driver/Src/stm32f7xx_hal_cortex.o
 .comment       0x0000000000000050       0x51 ./Drivers/STM32F7xx_HAL_Driver/Src/stm32f7xx_hal_eth.o
 .comment       0x0000000000000050       0x51 ./Drivers/STM32F7xx_HAL_Driver/Src/stm32f7xx_hal_gpio.o
 .comment       0x0000000000000050       0x51 ./Drivers/STM32F7xx_HAL_Driver/Src/stm32f7xx_hal_pcd.o
 .comment       0x0000000000000050       0x51 ./Drivers/STM32F7xx_HAL_Driver/Src/stm32f7xx_hal_pcd_ex.o
 .comment       0x0000000000000050       0x51 ./Drivers/STM32F7xx_HAL_Driver/Src/stm32f7xx_hal_pwr.o
 .comment       0x0000000000000050       0x51 ./Drivers/STM32F7xx_HAL_Driver/Src/stm32f7xx_hal_pwr_ex.o
 .comment       0x0000000000000050       0x51 ./Drivers/STM32F7xx_HAL_Driver/Src/stm32f7xx_hal_rcc.o
 .comment       0x0000000000000050       0x51 ./Drivers/STM32F7xx_HAL_Driver/Src/stm32f7xx_hal_rcc_ex.o
 .comment       0x0000000000000050       0x51 ./Drivers/STM32F7xx_HAL_Driver/Src/stm32f7xx_hal_tim.o
 .comment       0x0000000000000050       0x51 ./Drivers/STM32F7xx_HAL_Driver/Src/stm32f7xx_hal_tim_ex.o
 .comment       0x0000000000000050       0x51 ./Drivers/STM32F7xx_HAL_Driver/Src/stm32f7xx_hal_uart.o
 .comment       0x0000000000000050       0x51 ./Drivers/STM32F7xx_HAL_Driver/Src/stm32f7xx_ll_usb.o

.debug_frame    0x0000000000000000     0x4fb8
 .debug_frame   0x0000000000000000      0x108 ./Core/Src/main.o
 .debug_frame   0x0000000000000108      0x18c ./Core/Src/stm32f7xx_hal_msp.o
 .debug_frame   0x0000000000000294      0x104 ./Core/Src/stm32f7xx_it.o
 .debug_frame   0x0000000000000398       0x58 ./Core/Src/system_stm32f7xx.o
 .debug_frame   0x00000000000003f0      0x3f4 ./Drivers/STM32F7xx_HAL_Driver/Src/stm32f7xx_hal.o
 .debug_frame   0x00000000000007e4      0x498 ./Drivers/STM32F7xx_HAL_Driver/Src/stm32f7xx_hal_cortex.o
 .debug_frame   0x0000000000000c7c      0x898 ./Drivers/STM32F7xx_HAL_Driver/Src/stm32f7xx_hal_eth.o
 .debug_frame   0x0000000000001514      0x14c ./Drivers/STM32F7xx_HAL_Driver/Src/stm32f7xx_hal_gpio.o
 .debug_frame   0x0000000000001660      0x5bc ./Drivers/STM32F7xx_HAL_Driver/Src/stm32f7xx_hal_pcd.o
 .debug_frame   0x0000000000001c1c      0x100 ./Drivers/STM32F7xx_HAL_Driver/Src/stm32f7xx_hal_pcd_ex.o
 .debug_frame   0x0000000000001d1c      0x254 ./Drivers/STM32F7xx_HAL_Driver/Src/stm32f7xx_hal_pwr.o
 .debug_frame   0x0000000000001f70      0x1c8 ./Drivers/STM32F7xx_HAL_Driver/Src/stm32f7xx_hal_pwr_ex.o
 .debug_frame   0x0000000000002138      0x1f8 ./Drivers/STM32F7xx_HAL_Driver/Src/stm32f7xx_hal_rcc.o
 .debug_frame   0x0000000000002330      0x118 ./Drivers/STM32F7xx_HAL_Driver/Src/stm32f7xx_hal_rcc_ex.o
 .debug_frame   0x0000000000002448     0x121c ./Drivers/STM32F7xx_HAL_Driver/Src/stm32f7xx_hal_tim.o
 .debug_frame   0x0000000000003664      0x6b0 ./Drivers/STM32F7xx_HAL_Driver/Src/stm32f7xx_hal_tim_ex.o
 .debug_frame   0x0000000000003d14      0xa10 ./Drivers/STM32F7xx_HAL_Driver/Src/stm32f7xx_hal_uart.o
 .debug_frame   0x0000000000004724      0x7e8 ./Drivers/STM32F7xx_HAL_Driver/Src/stm32f7xx_ll_usb.o
 .debug_frame   0x0000000000004f0c       0x2c d:/programdata/stm32cubeide_1.10.1/stm32cubeide/plugins/com.st.stm32cube.ide.mcu.externaltools.gnu-tools-for-stm32.10.3-2021.10.win32_1.0.0.202111181127/tools/bin/../lib/gcc/arm-none-eabi/10.3.1/../../../../arm-none-eabi/lib/thumb/v7e-m+dp/hard\libc_nano.a(lib_a-init.o)
 .debug_frame   0x0000000000004f38       0x20 d:/programdata/stm32cubeide_1.10.1/stm32cubeide/plugins/com.st.stm32cube.ide.mcu.externaltools.gnu-tools-for-stm32.10.3-2021.10.win32_1.0.0.202111181127/tools/bin/../lib/gcc/arm-none-eabi/10.3.1/../../../../arm-none-eabi/lib/thumb/v7e-m+dp/hard\libc_nano.a(lib_a-memset.o)
 .debug_frame   0x0000000000004f58       0x2c d:/programdata/stm32cubeide_1.10.1/stm32cubeide/plugins/com.st.stm32cube.ide.mcu.externaltools.gnu-tools-for-stm32.10.3-2021.10.win32_1.0.0.202111181127/tools/bin/../lib/gcc/arm-none-eabi/10.3.1/thumb/v7e-m+dp/hard\libgcc.a(_aeabi_uldivmod.o)
 .debug_frame   0x0000000000004f84       0x34 d:/programdata/stm32cubeide_1.10.1/stm32cubeide/plugins/com.st.stm32cube.ide.mcu.externaltools.gnu-tools-for-stm32.10.3-2021.10.win32_1.0.0.202111181127/tools/bin/../lib/gcc/arm-none-eabi/10.3.1/thumb/v7e-m+dp/hard\libgcc.a(_udivmoddi4.o)
