Archive member included to satisfy reference by file (symbol)

d:/programdata/stm32cubeide_1.10.1/stm32cubeide/plugins/com.st.stm32cube.ide.mcu.externaltools.gnu-tools-for-stm32.10.3-2021.10.win32_1.0.0.202111181127/tools/bin/../lib/gcc/arm-none-eabi/10.3.1/../../../../arm-none-eabi/lib/thumb/v7e-m+dp/hard\libc_nano.a(lib_a-errno.o)
                              ./Core/Src/syscalls.o (__errno)
d:/programdata/stm32cubeide_1.10.1/stm32cubeide/plugins/com.st.stm32cube.ide.mcu.externaltools.gnu-tools-for-stm32.10.3-2021.10.win32_1.0.0.202111181127/tools/bin/../lib/gcc/arm-none-eabi/10.3.1/../../../../arm-none-eabi/lib/thumb/v7e-m+dp/hard\libc_nano.a(lib_a-exit.o)
                              d:/programdata/stm32cubeide_1.10.1/stm32cubeide/plugins/com.st.stm32cube.ide.mcu.externaltools.gnu-tools-for-stm32.10.3-2021.10.win32_1.0.0.202111181127/tools/bin/../lib/gcc/arm-none-eabi/10.3.1/../../../../arm-none-eabi/lib/thumb/v7e-m+dp/hard/crt0.o (exit)
d:/programdata/stm32cubeide_1.10.1/stm32cubeide/plugins/com.st.stm32cube.ide.mcu.externaltools.gnu-tools-for-stm32.10.3-2021.10.win32_1.0.0.202111181127/tools/bin/../lib/gcc/arm-none-eabi/10.3.1/../../../../arm-none-eabi/lib/thumb/v7e-m+dp/hard\libc_nano.a(lib_a-impure.o)
                              d:/programdata/stm32cubeide_1.10.1/stm32cubeide/plugins/com.st.stm32cube.ide.mcu.externaltools.gnu-tools-for-stm32.10.3-2021.10.win32_1.0.0.202111181127/tools/bin/../lib/gcc/arm-none-eabi/10.3.1/../../../../arm-none-eabi/lib/thumb/v7e-m+dp/hard\libc_nano.a(lib_a-exit.o) (_global_impure_ptr)
d:/programdata/stm32cubeide_1.10.1/stm32cubeide/plugins/com.st.stm32cube.ide.mcu.externaltools.gnu-tools-for-stm32.10.3-2021.10.win32_1.0.0.202111181127/tools/bin/../lib/gcc/arm-none-eabi/10.3.1/../../../../arm-none-eabi/lib/thumb/v7e-m+dp/hard\libc_nano.a(lib_a-init.o)
                              d:/programdata/stm32cubeide_1.10.1/stm32cubeide/plugins/com.st.stm32cube.ide.mcu.externaltools.gnu-tools-for-stm32.10.3-2021.10.win32_1.0.0.202111181127/tools/bin/../lib/gcc/arm-none-eabi/10.3.1/../../../../arm-none-eabi/lib/thumb/v7e-m+dp/hard/crt0.o (__libc_init_array)
d:/programdata/stm32cubeide_1.10.1/stm32cubeide/plugins/com.st.stm32cube.ide.mcu.externaltools.gnu-tools-for-stm32.10.3-2021.10.win32_1.0.0.202111181127/tools/bin/../lib/gcc/arm-none-eabi/10.3.1/../../../../arm-none-eabi/lib/thumb/v7e-m+dp/hard\libc_nano.a(lib_a-memset.o)
                              d:/programdata/stm32cubeide_1.10.1/stm32cubeide/plugins/com.st.stm32cube.ide.mcu.externaltools.gnu-tools-for-stm32.10.3-2021.10.win32_1.0.0.202111181127/tools/bin/../lib/gcc/arm-none-eabi/10.3.1/../../../../arm-none-eabi/lib/thumb/v7e-m+dp/hard/crt0.o (memset)
d:/programdata/stm32cubeide_1.10.1/stm32cubeide/plugins/com.st.stm32cube.ide.mcu.externaltools.gnu-tools-for-stm32.10.3-2021.10.win32_1.0.0.202111181127/tools/bin/../lib/gcc/arm-none-eabi/10.3.1/../../../../arm-none-eabi/lib/thumb/v7e-m+dp/hard\libc_nano.a(lib_a-nano-vfprintf_float.o)
                              (_printf_float)
d:/programdata/stm32cubeide_1.10.1/stm32cubeide/plugins/com.st.stm32cube.ide.mcu.externaltools.gnu-tools-for-stm32.10.3-2021.10.win32_1.0.0.202111181127/tools/bin/../lib/gcc/arm-none-eabi/10.3.1/../../../../arm-none-eabi/lib/thumb/v7e-m+dp/hard\libc_nano.a(lib_a-nano-vfprintf_i.o)
                              d:/programdata/stm32cubeide_1.10.1/stm32cubeide/plugins/com.st.stm32cube.ide.mcu.externaltools.gnu-tools-for-stm32.10.3-2021.10.win32_1.0.0.202111181127/tools/bin/../lib/gcc/arm-none-eabi/10.3.1/../../../../arm-none-eabi/lib/thumb/v7e-m+dp/hard\libc_nano.a(lib_a-nano-vfprintf_float.o) (_printf_common)
d:/programdata/stm32cubeide_1.10.1/stm32cubeide/plugins/com.st.stm32cube.ide.mcu.externaltools.gnu-tools-for-stm32.10.3-2021.10.win32_1.0.0.202111181127/tools/bin/../lib/gcc/arm-none-eabi/10.3.1/../../../../arm-none-eabi/lib/thumb/v7e-m+dp/hard\libc_nano.a(lib_a-sprintf.o)
                              ./Core/Src/main.o (sprintf)
d:/programdata/stm32cubeide_1.10.1/stm32cubeide/plugins/com.st.stm32cube.ide.mcu.externaltools.gnu-tools-for-stm32.10.3-2021.10.win32_1.0.0.202111181127/tools/bin/../lib/gcc/arm-none-eabi/10.3.1/../../../../arm-none-eabi/lib/thumb/v7e-m+dp/hard\libc_nano.a(lib_a-strlen.o)
                              ./Core/Src/main.o (strlen)
d:/programdata/stm32cubeide_1.10.1/stm32cubeide/plugins/com.st.stm32cube.ide.mcu.externaltools.gnu-tools-for-stm32.10.3-2021.10.win32_1.0.0.202111181127/tools/bin/../lib/gcc/arm-none-eabi/10.3.1/../../../../arm-none-eabi/lib/thumb/v7e-m+dp/hard\libc_nano.a(lib_a-dtoa.o)
                              d:/programdata/stm32cubeide_1.10.1/stm32cubeide/plugins/com.st.stm32cube.ide.mcu.externaltools.gnu-tools-for-stm32.10.3-2021.10.win32_1.0.0.202111181127/tools/bin/../lib/gcc/arm-none-eabi/10.3.1/../../../../arm-none-eabi/lib/thumb/v7e-m+dp/hard\libc_nano.a(lib_a-nano-vfprintf_float.o) (_dtoa_r)
[...]
Memory Configuration

Name             Origin             Length             Attributes
RAM              0x0000000020000000 0x0000000000080000 xrw
FLASH            0x0000000008000000 0x0000000000200000 xr
*default*        0x0000000000000000 0xffffffffffffffff

Linker script and memory map

LOAD d:/programdata/stm32cubeide_1.10.1/stm32cubeide/plugins/com.st.stm32cube.ide.mcu.externaltools.gnu-tools-for-stm32.10.3-2021.10.win32_1.0.0.202111181127/tools/bin/../lib/gcc/arm-none-eabi/10.3.1/thumb/v7e-m+dp/hard/crti.o
LOAD d:/programdata/stm32cubeide_1.10.1/stm32cubeide/plugins/com.st.stm32cube.ide.mcu.externaltools.gnu-tools-for-stm32.10.3-2021.10.win32_1.0.0.202111181127/tools/bin/../lib/gcc/arm-none-eabi/10.3.1/thumb/v7e-m+dp/hard/crtbegin.o
LOAD d:/programdata/stm32cubeide_1.10.1/stm32cubeide/plugins/com.st.stm32cube.ide.mcu.externaltools.gnu-tools-for-stm32.10.3-2021.10.win32_1.0.0.202111181127/tools/bin/../lib/gcc/arm-none-eabi/10.3.1/../../../../arm-none-eabi/lib/thumb/v7e-m+dp/hard/crt0.o
LOAD ./Core/Src/adc.o
LOAD ./Core/Src/am2320.o
LOAD ./Core/Src/gpio.o
LOAD ./Core/Src/i2c.o
LOAD ./Core/Src/main.o
LOAD ./Core/Src/rng.o
LOAD ./Core/Src/spi.o
LOAD ./Core/Src/stm32f7xx_hal_msp.o
LOAD ./Core/Src/stm32f7xx_it.o
LOAD ./Core/Src/syscalls.o
LOAD ./Core/Src/sysmem.o
LOAD ./Core/Src/system_stm32f7xx.o
LOAD ./Core/Src/tim.o
LOAD ./Core/Src/usart.o
LOAD ./Core/Startup/startup_stm32f767zitx.o
LOAD ./Drivers/ILI9341/ILI9341_GFX.o
LOAD ./Drivers/ILI9341/ILI9341_STM32_Driver.o
LOAD ./Drivers/ILI9341/ILI9341_Touchscreen.o
LOAD ./Drivers/STM32F7xx_HAL_Driver/Src/stm32f7xx_hal.o
LOAD ./Drivers/STM32F7xx_HAL_Driver/Src/stm32f7xx_hal_adc.o
LOAD ./Drivers/STM32F7xx_HAL_Driver/Src/stm32f7xx_hal_adc_ex.o
LOAD ./Drivers/STM32F7xx_HAL_Driver/Src/stm32f7xx_hal_cortex.o
LOAD ./Drivers/STM32F7xx_HAL_Driver/Src/stm32f7xx_hal_dma.o
LOAD ./Drivers/STM32F7xx_HAL_Driver/Src/stm32f7xx_hal_dma_ex.o
LOAD ./Drivers/STM32F7xx_HAL_Driver/Src/stm32f7xx_hal_exti.o
LOAD ./Drivers/STM32F7xx_HAL_Driver/Src/stm32f7xx_hal_flash.o
LOAD ./Drivers/STM32F7xx_HAL_Driver/Src/stm32f7xx_hal_flash_ex.o
LOAD ./Drivers/STM32F7xx_HAL_Driver/Src/stm32f7xx_hal_gpio.o
LOAD ./Drivers/STM32F7xx_HAL_Driver/Src/stm32f7xx_hal_i2c.o
LOAD ./Drivers/STM32F7xx_HAL_Driver/Src/stm32f7xx_hal_i2c_ex.o
LOAD ./Drivers/STM32F7xx_HAL_Driver/Src/stm32f7xx_hal_pwr.o
LOAD ./Drivers/STM32F7xx_HAL_Driver/Src/stm32f7xx_hal_pwr_ex.o
LOAD ./Drivers/STM32F7xx_HAL_Driver/Src/stm32f7xx_hal_rcc.o
LOAD ./Drivers/STM32F7xx_HAL_Driver/Src/stm32f7xx_hal_rcc_ex.o
LOAD ./Drivers/STM32F7xx_HAL_Driver/Src/stm32f7xx_hal_rng.o
LOAD ./Drivers/STM32F7xx_HAL_Driver/Src/stm32f7xx_hal_spi.o
LOAD ./Drivers/STM32F7xx_HAL_Driver/Src/stm32f7xx_hal_spi_ex.o
LOAD ./Drivers/STM32F7xx_HAL_Driver/Src/stm32f7xx_hal_tim.o
LOAD ./Drivers/STM32F7xx_HAL_Driver/Src/stm32f7xx_hal_tim_ex.o
LOAD ./Drivers/STM32F7xx_HAL_Driver/Src/stm32f7xx_hal_uart.o
LOAD ./Drivers/STM32F7xx_HAL_Driver/Src/stm32f7xx_hal_uart_ex.o
START GROUP
LOAD d:/programdata/stm32cubeide_1.10.1/stm32cubeide/plugins/com.st.stm32cube.ide.mcu.externaltools.gnu-tools-for-stm32.10.3-2021.10.win32_1.0.0.202111181127/tools/bin/../lib/gcc/arm-none-eabi/10.3.1/../../../../arm-none-eabi/lib/thumb/v7e-m+dp/hard\libc_nano.a
LOAD d:/programdata/stm32cubeide_1.10.1/stm32cubeide/plugins/com.st.stm32cube.ide.mcu.externaltools.gnu-tools-for-stm32.10.3-2021.10.win32_1.0.0.202111181127/tools/bin/../lib/gcc/arm-none-eabi/10.3.1/../../../../arm-none-eabi/lib/thumb/v7e-m+dp/hard\libm.a
END GROUP
START GROUP
LOAD d:/programdata/stm32cubeide_1.10.1/stm32cubeide/plugins/com.st.stm32cube.ide.mcu.externaltools.gnu-tools-for-stm32.10.3-2021.10.win32_1.0.0.202111181127/tools/bin/../lib/gcc/arm-none-eabi/10.3.1/thumb/v7e-m+dp/hard\libgcc.a
LOAD d:/programdata/stm32cubeide_1.10.1/stm32cubeide/plugins/com.st.stm32cube.ide.mcu.externaltools.gnu-tools-for-stm32.10.3-2021.10.win32_1.0.0.202111181127/tools/bin/../lib/gcc/arm-none-eabi/10.3.1/../../../../arm-none-eabi/lib/thumb/v7e-m+dp/hard\libc_nano.a
END GROUP
START GROUP
LOAD d:/programdata/stm32cubeide_1.10.1/stm32cubeide/plugins/com.st.stm32cube.ide.mcu.externaltools.gnu-tools-for-stm32.10.3-2021.10.win32_1.0.0.202111181127/tools/bin/../lib/gcc/arm-none-eabi/10.3.1/thumb/v7e-m+dp/hard\libgcc.a
LOAD d:/programdata/stm32cubeide_1.10.1/stm32cubeide/plugins/com.st.stm32cube.ide.mcu.externaltools.gnu-tools-for-stm32.10.3-2021.10.win32_1.0.0.202111181127/tools/bin/../lib/gcc/arm-none-eabi/10.3.1/../../../../arm-none-eabi/lib/thumb/v7e-m+dp/hard\libc_nano.a
LOAD d:/programdata/stm32cubeide_1.10.1/stm32cubeide/plugins/com.st.stm32cube.ide.mcu.externaltools.gnu-tools-for-stm32.10.3-2021.10.win32_1.0.0.202111181127/tools/bin/../lib/gcc/arm-none-eabi/10.3.1/../../../../arm-none-eabi/lib/thumb/v7e-m+dp/hard\libnosys.a
END GROUP
START GROUP
LOAD d:/programdata/stm32cubeide_1.10.1/stm32cubeide/plugins/com.st.stm32cube.ide.mcu.externaltools.gnu-tools-for-stm32.10.3-2021.10.win32_1.0.0.202111181127/tools/bin/../lib/gcc/arm-none-eabi/10.3.1/thumb/v7e-m+dp/hard\libgcc.a
LOAD d:/programdata/stm32cubeide_1.10.1/stm32cubeide/plugins/com.st.stm32cube.ide.mcu.externaltools.gnu-tools-for-stm32.10.3-2021.10.win32_1.0.0.202111181127/tools/bin/../lib/gcc/arm-none-eabi/10.3.1/../../../../arm-none-eabi/lib/thumb/v7e-m+dp/hard\libc_nano.a
LOAD d:/programdata/stm32cubeide_1.10.1/stm32cubeide/plugins/com.st.stm32cube.ide.mcu.externaltools.gnu-tools-for-stm32.10.3-2021.10.win32_1.0.0.202111181127/tools/bin/../lib/gcc/arm-none-eabi/10.3.1/../../../../arm-none-eabi/lib/thumb/v7e-m+dp/hard\libnosys.a
END GROUP
LOAD d:/programdata/stm32cubeide_1.10.1/stm32cubeide/plugins/com.st.stm32cube.ide.mcu.externaltools.gnu-tools-for-stm32.10.3-2021.10.win32_1.0.0.202111181127/tools/bin/../lib/gcc/arm-none-eabi/10.3.1/thumb/v7e-m+dp/hard/crtend.o
LOAD d:/programdata/stm32cubeide_1.10.1/stm32cubeide/plugins/com.st.stm32cube.ide.mcu.externaltools.gnu-tools-for-stm32.10.3-2021.10.win32_1.0.0.202111181127/tools/bin/../lib/gcc/arm-none-eabi/10.3.1/thumb/v7e-m+dp/hard/crtn.o
                0x0000000020080000                _estack = (ORIGIN (RAM) + LENGTH (RAM))
                0x0000000000000200                _Min_Heap_Size = 0x200
                0x0000000000000400                _Min_Stack_Size = 0x400

.isr_vector     0x0000000008000000      0x1f8
                0x0000000008000000                . = ALIGN (0x4)
 *(.isr_vector)
 .isr_vector    0x0000000008000000      0x1f8 ./Core/Startup/startup_stm32f767zitx.o
                0x0000000008000000                g_pfnVectors
                0x00000000080001f8                . = ALIGN (0x4)

.text           0x0000000008000200     0xa8d0
                0x0000000008000200                . = ALIGN (0x4)
 *(.text)
 .text          0x0000000008000200       0x40 d:/programdata/stm32cubeide_1.10.1/stm32cubeide/plugins/com.st.stm32cube.ide.mcu.externaltools.gnu-tools-for-stm32.10.3-2021.10.win32_1.0.0.202111181127/tools/bin/../lib/gcc/arm-none-eabi/10.3.1/thumb/v7e-m+dp/hard/crtbegin.o
 .text          0x0000000008000240       0x10 d:/programdata/stm32cubeide_1.10.1/stm32cubeide/plugins/com.st.stm32cube.ide.mcu.externaltools.gnu-tools-for-stm32.10.3-2021.10.win32_1.0.0.202111181127/tools/bin/../lib/gcc/arm-none-eabi/10.3.1/../../../../arm-none-eabi/lib/thumb/v7e-m+dp/hard\libc_nano.a(lib_a-strlen.o)
                0x0000000008000240                strlen
 .text          0x0000000008000250       0xa0 d:/programdata/stm32cubeide_1.10.1/stm32cubeide/plugins/com.st.stm32cube.ide.mcu.externaltools.gnu-tools-for-stm32.10.3-2021.10.win32_1.0.0.202111181127/tools/bin/../lib/gcc/arm-none-eabi/10.3.1/../../../../arm-none-eabi/lib/thumb/v7e-m+dp/hard\libc_nano.a(lib_a-memchr.o)
                0x0000000008000250                memchr
 .text          0x00000000080002f0       0x30 d:/programdata/stm32cubeide_1.10.1/stm32cubeide/plugins/com.st.stm32cube.ide.mcu.externaltools.gnu-tools-for-stm32.10.3-2021.10.win32_1.0.0.202111181127/tools/bin/../lib/gcc/arm-none-eabi/10.3.1/thumb/v7e-m+dp/hard\libgcc.a(_aeabi_uldivmod.o)
                0x00000000080002f0                __aeabi_uldivmod
 .text          0x0000000008000320      0x2d0 d:/programdata/stm32cubeide_1.10.1/stm32cubeide/plugins/com.st.stm32cube.ide.mcu.externaltools.gnu-tools-for-stm32.10.3-2021.10.win32_1.0.0.202111181127/tools/bin/../lib/gcc/arm-none-eabi/10.3.1/thumb/v7e-m+dp/hard\libgcc.a(_udivmoddi4.o)
                0x0000000008000320                __udivmoddi4
 .text          0x00000000080005f0        0x4 d:/programdata/stm32cubeide_1.10.1/stm32cubeide/plugins/com.st.stm32cube.ide.mcu.externaltools.gnu-tools-for-stm32.10.3-2021.10.win32_1.0.0.202111181127/tools/bin/../lib/gcc/arm-none-eabi/10.3.1/thumb/v7e-m+dp/hard\libgcc.a(_dvmd_tls.o)
                0x00000000080005f0                __aeabi_idiv0
                0x00000000080005f0                __aeabi_ldiv0
 *(.text*)
 .text.MX_ADC1_Init
                0x00000000080005f4       0xa4 ./Core/Src/adc.o
                0x00000000080005f4                MX_ADC1_Init
 .text.HAL_ADC_MspInit
                0x0000000008000698       0x80 ./Core/Src/adc.o
                0x0000000008000698                HAL_ADC_MspInit
 .text.am2320_Init
                0x0000000008000718       0x2e ./Core/Src/am2320.o
                0x0000000008000718                am2320_Init
 *fill*         0x0000000008000746        0x2 
 .text.am2320_ReadValue
                0x0000000008000748       0xa8 ./Core/Src/am2320.o
                0x0000000008000748                am2320_ReadValue
 .text.am2320_GetTemperatureAndHumidity
                0x00000000080007f0       0x82 ./Core/Src/am2320.o
                0x00000000080007f0                am2320_GetTemperatureAndHumidity
 *fill*         0x0000000008000872        0x2 
 .text.MX_GPIO_Init
                0x0000000008000874      0x264 ./Core/Src/gpio.o
                0x0000000008000874                MX_GPIO_Init
 .text.MX_I2C1_Init
                0x0000000008000ad8       0x80 ./Core/Src/i2c.o
                0x0000000008000ad8                MX_I2C1_Init
 .text.HAL_I2C_MspInit
                0x0000000008000b58       0x88 ./Core/Src/i2c.o
                0x0000000008000b58                HAL_I2C_MspInit
 .text.SCB_EnableICache
                0x0000000008000be0       0x4c ./Core/Src/main.o
 .text.SCB_EnableDCache
                0x0000000008000c2c       0x88 ./Core/Src/main.o
 *fill*         0x0000000008000cb4        0x4 
 .text.main     0x0000000008000cb8      0x698 ./Core/Src/main.o
                0x0000000008000cb8                main
 .text.SystemClock_Config
                0x0000000008001350      0x134 ./Core/Src/main.o
                0x0000000008001350                SystemClock_Config
 .text.Error_Handler
                0x0000000008001484        0x6 ./Core/Src/main.o
                0x0000000008001484                Error_Handler
 *fill*         0x000000000800148a        0x2 
 .text.MX_RNG_Init
                0x000000000800148c       0x28 ./Core/Src/rng.o
                0x000000000800148c                MX_RNG_Init
 .text.HAL_RNG_MspInit
                0x00000000080014b4       0x40 ./Core/Src/rng.o
                0x00000000080014b4                HAL_RNG_MspInit
 .text.MX_SPI5_Init
                0x00000000080014f4       0x7c ./Core/Src/spi.o
                0x00000000080014f4                MX_SPI5_Init
 .text.HAL_SPI_MspInit
                0x0000000008001570       0x88 ./Core/Src/spi.o
                0x0000000008001570                HAL_SPI_MspInit
 .text.HAL_MspInit
                0x00000000080015f8       0x48 ./Core/Src/stm32f7xx_hal_msp.o
                0x00000000080015f8                HAL_MspInit
 .text.SysTick_Handler
                0x0000000008001640        0xc ./Core/Src/stm32f7xx_it.o
                0x0000000008001640                SysTick_Handler
 .text.TIM8_UP_TIM13_IRQHandler
                0x000000000800164c       0x20 ./Core/Src/stm32f7xx_it.o
                0x000000000800164c                TIM8_UP_TIM13_IRQHandler
 .text._getpid  0x000000000800166c       0x10 ./Core/Src/syscalls.o
                0x000000000800166c                _getpid
 .text._kill    0x000000000800167c       0x20 ./Core/Src/syscalls.o
                0x000000000800167c                _kill
 .text._exit    0x000000000800169c       0x14 ./Core/Src/syscalls.o
                0x000000000800169c                _exit
 .text._read    0x00000000080016b0       0x3a ./Core/Src/syscalls.o
                0x00000000080016b0                _read
 .text._write   0x00000000080016ea       0x38 ./Core/Src/syscalls.o
                0x00000000080016ea                _write
 .text._close   0x0000000008001722       0x18 ./Core/Src/syscalls.o
                0x0000000008001722                _close
 .text._fstat   0x000000000800173a       0x20 ./Core/Src/syscalls.o
                0x000000000800173a                _fstat
 .text._isatty  0x000000000800175a       0x16 ./Core/Src/syscalls.o
                0x000000000800175a                _isatty
 .text._lseek   0x0000000008001770       0x1a ./Core/Src/syscalls.o
                0x0000000008001770                _lseek
 *fill*         0x000000000800178a        0x2 
 .text._sbrk    0x000000000800178c       0x6c ./Core/Src/sysmem.o
                0x000000000800178c                _sbrk
 .text.SystemInit
                0x00000000080017f8       0x6c ./Core/Src/system_stm32f7xx.o
                0x00000000080017f8                SystemInit
 .text.MX_TIM1_Init
                0x0000000008001864       0xa8 ./Core/Src/tim.o
                0x0000000008001864                MX_TIM1_Init
 .text.MX_TIM2_Init
                0x000000000800190c       0xb4 ./Core/Src/tim.o
                0x000000000800190c                MX_TIM2_Init
 .text.MX_TIM8_Init
                0x00000000080019c0       0xa8 ./Core/Src/tim.o
                0x00000000080019c0                MX_TIM8_Init
 .text.HAL_TIM_Base_MspInit
                0x0000000008001a68       0x74 ./Core/Src/tim.o
                0x0000000008001a68                HAL_TIM_Base_MspInit
 .text.HAL_TIM_PWM_MspInit
                0x0000000008001adc       0x3c ./Core/Src/tim.o
                0x0000000008001adc                HAL_TIM_PWM_MspInit
 .text.HAL_TIM_MspPostInit
                0x0000000008001b18       0x6c ./Core/Src/tim.o
                0x0000000008001b18                HAL_TIM_MspPostInit
 .text.MX_USART3_UART_Init
                0x0000000008001b84       0x60 ./Core/Src/usart.o
                0x0000000008001b84                MX_USART3_UART_Init
 .text.HAL_UART_MspInit
                0x0000000008001be4       0x88 ./Core/Src/usart.o
                0x0000000008001be4                HAL_UART_MspInit
 .text.Reset_Handler
                0x0000000008001c6c       0x50 ./Core/Startup/startup_stm32f767zitx.o
                0x0000000008001c6c                Reset_Handler
 .text.Default_Handler
                0x0000000008001cbc        0x2 ./Core/Startup/startup_stm32f767zitx.o
                0x0000000008001cbc                RTC_Alarm_IRQHandler
                0x0000000008001cbc                EXTI2_IRQHandler
                0x0000000008001cbc                TIM8_CC_IRQHandler
                0x0000000008001cbc                DebugMon_Handler
                0x0000000008001cbc                UART8_IRQHandler
                0x0000000008001cbc                SPI4_IRQHandler
                0x0000000008001cbc                TIM1_CC_IRQHandler
                0x0000000008001cbc                DMA2_Stream5_IRQHandler
                0x0000000008001cbc                HardFault_Handler
                0x0000000008001cbc                JPEG_IRQHandler
                0x0000000008001cbc                DMA1_Stream5_IRQHandler
                0x0000000008001cbc                CAN3_RX1_IRQHandler
                0x0000000008001cbc                PVD_IRQHandler
                0x0000000008001cbc                TAMP_STAMP_IRQHandler
                0x0000000008001cbc                PendSV_Handler
                0x0000000008001cbc                NMI_Handler
                0x0000000008001cbc                CAN2_RX1_IRQHandler
                0x0000000008001cbc                EXTI3_IRQHandler
                0x0000000008001cbc                TIM8_TRG_COM_TIM14_IRQHandler
                0x0000000008001cbc                DFSDM1_FLT1_IRQHandler
                0x0000000008001cbc                TIM1_UP_TIM10_IRQHandler
                0x0000000008001cbc                I2C3_ER_IRQHandler
                0x0000000008001cbc                DFSDM1_FLT2_IRQHandler
                0x0000000008001cbc                EXTI0_IRQHandler
                0x0000000008001cbc                I2C2_EV_IRQHandler
                0x0000000008001cbc                DMA1_Stream2_IRQHandler
                0x0000000008001cbc                CAN1_RX0_IRQHandler
                0x0000000008001cbc                FPU_IRQHandler
                0x0000000008001cbc                OTG_HS_WKUP_IRQHandler
                0x0000000008001cbc                CAN3_SCE_IRQHandler
                0x0000000008001cbc                UsageFault_Handler
                0x0000000008001cbc                LTDC_ER_IRQHandler
                0x0000000008001cbc                CAN2_SCE_IRQHandler
                0x0000000008001cbc                DMA2_Stream2_IRQHandler
                0x0000000008001cbc                SPI1_IRQHandler
                0x0000000008001cbc                TIM6_DAC_IRQHandler
                0x0000000008001cbc                TIM1_BRK_TIM9_IRQHandler
                0x0000000008001cbc                DCMI_IRQHandler
                0x0000000008001cbc                CAN2_RX0_IRQHandler
                0x0000000008001cbc                DMA2_Stream3_IRQHandler
                0x0000000008001cbc                SAI2_IRQHandler
                0x0000000008001cbc                DFSDM1_FLT3_IRQHandler
                0x0000000008001cbc                USART6_IRQHandler
                0x0000000008001cbc                CAN3_RX0_IRQHandler
                0x0000000008001cbc                USART3_IRQHandler
                0x0000000008001cbc                CAN1_RX1_IRQHandler
                0x0000000008001cbc                UART5_IRQHandler
                0x0000000008001cbc                DMA2_Stream0_IRQHandler
                0x0000000008001cbc                TIM4_IRQHandler
                0x0000000008001cbc                QUADSPI_IRQHandler
                0x0000000008001cbc                I2C1_EV_IRQHandler
                0x0000000008001cbc                DMA1_Stream6_IRQHandler
                0x0000000008001cbc                DMA1_Stream1_IRQHandler
                0x0000000008001cbc                UART4_IRQHandler
                0x0000000008001cbc                TIM3_IRQHandler
                0x0000000008001cbc                RCC_IRQHandler
                0x0000000008001cbc                TIM8_BRK_TIM12_IRQHandler
                0x0000000008001cbc                Default_Handler
                0x0000000008001cbc                CEC_IRQHandler
                0x0000000008001cbc                EXTI15_10_IRQHandler
                0x0000000008001cbc                ADC_IRQHandler
                0x0000000008001cbc                DMA1_Stream7_IRQHandler
                0x0000000008001cbc                SPI5_IRQHandler
                0x0000000008001cbc                TIM7_IRQHandler
                0x0000000008001cbc                SDMMC1_IRQHandler
                0x0000000008001cbc                CAN2_TX_IRQHandler
                0x0000000008001cbc                TIM5_IRQHandler
                0x0000000008001cbc                DMA2_Stream7_IRQHandler
                0x0000000008001cbc                I2C3_EV_IRQHandler
                0x0000000008001cbc                EXTI9_5_IRQHandler
                0x0000000008001cbc                RTC_WKUP_IRQHandler
                0x0000000008001cbc                LTDC_IRQHandler
                0x0000000008001cbc                ETH_WKUP_IRQHandler
                0x0000000008001cbc                SPDIF_RX_IRQHandler
                0x0000000008001cbc                SPI2_IRQHandler
                0x0000000008001cbc                OTG_HS_EP1_IN_IRQHandler
                0x0000000008001cbc                MemManage_Handler
                0x0000000008001cbc                DMA1_Stream0_IRQHandler
                0x0000000008001cbc                CAN1_TX_IRQHandler
                0x0000000008001cbc                SVC_Handler
                0x0000000008001cbc                EXTI4_IRQHandler
                0x0000000008001cbc                RNG_IRQHandler
                0x0000000008001cbc                ETH_IRQHandler
                0x0000000008001cbc                OTG_HS_EP1_OUT_IRQHandler
                0x0000000008001cbc                WWDG_IRQHandler
                0x0000000008001cbc                SPI6_IRQHandler
                0x0000000008001cbc                MDIOS_IRQHandler
                0x0000000008001cbc                I2C4_EV_IRQHandler
                0x0000000008001cbc                CAN3_TX_IRQHandler
                0x0000000008001cbc                TIM2_IRQHandler
                0x0000000008001cbc                OTG_FS_WKUP_IRQHandler
                0x0000000008001cbc                TIM1_TRG_COM_TIM11_IRQHandler
                0x0000000008001cbc                OTG_HS_IRQHandler
                0x0000000008001cbc                DMA2D_IRQHandler
                0x0000000008001cbc                EXTI1_IRQHandler
                0x0000000008001cbc                SDMMC2_IRQHandler
                0x0000000008001cbc                UART7_IRQHandler
                0x0000000008001cbc                USART2_IRQHandler
                0x0000000008001cbc                DFSDM1_FLT0_IRQHandler
                0x0000000008001cbc                I2C2_ER_IRQHandler
                0x0000000008001cbc                DMA2_Stream1_IRQHandler
                0x0000000008001cbc                CAN1_SCE_IRQHandler
                0x0000000008001cbc                FLASH_IRQHandler
                0x0000000008001cbc                DMA2_Stream4_IRQHandler
                0x0000000008001cbc                BusFault_Handler
                0x0000000008001cbc                USART1_IRQHandler
                0x0000000008001cbc                OTG_FS_IRQHandler
                0x0000000008001cbc                SPI3_IRQHandler
                0x0000000008001cbc                DMA1_Stream4_IRQHandler
                0x0000000008001cbc                I2C1_ER_IRQHandler
                0x0000000008001cbc                FMC_IRQHandler
                0x0000000008001cbc                LPTIM1_IRQHandler
                0x0000000008001cbc                I2C4_ER_IRQHandler
                0x0000000008001cbc                DMA2_Stream6_IRQHandler
                0x0000000008001cbc                SAI1_IRQHandler
                0x0000000008001cbc                DMA1_Stream3_IRQHandler
 .text.ILI9341_Draw_Filled_Circle
                0x0000000008001cbe      0x110 ./Drivers/ILI9341/ILI9341_GFX.o
                0x0000000008001cbe                ILI9341_Draw_Filled_Circle
 .text.ILI9341_Draw_Filled_Rectangle_Coord
                0x0000000008001dce       0xbc ./Drivers/ILI9341/ILI9341_GFX.o
                0x0000000008001dce                ILI9341_Draw_Filled_Rectangle_Coord
 *fill*         0x0000000008001e8a        0x2 
 .text.ILI9341_Draw_Char
                0x0000000008001e8c      0x134 ./Drivers/ILI9341/ILI9341_GFX.o
                0x0000000008001e8c                ILI9341_Draw_Char
 .text.ILI9341_Draw_Text
                0x0000000008001fc0       0x5e ./Drivers/ILI9341/ILI9341_GFX.o
                0x0000000008001fc0                ILI9341_Draw_Text
 *fill*         0x000000000800201e        0x2 
 .text.ILI9341_Draw_Image
                0x0000000008002020      0x35c ./Drivers/ILI9341/ILI9341_GFX.o
                0x0000000008002020                ILI9341_Draw_Image
 .text.ILI9341_SPI_Init
                0x000000000800237c       0x20 ./Drivers/ILI9341/ILI9341_STM32_Driver.o
                0x000000000800237c                ILI9341_SPI_Init
 .text.ILI9341_SPI_Send
                0x000000000800239c       0x24 ./Drivers/ILI9341/ILI9341_STM32_Driver.o
                0x000000000800239c                ILI9341_SPI_Send
 .text.ILI9341_Write_Command
                0x00000000080023c0       0x44 ./Drivers/ILI9341/ILI9341_STM32_Driver.o
                0x00000000080023c0                ILI9341_Write_Command
 .text.ILI9341_Write_Data
                0x0000000008002404       0x44 ./Drivers/ILI9341/ILI9341_STM32_Driver.o
                0x0000000008002404                ILI9341_Write_Data
 .text.ILI9341_Set_Address
                0x0000000008002448       0x98 ./Drivers/ILI9341/ILI9341_STM32_Driver.o
                0x0000000008002448                ILI9341_Set_Address
 .text.ILI9341_Reset
                0x00000000080024e0       0x3c ./Drivers/ILI9341/ILI9341_STM32_Driver.o
                0x00000000080024e0                ILI9341_Reset
 .text.ILI9341_Set_Rotation
                0x000000000800251c       0xa4 ./Drivers/ILI9341/ILI9341_STM32_Driver.o
                0x000000000800251c                ILI9341_Set_Rotation
 .text.ILI9341_Enable
                0x00000000080025c0       0x18 ./Drivers/ILI9341/ILI9341_STM32_Driver.o
                0x00000000080025c0                ILI9341_Enable
 .text.ILI9341_Init
                0x00000000080025d8      0x21a ./Drivers/ILI9341/ILI9341_STM32_Driver.o
                0x00000000080025d8                ILI9341_Init
 *fill*         0x00000000080027f2        0x2 
 .text.ILI9341_Draw_Colour_Burst
                0x00000000080027f4      0x13c ./Drivers/ILI9341/ILI9341_STM32_Driver.o
                0x00000000080027f4                ILI9341_Draw_Colour_Burst
 .text.ILI9341_Fill_Screen
                0x0000000008002930       0x4c ./Drivers/ILI9341/ILI9341_STM32_Driver.o
                0x0000000008002930                ILI9341_Fill_Screen
 .text.ILI9341_Draw_Pixel
                0x000000000800297c      0x1b4 ./Drivers/ILI9341/ILI9341_STM32_Driver.o
                0x000000000800297c                ILI9341_Draw_Pixel
 .text.ILI9341_Draw_Rectangle
                0x0000000008002b30       0xb8 ./Drivers/ILI9341/ILI9341_STM32_Driver.o
                0x0000000008002b30                ILI9341_Draw_Rectangle
 .text.TP_Read  0x0000000008002be8       0x58 ./Drivers/ILI9341/ILI9341_Touchscreen.o
                0x0000000008002be8                TP_Read
 .text.TP_Write
                0x0000000008002c40       0x6c ./Drivers/ILI9341/ILI9341_Touchscreen.o
                0x0000000008002c40                TP_Write
 *fill*         0x0000000008002cac        0x4 
 .text.TP_Read_Coordinates
                0x0000000008002cb0      0x184 ./Drivers/ILI9341/ILI9341_Touchscreen.o
                0x0000000008002cb0                TP_Read_Coordinates
 .text.TP_Touchpad_Pressed
                0x0000000008002e34       0x20 ./Drivers/ILI9341/ILI9341_Touchscreen.o
                0x0000000008002e34                TP_Touchpad_Pressed
 .text.HAL_Init
                0x0000000008002e54       0x38 ./Drivers/STM32F7xx_HAL_Driver/Src/stm32f7xx_hal.o
                0x0000000008002e54                HAL_Init
 .text.HAL_InitTick
                0x0000000008002e8c       0x60 ./Drivers/STM32F7xx_HAL_Driver/Src/stm32f7xx_hal.o
                0x0000000008002e8c                HAL_InitTick
 .text.HAL_IncTick
                0x0000000008002eec       0x28 ./Drivers/STM32F7xx_HAL_Driver/Src/stm32f7xx_hal.o
                0x0000000008002eec                HAL_IncTick
 .text.HAL_GetTick
                0x0000000008002f14       0x18 ./Drivers/STM32F7xx_HAL_Driver/Src/stm32f7xx_hal.o
                0x0000000008002f14                HAL_GetTick
 .text.HAL_Delay
                0x0000000008002f2c       0x48 ./Drivers/STM32F7xx_HAL_Driver/Src/stm32f7xx_hal.o
                0x0000000008002f2c                HAL_Delay
 .text.HAL_ADC_Init
                0x0000000008002f74       0x88 ./Drivers/STM32F7xx_HAL_Driver/Src/stm32f7xx_hal_adc.o
                0x0000000008002f74                HAL_ADC_Init
 .text.HAL_ADC_Start
                0x0000000008002ffc      0x19c ./Drivers/STM32F7xx_HAL_Driver/Src/stm32f7xx_hal_adc.o
                0x0000000008002ffc                HAL_ADC_Start
 .text.HAL_ADC_PollForConversion
                0x0000000008003198      0x116 ./Drivers/STM32F7xx_HAL_Driver/Src/stm32f7xx_hal_adc.o
                0x0000000008003198                HAL_ADC_PollForConversion
 .text.HAL_ADC_GetValue
                0x00000000080032ae       0x1a ./Drivers/STM32F7xx_HAL_Driver/Src/stm32f7xx_hal_adc.o
                0x00000000080032ae                HAL_ADC_GetValue
 .text.HAL_ADC_ConfigChannel
                0x00000000080032c8      0x294 ./Drivers/STM32F7xx_HAL_Driver/Src/stm32f7xx_hal_adc.o
                0x00000000080032c8                HAL_ADC_ConfigChannel
 .text.ADC_Init
                0x000000000800355c      0x1f4 ./Drivers/STM32F7xx_HAL_Driver/Src/stm32f7xx_hal_adc.o
 .text.__NVIC_SetPriorityGrouping
                0x0000000008003750       0x48 ./Drivers/STM32F7xx_HAL_Driver/Src/stm32f7xx_hal_cortex.o
 .text.__NVIC_GetPriorityGrouping
                0x0000000008003798       0x1c ./Drivers/STM32F7xx_HAL_Driver/Src/stm32f7xx_hal_cortex.o
 .text.__NVIC_EnableIRQ
                0x00000000080037b4       0x3c ./Drivers/STM32F7xx_HAL_Driver/Src/stm32f7xx_hal_cortex.o
 .text.__NVIC_SetPriority
                0x00000000080037f0       0x54 ./Drivers/STM32F7xx_HAL_Driver/Src/stm32f7xx_hal_cortex.o
 .text.NVIC_EncodePriority
                0x0000000008003844       0x66 ./Drivers/STM32F7xx_HAL_Driver/Src/stm32f7xx_hal_cortex.o
 *fill*         0x00000000080038aa        0x2 
 .text.SysTick_Config
                0x00000000080038ac       0x44 ./Drivers/STM32F7xx_HAL_Driver/Src/stm32f7xx_hal_cortex.o
 .text.HAL_NVIC_SetPriorityGrouping
                0x00000000080038f0       0x16 ./Drivers/STM32F7xx_HAL_Driver/Src/stm32f7xx_hal_cortex.o
                0x00000000080038f0                HAL_NVIC_SetPriorityGrouping
 .text.HAL_NVIC_SetPriority
                0x0000000008003906       0x38 ./Drivers/STM32F7xx_HAL_Driver/Src/stm32f7xx_hal_cortex.o
                0x0000000008003906                HAL_NVIC_SetPriority
 .text.HAL_NVIC_EnableIRQ
                0x000000000800393e       0x1c ./Drivers/STM32F7xx_HAL_Driver/Src/stm32f7xx_hal_cortex.o
                0x000000000800393e                HAL_NVIC_EnableIRQ
 .text.HAL_SYSTICK_Config
                0x000000000800395a       0x18 ./Drivers/STM32F7xx_HAL_Driver/Src/stm32f7xx_hal_cortex.o
                0x000000000800395a                HAL_SYSTICK_Config
 *fill*         0x0000000008003972        0x2 
 .text.HAL_GPIO_Init
                0x0000000008003974      0x358 ./Drivers/STM32F7xx_HAL_Driver/Src/stm32f7xx_hal_gpio.o
                0x0000000008003974                HAL_GPIO_Init
 .text.HAL_GPIO_ReadPin
                0x0000000008003ccc       0x30 ./Drivers/STM32F7xx_HAL_Driver/Src/stm32f7xx_hal_gpio.o
                0x0000000008003ccc                HAL_GPIO_ReadPin
 .text.HAL_GPIO_WritePin
                0x0000000008003cfc       0x32 ./Drivers/STM32F7xx_HAL_Driver/Src/stm32f7xx_hal_gpio.o
                0x0000000008003cfc                HAL_GPIO_WritePin
 *fill*         0x0000000008003d2e        0x2 
 .text.HAL_I2C_Init
                0x0000000008003d30      0x120 ./Drivers/STM32F7xx_HAL_Driver/Src/stm32f7xx_hal_i2c.o
                0x0000000008003d30                HAL_I2C_Init
 .text.HAL_I2C_Master_Transmit
                0x0000000008003e50      0x1e8 ./Drivers/STM32F7xx_HAL_Driver/Src/stm32f7xx_hal_i2c.o
                0x0000000008003e50                HAL_I2C_Master_Transmit
 .text.HAL_I2C_Master_Receive
                0x0000000008004038      0x1ec ./Drivers/STM32F7xx_HAL_Driver/Src/stm32f7xx_hal_i2c.o
                0x0000000008004038                HAL_I2C_Master_Receive
 .text.I2C_Flush_TXDR
                0x0000000008004224       0x48 ./Drivers/STM32F7xx_HAL_Driver/Src/stm32f7xx_hal_i2c.o
 .text.I2C_WaitOnFlagUntilTimeout
                0x000000000800426c       0x80 ./Drivers/STM32F7xx_HAL_Driver/Src/stm32f7xx_hal_i2c.o
 .text.I2C_WaitOnTXISFlagUntilTimeout
                0x00000000080042ec       0x80 ./Drivers/STM32F7xx_HAL_Driver/Src/stm32f7xx_hal_i2c.o
 .text.I2C_WaitOnSTOPFlagUntilTimeout
                0x000000000800436c       0x78 ./Drivers/STM32F7xx_HAL_Driver/Src/stm32f7xx_hal_i2c.o
 .text.I2C_WaitOnRXNEFlagUntilTimeout
                0x00000000080043e4       0xd8 ./Drivers/STM32F7xx_HAL_Driver/Src/stm32f7xx_hal_i2c.o
 .text.I2C_IsAcknowledgeFailed
                0x00000000080044bc       0xcc ./Drivers/STM32F7xx_HAL_Driver/Src/stm32f7xx_hal_i2c.o
 .text.I2C_TransferConfig
                0x0000000008004588       0x5c ./Drivers/STM32F7xx_HAL_Driver/Src/stm32f7xx_hal_i2c.o
 .text.HAL_I2CEx_ConfigAnalogFilter
                0x00000000080045e4       0x96 ./Drivers/STM32F7xx_HAL_Driver/Src/stm32f7xx_hal_i2c_ex.o
                0x00000000080045e4                HAL_I2CEx_ConfigAnalogFilter
 .text.HAL_I2CEx_ConfigDigitalFilter
                0x000000000800467a       0x98 ./Drivers/STM32F7xx_HAL_Driver/Src/stm32f7xx_hal_i2c_ex.o
                0x000000000800467a                HAL_I2CEx_ConfigDigitalFilter
 *fill*         0x0000000008004712        0x2 
 .text.HAL_PWR_EnableBkUpAccess
                0x0000000008004714       0x20 ./Drivers/STM32F7xx_HAL_Driver/Src/stm32f7xx_hal_pwr.o
                0x0000000008004714                HAL_PWR_EnableBkUpAccess
 .text.HAL_PWREx_EnableOverDrive
                0x0000000008004734       0xa0 ./Drivers/STM32F7xx_HAL_Driver/Src/stm32f7xx_hal_pwr_ex.o
                0x0000000008004734                HAL_PWREx_EnableOverDrive
 .text.HAL_RCC_OscConfig
                0x00000000080047d4      0x55c ./Drivers/STM32F7xx_HAL_Driver/Src/stm32f7xx_hal_rcc.o
                0x00000000080047d4                HAL_RCC_OscConfig
 .text.HAL_RCC_ClockConfig
                0x0000000008004d30      0x1d8 ./Drivers/STM32F7xx_HAL_Driver/Src/stm32f7xx_hal_rcc.o
                0x0000000008004d30                HAL_RCC_ClockConfig
 .text.HAL_RCC_GetSysClockFreq
                0x0000000008004f08      0x20c ./Drivers/STM32F7xx_HAL_Driver/Src/stm32f7xx_hal_rcc.o
                0x0000000008004f08                HAL_RCC_GetSysClockFreq
 .text.HAL_RCC_GetHCLKFreq
                0x0000000008005114       0x18 ./Drivers/STM32F7xx_HAL_Driver/Src/stm32f7xx_hal_rcc.o
                0x0000000008005114                HAL_RCC_GetHCLKFreq
 .text.HAL_RCC_GetPCLK1Freq
                0x000000000800512c       0x28 ./Drivers/STM32F7xx_HAL_Driver/Src/stm32f7xx_hal_rcc.o
                0x000000000800512c                HAL_RCC_GetPCLK1Freq
 .text.HAL_RCC_GetPCLK2Freq
                0x0000000008005154       0x28 ./Drivers/STM32F7xx_HAL_Driver/Src/stm32f7xx_hal_rcc.o
                0x0000000008005154                HAL_RCC_GetPCLK2Freq
 .text.HAL_RCCEx_PeriphCLKConfig
                0x000000000800517c      0x850 ./Drivers/STM32F7xx_HAL_Driver/Src/stm32f7xx_hal_rcc_ex.o
                0x000000000800517c                HAL_RCCEx_PeriphCLKConfig
 .text.HAL_RNG_Init
                0x00000000080059cc       0x54 ./Drivers/STM32F7xx_HAL_Driver/Src/stm32f7xx_hal_rng.o
                0x00000000080059cc                HAL_RNG_Init
 .text.HAL_SPI_Init
                0x0000000008005a20      0x156 ./Drivers/STM32F7xx_HAL_Driver/Src/stm32f7xx_hal_spi.o
                0x0000000008005a20                HAL_SPI_Init
 .text.HAL_SPI_Transmit
                0x0000000008005b76      0x2dc ./Drivers/STM32F7xx_HAL_Driver/Src/stm32f7xx_hal_spi.o
                0x0000000008005b76                HAL_SPI_Transmit
 *fill*         0x0000000008005e52        0x2 
 .text.SPI_WaitFlagStateUntilTimeout
                0x0000000008005e54      0x110 ./Drivers/STM32F7xx_HAL_Driver/Src/stm32f7xx_hal_spi.o
 .text.SPI_WaitFifoStateUntilTimeout
                0x0000000008005f64      0x124 ./Drivers/STM32F7xx_HAL_Driver/Src/stm32f7xx_hal_spi.o
 .text.SPI_EndRxTxTransaction
                0x0000000008006088       0x8c ./Drivers/STM32F7xx_HAL_Driver/Src/stm32f7xx_hal_spi.o
 .text.HAL_TIM_Base_Init
                0x0000000008006114       0xae ./Drivers/STM32F7xx_HAL_Driver/Src/stm32f7xx_hal_tim.o
                0x0000000008006114                HAL_TIM_Base_Init
 *fill*         0x00000000080061c2        0x2 
 .text.HAL_TIM_Base_Start_IT
                0x00000000080061c4       0xf0 ./Drivers/STM32F7xx_HAL_Driver/Src/stm32f7xx_hal_tim.o
                0x00000000080061c4                HAL_TIM_Base_Start_IT
 .text.HAL_TIM_PWM_Init
                0x00000000080062b4       0xae ./Drivers/STM32F7xx_HAL_Driver/Src/stm32f7xx_hal_tim.o
                0x00000000080062b4                HAL_TIM_PWM_Init
 *fill*         0x0000000008006362        0x2 
 .text.HAL_TIM_PWM_Start
                0x0000000008006364      0x1f4 ./Drivers/STM32F7xx_HAL_Driver/Src/stm32f7xx_hal_tim.o
                0x0000000008006364                HAL_TIM_PWM_Start
 .text.HAL_TIM_IRQHandler
                0x0000000008006558      0x23e ./Drivers/STM32F7xx_HAL_Driver/Src/stm32f7xx_hal_tim.o
                0x0000000008006558                HAL_TIM_IRQHandler
 *fill*         0x0000000008006796        0x2 
 .text.HAL_TIM_PWM_ConfigChannel
                0x0000000008006798      0x220 ./Drivers/STM32F7xx_HAL_Driver/Src/stm32f7xx_hal_tim.o
                0x0000000008006798                HAL_TIM_PWM_ConfigChannel
 .text.HAL_TIM_ConfigClockSource
                0x00000000080069b8      0x18c ./Drivers/STM32F7xx_HAL_Driver/Src/stm32f7xx_hal_tim.o
                0x00000000080069b8                HAL_TIM_ConfigClockSource
 .text.HAL_TIM_PeriodElapsedCallback
                0x0000000008006b44       0x14 ./Drivers/STM32F7xx_HAL_Driver/Src/stm32f7xx_hal_tim.o
                0x0000000008006b44                HAL_TIM_PeriodElapsedCallback
 .text.HAL_TIM_OC_DelayElapsedCallback
                0x0000000008006b58       0x14 ./Drivers/STM32F7xx_HAL_Driver/Src/stm32f7xx_hal_tim.o
                0x0000000008006b58                HAL_TIM_OC_DelayElapsedCallback
 .text.HAL_TIM_IC_CaptureCallback
                0x0000000008006b6c       0x14 ./Drivers/STM32F7xx_HAL_Driver/Src/stm32f7xx_hal_tim.o
                0x0000000008006b6c                HAL_TIM_IC_CaptureCallback
 .text.HAL_TIM_PWM_PulseFinishedCallback
                0x0000000008006b80       0x14 ./Drivers/STM32F7xx_HAL_Driver/Src/stm32f7xx_hal_tim.o
                0x0000000008006b80                HAL_TIM_PWM_PulseFinishedCallback
 .text.HAL_TIM_TriggerCallback
                0x0000000008006b94       0x14 ./Drivers/STM32F7xx_HAL_Driver/Src/stm32f7xx_hal_tim.o
                0x0000000008006b94                HAL_TIM_TriggerCallback
 .text.TIM_Base_SetConfig
                0x0000000008006ba8      0x140 ./Drivers/STM32F7xx_HAL_Driver/Src/stm32f7xx_hal_tim.o
                0x0000000008006ba8                TIM_Base_SetConfig
 .text.TIM_OC1_SetConfig
                0x0000000008006ce8       0xe4 ./Drivers/STM32F7xx_HAL_Driver/Src/stm32f7xx_hal_tim.o
 .text.TIM_OC2_SetConfig
                0x0000000008006dcc       0xf0 ./Drivers/STM32F7xx_HAL_Driver/Src/stm32f7xx_hal_tim.o
                0x0000000008006dcc                TIM_OC2_SetConfig
 .text.TIM_OC3_SetConfig
                0x0000000008006ebc       0xec ./Drivers/STM32F7xx_HAL_Driver/Src/stm32f7xx_hal_tim.o
 .text.TIM_OC4_SetConfig
                0x0000000008006fa8       0xb0 ./Drivers/STM32F7xx_HAL_Driver/Src/stm32f7xx_hal_tim.o
 .text.TIM_OC5_SetConfig
                0x0000000008007058       0xa4 ./Drivers/STM32F7xx_HAL_Driver/Src/stm32f7xx_hal_tim.o
 .text.TIM_OC6_SetConfig
                0x00000000080070fc       0xa8 ./Drivers/STM32F7xx_HAL_Driver/Src/stm32f7xx_hal_tim.o
 .text.TIM_TI1_ConfigInputStage
                0x00000000080071a4       0x5e ./Drivers/STM32F7xx_HAL_Driver/Src/stm32f7xx_hal_tim.o
 .text.TIM_TI2_ConfigInputStage
                0x0000000008007202       0x60 ./Drivers/STM32F7xx_HAL_Driver/Src/stm32f7xx_hal_tim.o
 .text.TIM_ITRx_SetConfig
                0x0000000008007262       0x36 ./Drivers/STM32F7xx_HAL_Driver/Src/stm32f7xx_hal_tim.o
 .text.TIM_ETR_SetConfig
                0x0000000008007298       0x40 ./Drivers/STM32F7xx_HAL_Driver/Src/stm32f7xx_hal_tim.o
                0x0000000008007298                TIM_ETR_SetConfig
 .text.TIM_CCxChannelCmd
                0x00000000080072d8       0x4a ./Drivers/STM32F7xx_HAL_Driver/Src/stm32f7xx_hal_tim.o
                0x00000000080072d8                TIM_CCxChannelCmd
 *fill*         0x0000000008007322        0x2 
 .text.HAL_TIMEx_MasterConfigSynchronization
                0x0000000008007324      0x11c ./Drivers/STM32F7xx_HAL_Driver/Src/stm32f7xx_hal_tim_ex.o
                0x0000000008007324                HAL_TIMEx_MasterConfigSynchronization
 .text.HAL_TIMEx_CommutCallback
                0x0000000008007440       0x14 ./Drivers/STM32F7xx_HAL_Driver/Src/stm32f7xx_hal_tim_ex.o
                0x0000000008007440                HAL_TIMEx_CommutCallback
 .text.HAL_TIMEx_BreakCallback
                0x0000000008007454       0x14 ./Drivers/STM32F7xx_HAL_Driver/Src/stm32f7xx_hal_tim_ex.o
                0x0000000008007454                HAL_TIMEx_BreakCallback
 .text.HAL_TIMEx_Break2Callback
                0x0000000008007468       0x14 ./Drivers/STM32F7xx_HAL_Driver/Src/stm32f7xx_hal_tim_ex.o
                0x0000000008007468                HAL_TIMEx_Break2Callback
 .text.HAL_UART_Init
                0x000000000800747c       0x9c ./Drivers/STM32F7xx_HAL_Driver/Src/stm32f7xx_hal_uart.o
                0x000000000800747c                HAL_UART_Init
 .text.HAL_UART_Transmit
                0x0000000008007518      0x126 ./Drivers/STM32F7xx_HAL_Driver/Src/stm32f7xx_hal_uart.o
                0x0000000008007518                HAL_UART_Transmit
 *fill*         0x000000000800763e        0x2 
 .text.UART_SetConfig
                0x0000000008007640      0x4c8 ./Drivers/STM32F7xx_HAL_Driver/Src/stm32f7xx_hal_uart.o
                0x0000000008007640                UART_SetConfig
 .text.UART_AdvFeatureConfig
                0x0000000008007b08      0x144 ./Drivers/STM32F7xx_HAL_Driver/Src/stm32f7xx_hal_uart.o
                0x0000000008007b08                UART_AdvFeatureConfig
 .text.UART_CheckIdleState
                0x0000000008007c4c       0x92 ./Drivers/STM32F7xx_HAL_Driver/Src/stm32f7xx_hal_uart.o
                0x0000000008007c4c                UART_CheckIdleState
 .text.UART_WaitOnFlagUntilTimeout
                0x0000000008007cde       0xf8 ./Drivers/STM32F7xx_HAL_Driver/Src/stm32f7xx_hal_uart.o
                0x0000000008007cde                UART_WaitOnFlagUntilTimeout
 *fill*         0x0000000008007dd6        0x2 
 .text.__errno  0x0000000008007dd8        0xc d:/programdata/stm32cubeide_1.10.1/stm32cubeide/plugins/com.st.stm32cube.ide.mcu.externaltools.gnu-tools-for-stm32.10.3-2021.10.win32_1.0.0.202111181127/tools/bin/../lib/gcc/arm-none-eabi/10.3.1/../../../../arm-none-eabi/lib/thumb/v7e-m+dp/hard\libc_nano.a(lib_a-errno.o)
                0x0000000008007dd8                __errno
 .text.__libc_init_array
                0x0000000008007de4       0x48 d:/programdata/stm32cubeide_1.10.1/stm32cubeide/plugins/com.st.stm32cube.ide.mcu.externaltools.gnu-tools-for-stm32.10.3-2021.10.win32_1.0.0.202111181127/tools/bin/../lib/gcc/arm-none-eabi/10.3.1/../../../../arm-none-eabi/lib/thumb/v7e-m+dp/hard\libc_nano.a(lib_a-init.o)
                0x0000000008007de4                __libc_init_array
 .text.memset   0x0000000008007e2c       0x10 d:/programdata/stm32cubeide_1.10.1/stm32cubeide/plugins/com.st.stm32cube.ide.mcu.externaltools.gnu-tools-for-stm32.10.3-2021.10.win32_1.0.0.202111181127/tools/bin/../lib/gcc/arm-none-eabi/10.3.1/../../../../arm-none-eabi/lib/thumb/v7e-m+dp/hard\libc_nano.a(lib_a-memset.o)
                0x0000000008007e2c                memset
 .text.__cvt    0x0000000008007e3c       0xa4 d:/programdata/stm32cubeide_1.10.1/stm32cubeide/plugins/com.st.stm32cube.ide.mcu.externaltools.gnu-tools-for-stm32.10.3-2021.10.win32_1.0.0.202111181127/tools/bin/../lib/gcc/arm-none-eabi/10.3.1/../../../../arm-none-eabi/lib/thumb/v7e-m+dp/hard\libc_nano.a(lib_a-nano-vfprintf_float.o)
                0x0000000008007e3c                __cvt
 .text.__exponent
                0x0000000008007ee0       0x7c d:/programdata/stm32cubeide_1.10.1/stm32cubeide/plugins/com.st.stm32cube.ide.mcu.externaltools.gnu-tools-for-stm32.10.3-2021.10.win32_1.0.0.202111181127/tools/bin/../lib/gcc/arm-none-eabi/10.3.1/../../../../arm-none-eabi/lib/thumb/v7e-m+dp/hard\libc_nano.a(lib_a-nano-vfprintf_float.o)
                0x0000000008007ee0                __exponent
 *fill*         0x0000000008007f5c        0x4 
 .text._printf_float
                0x0000000008007f60      0x43c d:/programdata/stm32cubeide_1.10.1/stm32cubeide/plugins/com.st.stm32cube.ide.mcu.externaltools.gnu-tools-for-stm32.10.3-2021.10.win32_1.0.0.202111181127/tools/bin/../lib/gcc/arm-none-eabi/10.3.1/../../../../arm-none-eabi/lib/thumb/v7e-m+dp/hard\libc_nano.a(lib_a-nano-vfprintf_float.o)
                0x0000000008007f60                _printf_float
 .text._printf_common
                0x000000000800839c       0xda d:/programdata/stm32cubeide_1.10.1/stm32cubeide/plugins/com.st.stm32cube.ide.mcu.externaltools.gnu-tools-for-stm32.10.3-2021.10.win32_1.0.0.202111181127/tools/bin/../lib/gcc/arm-none-eabi/10.3.1/../../../../arm-none-eabi/lib/thumb/v7e-m+dp/hard\libc_nano.a(lib_a-nano-vfprintf_i.o)
                0x000000000800839c                _printf_common
 *fill*         0x0000000008008476        0x2 
 .text._printf_i
                0x0000000008008478      0x24c d:/programdata/stm32cubeide_1.10.1/stm32cubeide/plugins/com.st.stm32cube.ide.mcu.externaltools.gnu-tools-for-stm32.10.3-2021.10.win32_1.0.0.202111181127/tools/bin/../lib/gcc/arm-none-eabi/10.3.1/../../../../arm-none-eabi/lib/thumb/v7e-m+dp/hard\libc_nano.a(lib_a-nano-vfprintf_i.o)
                0x0000000008008478                _printf_i
 .text.sprintf  0x00000000080086c4       0x40 d:/programdata/stm32cubeide_1.10.1/stm32cubeide/plugins/com.st.stm32cube.ide.mcu.externaltools.gnu-tools-for-stm32.10.3-2021.10.win32_1.0.0.202111181127/tools/bin/../lib/gcc/arm-none-eabi/10.3.1/../../../../arm-none-eabi/lib/thumb/v7e-m+dp/hard\libc_nano.a(lib_a-sprintf.o)
                0x00000000080086c4                siprintf
                0x00000000080086c4                sprintf
 .text.quorem   0x0000000008008704      0x116 d:/programdata/stm32cubeide_1.10.1/stm32cubeide/plugins/com.st.stm32cube.ide.mcu.externaltools.gnu-tools-for-stm32.10.3-2021.10.win32_1.0.0.202111181127/tools/bin/../lib/gcc/arm-none-eabi/10.3.1/../../../../arm-none-eabi/lib/thumb/v7e-m+dp/hard\libc_nano.a(lib_a-dtoa.o)
 *fill*         0x000000000800881a        0x6 
 .text._dtoa_r  0x0000000008008820      0xadc d:/programdata/stm32cubeide_1.10.1/stm32cubeide/plugins/com.st.stm32cube.ide.mcu.externaltools.gnu-tools-for-stm32.10.3-2021.10.win32_1.0.0.202111181127/tools/bin/../lib/gcc/arm-none-eabi/10.3.1/../../../../arm-none-eabi/lib/thumb/v7e-m+dp/hard\libc_nano.a(lib_a-dtoa.o)
                0x0000000008008820                _dtoa_r
 .text._localeconv_r
                0x00000000080092fc        0x8 d:/programdata/stm32cubeide_1.10.1/stm32cubeide/plugins/com.st.stm32cube.ide.mcu.externaltools.gnu-tools-for-stm32.10.3-2021.10.win32_1.0.0.202111181127/tools/bin/../lib/gcc/arm-none-eabi/10.3.1/../../../../arm-none-eabi/lib/thumb/v7e-m+dp/hard\libc_nano.a(lib_a-localeconv.o)
                0x00000000080092fc                _localeconv_r
 .text.malloc   0x0000000008009304       0x10 d:/programdata/stm32cubeide_1.10.1/stm32cubeide/plugins/com.st.stm32cube.ide.mcu.externaltools.gnu-tools-for-stm32.10.3-2021.10.win32_1.0.0.202111181127/tools/bin/../lib/gcc/arm-none-eabi/10.3.1/../../../../arm-none-eabi/lib/thumb/v7e-m+dp/hard\libc_nano.a(lib_a-malloc.o)
                0x0000000008009304                malloc
 .text.memcpy   0x0000000008009314       0x1c d:/programdata/stm32cubeide_1.10.1/stm32cubeide/plugins/com.st.stm32cube.ide.mcu.externaltools.gnu-tools-for-stm32.10.3-2021.10.win32_1.0.0.202111181127/tools/bin/../lib/gcc/arm-none-eabi/10.3.1/../../../../arm-none-eabi/lib/thumb/v7e-m+dp/hard\libc_nano.a(lib_a-memcpy-stub.o)
                0x0000000008009314                memcpy
 .text._Balloc  0x0000000008009330       0x80 d:/programdata/stm32cubeide_1.10.1/stm32cubeide/plugins/com.st.stm32cube.ide.mcu.externaltools.gnu-tools-for-stm32.10.3-2021.10.win32_1.0.0.202111181127/tools/bin/../lib/gcc/arm-none-eabi/10.3.1/../../../../arm-none-eabi/lib/thumb/v7e-m+dp/hard\libc_nano.a(lib_a-mprec.o)
                0x0000000008009330                _Balloc
 .text._Bfree   0x00000000080093b0       0x44 d:/programdata/stm32cubeide_1.10.1/stm32cubeide/plugins/com.st.stm32cube.ide.mcu.externaltools.gnu-tools-for-stm32.10.3-2021.10.win32_1.0.0.202111181127/tools/bin/../lib/gcc/arm-none-eabi/10.3.1/../../../../arm-none-eabi/lib/thumb/v7e-m+dp/hard\libc_nano.a(lib_a-mprec.o)
                0x00000000080093b0                _Bfree
 .text.__multadd
                0x00000000080093f4       0x8c d:/programdata/stm32cubeide_1.10.1/stm32cubeide/plugins/com.st.stm32cube.ide.mcu.externaltools.gnu-tools-for-stm32.10.3-2021.10.win32_1.0.0.202111181127/tools/bin/../lib/gcc/arm-none-eabi/10.3.1/../../../../arm-none-eabi/lib/thumb/v7e-m+dp/hard\libc_nano.a(lib_a-mprec.o)
                0x00000000080093f4                __multadd
 .text.__hi0bits
                0x0000000008009480       0x40 d:/programdata/stm32cubeide_1.10.1/stm32cubeide/plugins/com.st.stm32cube.ide.mcu.externaltools.gnu-tools-for-stm32.10.3-2021.10.win32_1.0.0.202111181127/tools/bin/../lib/gcc/arm-none-eabi/10.3.1/../../../../arm-none-eabi/lib/thumb/v7e-m+dp/hard\libc_nano.a(lib_a-mprec.o)
                0x0000000008009480                __hi0bits
 .text.__lo0bits
                0x00000000080094c0       0x5e d:/programdata/stm32cubeide_1.10.1/stm32cubeide/plugins/com.st.stm32cube.ide.mcu.externaltools.gnu-tools-for-stm32.10.3-2021.10.win32_1.0.0.202111181127/tools/bin/../lib/gcc/arm-none-eabi/10.3.1/../../../../arm-none-eabi/lib/thumb/v7e-m+dp/hard\libc_nano.a(lib_a-mprec.o)
                0x00000000080094c0                __lo0bits
 *fill*         0x000000000800951e        0x2 
 .text.__i2b    0x0000000008009520       0x2c d:/programdata/stm32cubeide_1.10.1/stm32cubeide/plugins/com.st.stm32cube.ide.mcu.externaltools.gnu-tools-for-stm32.10.3-2021.10.win32_1.0.0.202111181127/tools/bin/../lib/gcc/arm-none-eabi/10.3.1/../../../../arm-none-eabi/lib/thumb/v7e-m+dp/hard\libc_nano.a(lib_a-mprec.o)
                0x0000000008009520                __i2b
 .text.__multiply
                0x000000000800954c      0x154 d:/programdata/stm32cubeide_1.10.1/stm32cubeide/plugins/com.st.stm32cube.ide.mcu.externaltools.gnu-tools-for-stm32.10.3-2021.10.win32_1.0.0.202111181127/tools/bin/../lib/gcc/arm-none-eabi/10.3.1/../../../../arm-none-eabi/lib/thumb/v7e-m+dp/hard\libc_nano.a(lib_a-mprec.o)
                0x000000000800954c                __multiply
 .text.__pow5mult
                0x00000000080096a0       0xb4 d:/programdata/stm32cubeide_1.10.1/stm32cubeide/plugins/com.st.stm32cube.ide.mcu.externaltools.gnu-tools-for-stm32.10.3-2021.10.win32_1.0.0.202111181127/tools/bin/../lib/gcc/arm-none-eabi/10.3.1/../../../../arm-none-eabi/lib/thumb/v7e-m+dp/hard\libc_nano.a(lib_a-mprec.o)
                0x00000000080096a0                __pow5mult
 .text.__lshift
                0x0000000008009754       0xe0 d:/programdata/stm32cubeide_1.10.1/stm32cubeide/plugins/com.st.stm32cube.ide.mcu.externaltools.gnu-tools-for-stm32.10.3-2021.10.win32_1.0.0.202111181127/tools/bin/../lib/gcc/arm-none-eabi/10.3.1/../../../../arm-none-eabi/lib/thumb/v7e-m+dp/hard\libc_nano.a(lib_a-mprec.o)
                0x0000000008009754                __lshift
 .text.__mcmp   0x0000000008009834       0x38 d:/programdata/stm32cubeide_1.10.1/stm32cubeide/plugins/com.st.stm32cube.ide.mcu.externaltools.gnu-tools-for-stm32.10.3-2021.10.win32_1.0.0.202111181127/tools/bin/../lib/gcc/arm-none-eabi/10.3.1/../../../../arm-none-eabi/lib/thumb/v7e-m+dp/hard\libc_nano.a(lib_a-mprec.o)
                0x0000000008009834                __mcmp
 .text.__mdiff  0x000000000800986c      0x114 d:/programdata/stm32cubeide_1.10.1/stm32cubeide/plugins/com.st.stm32cube.ide.mcu.externaltools.gnu-tools-for-stm32.10.3-2021.10.win32_1.0.0.202111181127/tools/bin/../lib/gcc/arm-none-eabi/10.3.1/../../../../arm-none-eabi/lib/thumb/v7e-m+dp/hard\libc_nano.a(lib_a-mprec.o)
                0x000000000800986c                __mdiff
 .text.__d2b    0x0000000008009980       0xb8 d:/programdata/stm32cubeide_1.10.1/stm32cubeide/plugins/com.st.stm32cube.ide.mcu.externaltools.gnu-tools-for-stm32.10.3-2021.10.win32_1.0.0.202111181127/tools/bin/../lib/gcc/arm-none-eabi/10.3.1/../../../../arm-none-eabi/lib/thumb/v7e-m+dp/hard\libc_nano.a(lib_a-mprec.o)
                0x0000000008009980                __d2b
 .text._calloc_r
                0x0000000008009a38       0x2c d:/programdata/stm32cubeide_1.10.1/stm32cubeide/plugins/com.st.stm32cube.ide.mcu.externaltools.gnu-tools-for-stm32.10.3-2021.10.win32_1.0.0.202111181127/tools/bin/../lib/gcc/arm-none-eabi/10.3.1/../../../../arm-none-eabi/lib/thumb/v7e-m+dp/hard\libc_nano.a(lib_a-nano-callocr.o)
                0x0000000008009a38                _calloc_r
 .text._free_r  0x0000000008009a64       0x98 d:/programdata/stm32cubeide_1.10.1/stm32cubeide/plugins/com.st.stm32cube.ide.mcu.externaltools.gnu-tools-for-stm32.10.3-2021.10.win32_1.0.0.202111181127/tools/bin/../lib/gcc/arm-none-eabi/10.3.1/../../../../arm-none-eabi/lib/thumb/v7e-m+dp/hard\libc_nano.a(lib_a-nano-freer.o)
                0x0000000008009a64                _free_r
 .text.sbrk_aligned
                0x0000000008009afc       0x40 d:/programdata/stm32cubeide_1.10.1/stm32cubeide/plugins/com.st.stm32cube.ide.mcu.externaltools.gnu-tools-for-stm32.10.3-2021.10.win32_1.0.0.202111181127/tools/bin/../lib/gcc/arm-none-eabi/10.3.1/../../../../arm-none-eabi/lib/thumb/v7e-m+dp/hard\libc_nano.a(lib_a-nano-mallocr.o)
 .text._malloc_r
                0x0000000008009b3c       0xe8 d:/programdata/stm32cubeide_1.10.1/stm32cubeide/plugins/com.st.stm32cube.ide.mcu.externaltools.gnu-tools-for-stm32.10.3-2021.10.win32_1.0.0.202111181127/tools/bin/../lib/gcc/arm-none-eabi/10.3.1/../../../../arm-none-eabi/lib/thumb/v7e-m+dp/hard\libc_nano.a(lib_a-nano-mallocr.o)
                0x0000000008009b3c                _malloc_r
 .text.__ssputs_r
                0x0000000008009c24       0xb6 d:/programdata/stm32cubeide_1.10.1/stm32cubeide/plugins/com.st.stm32cube.ide.mcu.externaltools.gnu-tools-for-stm32.10.3-2021.10.win32_1.0.0.202111181127/tools/bin/../lib/gcc/arm-none-eabi/10.3.1/../../../../arm-none-eabi/lib/thumb/v7e-m+dp/hard\libc_nano.a(lib_a-nano-svfprintf.o)
                0x0000000008009c24                __ssputs_r
 *fill*         0x0000000008009cda        0x2 
 .text._svfprintf_r
                0x0000000008009cdc      0x200 d:/programdata/stm32cubeide_1.10.1/stm32cubeide/plugins/com.st.stm32cube.ide.mcu.externaltools.gnu-tools-for-stm32.10.3-2021.10.win32_1.0.0.202111181127/tools/bin/../lib/gcc/arm-none-eabi/10.3.1/../../../../arm-none-eabi/lib/thumb/v7e-m+dp/hard\libc_nano.a(lib_a-nano-svfprintf.o)
                0x0000000008009cdc                _svfiprintf_r
                0x0000000008009cdc                _svfprintf_r
 .text._sbrk_r  0x0000000008009edc       0x20 d:/programdata/stm32cubeide_1.10.1/stm32cubeide/plugins/com.st.stm32cube.ide.mcu.externaltools.gnu-tools-for-stm32.10.3-2021.10.win32_1.0.0.202111181127/tools/bin/../lib/gcc/arm-none-eabi/10.3.1/../../../../arm-none-eabi/lib/thumb/v7e-m+dp/hard\libc_nano.a(lib_a-sbrkr.o)
                0x0000000008009edc                _sbrk_r
 .text.__assert_func
                0x0000000008009efc       0x3c d:/programdata/stm32cubeide_1.10.1/stm32cubeide/plugins/com.st.stm32cube.ide.mcu.externaltools.gnu-tools-for-stm32.10.3-2021.10.win32_1.0.0.202111181127/tools/bin/../lib/gcc/arm-none-eabi/10.3.1/../../../../arm-none-eabi/lib/thumb/v7e-m+dp/hard\libc_nano.a(lib_a-assert.o)
                0x0000000008009efc                __assert_func
 .text.fprintf  0x0000000008009f38       0x24 d:/programdata/stm32cubeide_1.10.1/stm32cubeide/plugins/com.st.stm32cube.ide.mcu.externaltools.gnu-tools-for-stm32.10.3-2021.10.win32_1.0.0.202111181127/tools/bin/../lib/gcc/arm-none-eabi/10.3.1/../../../../arm-none-eabi/lib/thumb/v7e-m+dp/hard\libc_nano.a(lib_a-fprintf.o)
                0x0000000008009f38                fiprintf
                0x0000000008009f38                fprintf
 .text.__ascii_mbtowc
                0x0000000008009f5c       0x24 d:/programdata/stm32cubeide_1.10.1/stm32cubeide/plugins/com.st.stm32cube.ide.mcu.externaltools.gnu-tools-for-stm32.10.3-2021.10.win32_1.0.0.202111181127/tools/bin/../lib/gcc/arm-none-eabi/10.3.1/../../../../arm-none-eabi/lib/thumb/v7e-m+dp/hard\libc_nano.a(lib_a-mbtowc_r.o)
                0x0000000008009f5c                __ascii_mbtowc
 .text.memmove  0x0000000008009f80       0x34 d:/programdata/stm32cubeide_1.10.1/stm32cubeide/plugins/com.st.stm32cube.ide.mcu.externaltools.gnu-tools-for-stm32.10.3-2021.10.win32_1.0.0.202111181127/tools/bin/../lib/gcc/arm-none-eabi/10.3.1/../../../../arm-none-eabi/lib/thumb/v7e-m+dp/hard\libc_nano.a(lib_a-memmove.o)
                0x0000000008009f80                memmove
 .text.__malloc_lock
                0x0000000008009fb4        0xc d:/programdata/stm32cubeide_1.10.1/stm32cubeide/plugins/com.st.stm32cube.ide.mcu.externaltools.gnu-tools-for-stm32.10.3-2021.10.win32_1.0.0.202111181127/tools/bin/../lib/gcc/arm-none-eabi/10.3.1/../../../../arm-none-eabi/lib/thumb/v7e-m+dp/hard\libc_nano.a(lib_a-mlock.o)
                0x0000000008009fb4                __malloc_lock
 .text.__malloc_unlock
                0x0000000008009fc0        0xc d:/programdata/stm32cubeide_1.10.1/stm32cubeide/plugins/com.st.stm32cube.ide.mcu.externaltools.gnu-tools-for-stm32.10.3-2021.10.win32_1.0.0.202111181127/tools/bin/../lib/gcc/arm-none-eabi/10.3.1/../../../../arm-none-eabi/lib/thumb/v7e-m+dp/hard\libc_nano.a(lib_a-mlock.o)
                0x0000000008009fc0                __malloc_unlock
 .text._realloc_r
                0x0000000008009fcc       0x5e d:/programdata/stm32cubeide_1.10.1/stm32cubeide/plugins/com.st.stm32cube.ide.mcu.externaltools.gnu-tools-for-stm32.10.3-2021.10.win32_1.0.0.202111181127/tools/bin/../lib/gcc/arm-none-eabi/10.3.1/../../../../arm-none-eabi/lib/thumb/v7e-m+dp/hard\libc_nano.a(lib_a-nano-reallocr.o)
                0x0000000008009fcc                _realloc_r
 .text.__sfputc_r
                0x000000000800a02a       0x2e d:/programdata/stm32cubeide_1.10.1/stm32cubeide/plugins/com.st.stm32cube.ide.mcu.externaltools.gnu-tools-for-stm32.10.3-2021.10.win32_1.0.0.202111181127/tools/bin/../lib/gcc/arm-none-eabi/10.3.1/../../../../arm-none-eabi/lib/thumb/v7e-m+dp/hard\libc_nano.a(lib_a-nano-vfprintf.o)
 .text.__sfputs_r
                0x000000000800a058       0x24 d:/programdata/stm32cubeide_1.10.1/stm32cubeide/plugins/com.st.stm32cube.ide.mcu.externaltools.gnu-tools-for-stm32.10.3-2021.10.win32_1.0.0.202111181127/tools/bin/../lib/gcc/arm-none-eabi/10.3.1/../../../../arm-none-eabi/lib/thumb/v7e-m+dp/hard\libc_nano.a(lib_a-nano-vfprintf.o)
                0x000000000800a058                __sfputs_r
 .text._vfprintf_r
                0x000000000800a07c      0x260 d:/programdata/stm32cubeide_1.10.1/stm32cubeide/plugins/com.st.stm32cube.ide.mcu.externaltools.gnu-tools-for-stm32.10.3-2021.10.win32_1.0.0.202111181127/tools/bin/../lib/gcc/arm-none-eabi/10.3.1/../../../../arm-none-eabi/lib/thumb/v7e-m+dp/hard\libc_nano.a(lib_a-nano-vfprintf.o)
                0x000000000800a07c                _vfprintf_r
                0x000000000800a07c                _vfiprintf_r
 .text.__swbuf_r
                0x000000000800a2dc       0xa4 d:/programdata/stm32cubeide_1.10.1/stm32cubeide/plugins/com.st.stm32cube.ide.mcu.externaltools.gnu-tools-for-stm32.10.3-2021.10.win32_1.0.0.202111181127/tools/bin/../lib/gcc/arm-none-eabi/10.3.1/../../../../arm-none-eabi/lib/thumb/v7e-m+dp/hard\libc_nano.a(lib_a-wbuf.o)
                0x000000000800a2dc                __swbuf_r
 .text.__ascii_wctomb
                0x000000000800a380       0x1a d:/programdata/stm32cubeide_1.10.1/stm32cubeide/plugins/com.st.stm32cube.ide.mcu.externaltools.gnu-tools-for-stm32.10.3-2021.10.win32_1.0.0.202111181127/tools/bin/../lib/gcc/arm-none-eabi/10.3.1/../../../../arm-none-eabi/lib/thumb/v7e-m+dp/hard\libc_nano.a(lib_a-wctomb_r.o)
                0x000000000800a380                __ascii_wctomb
 *fill*         0x000000000800a39a        0x2 
 .text.__swsetup_r
                0x000000000800a39c       0xdc d:/programdata/stm32cubeide_1.10.1/stm32cubeide/plugins/com.st.stm32cube.ide.mcu.externaltools.gnu-tools-for-stm32.10.3-2021.10.win32_1.0.0.202111181127/tools/bin/../lib/gcc/arm-none-eabi/10.3.1/../../../../arm-none-eabi/lib/thumb/v7e-m+dp/hard\libc_nano.a(lib_a-wsetup.o)
                0x000000000800a39c                __swsetup_r
 .text.abort    0x000000000800a478        0xe d:/programdata/stm32cubeide_1.10.1/stm32cubeide/plugins/com.st.stm32cube.ide.mcu.externaltools.gnu-tools-for-stm32.10.3-2021.10.win32_1.0.0.202111181127/tools/bin/../lib/gcc/arm-none-eabi/10.3.1/../../../../arm-none-eabi/lib/thumb/v7e-m+dp/hard\libc_nano.a(lib_a-abort.o)
                0x000000000800a478                abort
 *fill*         0x000000000800a486        0x2 
 .text.__sflush_r
                0x000000000800a488      0x10c d:/programdata/stm32cubeide_1.10.1/stm32cubeide/plugins/com.st.stm32cube.ide.mcu.externaltools.gnu-tools-for-stm32.10.3-2021.10.win32_1.0.0.202111181127/tools/bin/../lib/gcc/arm-none-eabi/10.3.1/../../../../arm-none-eabi/lib/thumb/v7e-m+dp/hard\libc_nano.a(lib_a-fflush.o)
                0x000000000800a488                __sflush_r
 .text._fflush_r
                0x000000000800a594       0x78 d:/programdata/stm32cubeide_1.10.1/stm32cubeide/plugins/com.st.stm32cube.ide.mcu.externaltools.gnu-tools-for-stm32.10.3-2021.10.win32_1.0.0.202111181127/tools/bin/../lib/gcc/arm-none-eabi/10.3.1/../../../../arm-none-eabi/lib/thumb/v7e-m+dp/hard\libc_nano.a(lib_a-fflush.o)
                0x000000000800a594                _fflush_r
 .text.std      0x000000000800a60c       0x48 d:/programdata/stm32cubeide_1.10.1/stm32cubeide/plugins/com.st.stm32cube.ide.mcu.externaltools.gnu-tools-for-stm32.10.3-2021.10.win32_1.0.0.202111181127/tools/bin/../lib/gcc/arm-none-eabi/10.3.1/../../../../arm-none-eabi/lib/thumb/v7e-m+dp/hard\libc_nano.a(lib_a-findfp.o)
 .text._cleanup_r
                0x000000000800a654        0xc d:/programdata/stm32cubeide_1.10.1/stm32cubeide/plugins/com.st.stm32cube.ide.mcu.externaltools.gnu-tools-for-stm32.10.3-2021.10.win32_1.0.0.202111181127/tools/bin/../lib/gcc/arm-none-eabi/10.3.1/../../../../arm-none-eabi/lib/thumb/v7e-m+dp/hard\libc_nano.a(lib_a-findfp.o)
                0x000000000800a654                _cleanup_r
 .text.__sfmoreglue
                0x000000000800a660       0x2c d:/programdata/stm32cubeide_1.10.1/stm32cubeide/plugins/com.st.stm32cube.ide.mcu.externaltools.gnu-tools-for-stm32.10.3-2021.10.win32_1.0.0.202111181127/tools/bin/../lib/gcc/arm-none-eabi/10.3.1/../../../../arm-none-eabi/lib/thumb/v7e-m+dp/hard\libc_nano.a(lib_a-findfp.o)
                0x000000000800a660                __sfmoreglue
 .text.__sfp_lock_acquire
                0x000000000800a68c        0xc d:/programdata/stm32cubeide_1.10.1/stm32cubeide/plugins/com.st.stm32cube.ide.mcu.externaltools.gnu-tools-for-stm32.10.3-2021.10.win32_1.0.0.202111181127/tools/bin/../lib/gcc/arm-none-eabi/10.3.1/../../../../arm-none-eabi/lib/thumb/v7e-m+dp/hard\libc_nano.a(lib_a-findfp.o)
                0x000000000800a68c                __sfp_lock_acquire
 .text.__sfp_lock_release
                0x000000000800a698        0xc d:/programdata/stm32cubeide_1.10.1/stm32cubeide/plugins/com.st.stm32cube.ide.mcu.externaltools.gnu-tools-for-stm32.10.3-2021.10.win32_1.0.0.202111181127/tools/bin/../lib/gcc/arm-none-eabi/10.3.1/../../../../arm-none-eabi/lib/thumb/v7e-m+dp/hard\libc_nano.a(lib_a-findfp.o)
                0x000000000800a698                __sfp_lock_release
 .text.__sinit_lock_acquire
                0x000000000800a6a4        0xc d:/programdata/stm32cubeide_1.10.1/stm32cubeide/plugins/com.st.stm32cube.ide.mcu.externaltools.gnu-tools-for-stm32.10.3-2021.10.win32_1.0.0.202111181127/tools/bin/../lib/gcc/arm-none-eabi/10.3.1/../../../../arm-none-eabi/lib/thumb/v7e-m+dp/hard\libc_nano.a(lib_a-findfp.o)
                0x000000000800a6a4                __sinit_lock_acquire
 .text.__sinit_lock_release
                0x000000000800a6b0        0xc d:/programdata/stm32cubeide_1.10.1/stm32cubeide/plugins/com.st.stm32cube.ide.mcu.externaltools.gnu-tools-for-stm32.10.3-2021.10.win32_1.0.0.202111181127/tools/bin/../lib/gcc/arm-none-eabi/10.3.1/../../../../arm-none-eabi/lib/thumb/v7e-m+dp/hard\libc_nano.a(lib_a-findfp.o)
                0x000000000800a6b0                __sinit_lock_release
 .text.__sinit  0x000000000800a6bc       0x70 d:/programdata/stm32cubeide_1.10.1/stm32cubeide/plugins/com.st.stm32cube.ide.mcu.externaltools.gnu-tools-for-stm32.10.3-2021.10.win32_1.0.0.202111181127/tools/bin/../lib/gcc/arm-none-eabi/10.3.1/../../../../arm-none-eabi/lib/thumb/v7e-m+dp/hard\libc_nano.a(lib_a-findfp.o)
                0x000000000800a6bc                __sinit
 .text.__sfp    0x000000000800a72c       0x8c d:/programdata/stm32cubeide_1.10.1/stm32cubeide/plugins/com.st.stm32cube.ide.mcu.externaltools.gnu-tools-for-stm32.10.3-2021.10.win32_1.0.0.202111181127/tools/bin/../lib/gcc/arm-none-eabi/10.3.1/../../../../arm-none-eabi/lib/thumb/v7e-m+dp/hard\libc_nano.a(lib_a-findfp.o)
                0x000000000800a72c                __sfp
 .text._fwalk_reent
                0x000000000800a7b8       0x3e d:/programdata/stm32cubeide_1.10.1/stm32cubeide/plugins/com.st.stm32cube.ide.mcu.externaltools.gnu-tools-for-stm32.10.3-2021.10.win32_1.0.0.202111181127/tools/bin/../lib/gcc/arm-none-eabi/10.3.1/../../../../arm-none-eabi/lib/thumb/v7e-m+dp/hard\libc_nano.a(lib_a-fwalk.o)
                0x000000000800a7b8                _fwalk_reent
 .text.__retarget_lock_init_recursive
                0x000000000800a7f6        0x2 d:/programdata/stm32cubeide_1.10.1/stm32cubeide/plugins/com.st.stm32cube.ide.mcu.externaltools.gnu-tools-for-stm32.10.3-2021.10.win32_1.0.0.202111181127/tools/bin/../lib/gcc/arm-none-eabi/10.3.1/../../../../arm-none-eabi/lib/thumb/v7e-m+dp/hard\libc_nano.a(lib_a-lock.o)
                0x000000000800a7f6                __retarget_lock_init_recursive
 .text.__retarget_lock_acquire_recursive
                0x000000000800a7f8        0x2 d:/programdata/stm32cubeide_1.10.1/stm32cubeide/plugins/com.st.stm32cube.ide.mcu.externaltools.gnu-tools-for-stm32.10.3-2021.10.win32_1.0.0.202111181127/tools/bin/../lib/gcc/arm-none-eabi/10.3.1/../../../../arm-none-eabi/lib/thumb/v7e-m+dp/hard\libc_nano.a(lib_a-lock.o)
                0x000000000800a7f8                __retarget_lock_acquire_recursive
 .text.__retarget_lock_release_recursive
                0x000000000800a7fa        0x2 d:/programdata/stm32cubeide_1.10.1/stm32cubeide/plugins/com.st.stm32cube.ide.mcu.externaltools.gnu-tools-for-stm32.10.3-2021.10.win32_1.0.0.202111181127/tools/bin/../lib/gcc/arm-none-eabi/10.3.1/../../../../arm-none-eabi/lib/thumb/v7e-m+dp/hard\libc_nano.a(lib_a-lock.o)
                0x000000000800a7fa                __retarget_lock_release_recursive
 .text.__swhatbuf_r
                0x000000000800a7fc       0x4a d:/programdata/stm32cubeide_1.10.1/stm32cubeide/plugins/com.st.stm32cube.ide.mcu.externaltools.gnu-tools-for-stm32.10.3-2021.10.win32_1.0.0.202111181127/tools/bin/../lib/gcc/arm-none-eabi/10.3.1/../../../../arm-none-eabi/lib/thumb/v7e-m+dp/hard\libc_nano.a(lib_a-makebuf.o)
                0x000000000800a7fc                __swhatbuf_r
 *fill*         0x000000000800a846        0x2 
 .text.__smakebuf_r
                0x000000000800a848       0x80 d:/programdata/stm32cubeide_1.10.1/stm32cubeide/plugins/com.st.stm32cube.ide.mcu.externaltools.gnu-tools-for-stm32.10.3-2021.10.win32_1.0.0.202111181127/tools/bin/../lib/gcc/arm-none-eabi/10.3.1/../../../../arm-none-eabi/lib/thumb/v7e-m+dp/hard\libc_nano.a(lib_a-makebuf.o)
                0x000000000800a848                __smakebuf_r
 .text._malloc_usable_size_r
                0x000000000800a8c8       0x10 d:/programdata/stm32cubeide_1.10.1/stm32cubeide/plugins/com.st.stm32cube.ide.mcu.externaltools.gnu-tools-for-stm32.10.3-2021.10.win32_1.0.0.202111181127/tools/bin/../lib/gcc/arm-none-eabi/10.3.1/../../../../arm-none-eabi/lib/thumb/v7e-m+dp/hard\libc_nano.a(lib_a-nano-msizer.o)
                0x000000000800a8c8                _malloc_usable_size_r
 .text._raise_r
                0x000000000800a8d8       0x50 d:/programdata/stm32cubeide_1.10.1/stm32cubeide/plugins/com.st.stm32cube.ide.mcu.externaltools.gnu-tools-for-stm32.10.3-2021.10.win32_1.0.0.202111181127/tools/bin/../lib/gcc/arm-none-eabi/10.3.1/../../../../arm-none-eabi/lib/thumb/v7e-m+dp/hard\libc_nano.a(lib_a-signal.o)
                0x000000000800a8d8                _raise_r
 .text.raise    0x000000000800a928       0x10 d:/programdata/stm32cubeide_1.10.1/stm32cubeide/plugins/com.st.stm32cube.ide.mcu.externaltools.gnu-tools-for-stm32.10.3-2021.10.win32_1.0.0.202111181127/tools/bin/../lib/gcc/arm-none-eabi/10.3.1/../../../../arm-none-eabi/lib/thumb/v7e-m+dp/hard\libc_nano.a(lib_a-signal.o)
                0x000000000800a928                raise
 .text._kill_r  0x000000000800a938       0x24 d:/programdata/stm32cubeide_1.10.1/stm32cubeide/plugins/com.st.stm32cube.ide.mcu.externaltools.gnu-tools-for-stm32.10.3-2021.10.win32_1.0.0.202111181127/tools/bin/../lib/gcc/arm-none-eabi/10.3.1/../../../../arm-none-eabi/lib/thumb/v7e-m+dp/hard\libc_nano.a(lib_a-signalr.o)
                0x000000000800a938                _kill_r
 .text._getpid_r
                0x000000000800a95c        0x4 d:/programdata/stm32cubeide_1.10.1/stm32cubeide/plugins/com.st.stm32cube.ide.mcu.externaltools.gnu-tools-for-stm32.10.3-2021.10.win32_1.0.0.202111181127/tools/bin/../lib/gcc/arm-none-eabi/10.3.1/../../../../arm-none-eabi/lib/thumb/v7e-m+dp/hard\libc_nano.a(lib_a-signalr.o)
                0x000000000800a95c                _getpid_r
 .text.__sread  0x000000000800a960       0x22 d:/programdata/stm32cubeide_1.10.1/stm32cubeide/plugins/com.st.stm32cube.ide.mcu.externaltools.gnu-tools-for-stm32.10.3-2021.10.win32_1.0.0.202111181127/tools/bin/../lib/gcc/arm-none-eabi/10.3.1/../../../../arm-none-eabi/lib/thumb/v7e-m+dp/hard\libc_nano.a(lib_a-stdio.o)
                0x000000000800a960                __sread
 .text.__swrite
                0x000000000800a982       0x38 d:/programdata/stm32cubeide_1.10.1/stm32cubeide/plugins/com.st.stm32cube.ide.mcu.externaltools.gnu-tools-for-stm32.10.3-2021.10.win32_1.0.0.202111181127/tools/bin/../lib/gcc/arm-none-eabi/10.3.1/../../../../arm-none-eabi/lib/thumb/v7e-m+dp/hard\libc_nano.a(lib_a-stdio.o)
                0x000000000800a982                __swrite
 .text.__sseek  0x000000000800a9ba       0x24 d:/programdata/stm32cubeide_1.10.1/stm32cubeide/plugins/com.st.stm32cube.ide.mcu.externaltools.gnu-tools-for-stm32.10.3-2021.10.win32_1.0.0.202111181127/tools/bin/../lib/gcc/arm-none-eabi/10.3.1/../../../../arm-none-eabi/lib/thumb/v7e-m+dp/hard\libc_nano.a(lib_a-stdio.o)
                0x000000000800a9ba                __sseek
 .text.__sclose
                0x000000000800a9de        0x8 d:/programdata/stm32cubeide_1.10.1/stm32cubeide/plugins/com.st.stm32cube.ide.mcu.externaltools.gnu-tools-for-stm32.10.3-2021.10.win32_1.0.0.202111181127/tools/bin/../lib/gcc/arm-none-eabi/10.3.1/../../../../arm-none-eabi/lib/thumb/v7e-m+dp/hard\libc_nano.a(lib_a-stdio.o)
                0x000000000800a9de                __sclose
 *fill*         0x000000000800a9e6        0x2 
 .text._write_r
                0x000000000800a9e8       0x24 d:/programdata/stm32cubeide_1.10.1/stm32cubeide/plugins/com.st.stm32cube.ide.mcu.externaltools.gnu-tools-for-stm32.10.3-2021.10.win32_1.0.0.202111181127/tools/bin/../lib/gcc/arm-none-eabi/10.3.1/../../../../arm-none-eabi/lib/thumb/v7e-m+dp/hard\libc_nano.a(lib_a-writer.o)
                0x000000000800a9e8                _write_r
 .text._close_r
                0x000000000800aa0c       0x20 d:/programdata/stm32cubeide_1.10.1/stm32cubeide/plugins/com.st.stm32cube.ide.mcu.externaltools.gnu-tools-for-stm32.10.3-2021.10.win32_1.0.0.202111181127/tools/bin/../lib/gcc/arm-none-eabi/10.3.1/../../../../arm-none-eabi/lib/thumb/v7e-m+dp/hard\libc_nano.a(lib_a-closer.o)
                0x000000000800aa0c                _close_r
 .text._fstat_r
                0x000000000800aa2c       0x24 d:/programdata/stm32cubeide_1.10.1/stm32cubeide/plugins/com.st.stm32cube.ide.mcu.externaltools.gnu-tools-for-stm32.10.3-2021.10.win32_1.0.0.202111181127/tools/bin/../lib/gcc/arm-none-eabi/10.3.1/../../../../arm-none-eabi/lib/thumb/v7e-m+dp/hard\libc_nano.a(lib_a-fstatr.o)
                0x000000000800aa2c                _fstat_r
 .text._isatty_r
                0x000000000800aa50       0x20 d:/programdata/stm32cubeide_1.10.1/stm32cubeide/plugins/com.st.stm32cube.ide.mcu.externaltools.gnu-tools-for-stm32.10.3-2021.10.win32_1.0.0.202111181127/tools/bin/../lib/gcc/arm-none-eabi/10.3.1/../../../../arm-none-eabi/lib/thumb/v7e-m+dp/hard\libc_nano.a(lib_a-isattyr.o)
                0x000000000800aa50                _isatty_r
 .text._lseek_r
                0x000000000800aa70       0x24 d:/programdata/stm32cubeide_1.10.1/stm32cubeide/plugins/com.st.stm32cube.ide.mcu.externaltools.gnu-tools-for-stm32.10.3-2021.10.win32_1.0.0.202111181127/tools/bin/../lib/gcc/arm-none-eabi/10.3.1/../../../../arm-none-eabi/lib/thumb/v7e-m+dp/hard\libc_nano.a(lib_a-lseekr.o)
                0x000000000800aa70                _lseek_r
 .text._read_r  0x000000000800aa94       0x24 d:/programdata/stm32cubeide_1.10.1/stm32cubeide/plugins/com.st.stm32cube.ide.mcu.externaltools.gnu-tools-for-stm32.10.3-2021.10.win32_1.0.0.202111181127/tools/bin/../lib/gcc/arm-none-eabi/10.3.1/../../../../arm-none-eabi/lib/thumb/v7e-m+dp/hard\libc_nano.a(lib_a-readr.o)
                0x000000000800aa94                _read_r
 *(.glue_7)
 .glue_7        0x000000000800aab8        0x0 linker stubs
 *(.glue_7t)
 .glue_7t       0x000000000800aab8        0x0 linker stubs
 *(.eh_frame)
 .eh_frame      0x000000000800aab8        0x0 d:/programdata/stm32cubeide_1.10.1/stm32cubeide/plugins/com.st.stm32cube.ide.mcu.externaltools.gnu-tools-for-stm32.10.3-2021.10.win32_1.0.0.202111181127/tools/bin/../lib/gcc/arm-none-eabi/10.3.1/thumb/v7e-m+dp/hard/crtbegin.o
 *(.init)
 .init          0x000000000800aab8        0x4 d:/programdata/stm32cubeide_1.10.1/stm32cubeide/plugins/com.st.stm32cube.ide.mcu.externaltools.gnu-tools-for-stm32.10.3-2021.10.win32_1.0.0.202111181127/tools/bin/../lib/gcc/arm-none-eabi/10.3.1/thumb/v7e-m+dp/hard/crti.o
                0x000000000800aab8                _init
 .init          0x000000000800aabc        0x8 d:/programdata/stm32cubeide_1.10.1/stm32cubeide/plugins/com.st.stm32cube.ide.mcu.externaltools.gnu-tools-for-stm32.10.3-2021.10.win32_1.0.0.202111181127/tools/bin/../lib/gcc/arm-none-eabi/10.3.1/thumb/v7e-m+dp/hard/crtn.o
 *(.fini)
 .fini          0x000000000800aac4        0x4 d:/programdata/stm32cubeide_1.10.1/stm32cubeide/plugins/com.st.stm32cube.ide.mcu.externaltools.gnu-tools-for-stm32.10.3-2021.10.win32_1.0.0.202111181127/tools/bin/../lib/gcc/arm-none-eabi/10.3.1/thumb/v7e-m+dp/hard/crti.o
                0x000000000800aac4                _fini
 .fini          0x000000000800aac8        0x8 d:/programdata/stm32cubeide_1.10.1/stm32cubeide/plugins/com.st.stm32cube.ide.mcu.externaltools.gnu-tools-for-stm32.10.3-2021.10.win32_1.0.0.202111181127/tools/bin/../lib/gcc/arm-none-eabi/10.3.1/thumb/v7e-m+dp/hard/crtn.o
                0x000000000800aad0                . = ALIGN (0x4)
                0x000000000800aad0                _etext = .

.vfp11_veneer   0x000000000800aad0        0x0
 .vfp11_veneer  0x000000000800aad0        0x0 linker stubs

.v4_bx          0x000000000800aad0        0x0
 .v4_bx         0x000000000800aad0        0x0 linker stubs

.iplt           0x000000000800aad0        0x0
 .iplt          0x000000000800aad0        0x0 d:/programdata/stm32cubeide_1.10.1/stm32cubeide/plugins/com.st.stm32cube.ide.mcu.externaltools.gnu-tools-for-stm32.10.3-2021.10.win32_1.0.0.202111181127/tools/bin/../lib/gcc/arm-none-eabi/10.3.1/thumb/v7e-m+dp/hard/crtbegin.o

.rodata         0x000000000800aad0     0x5b34
                0x000000000800aad0                . = ALIGN (0x4)
 *(.rodata)
 .rodata        0x000000000800aad0        0x3 ./Core/Src/am2320.o
 *fill*         0x000000000800aad3        0x1 
 .rodata        0x000000000800aad4       0x9c ./Core/Src/main.o
 *(.rodata*)
 .rodata.my_picture
                0x000000000800ab70     0x5460 ./Core/Src/main.o
                0x000000000800ab70                my_picture
 .rodata.AHBPrescTable
                0x000000000800ffd0       0x10 ./Core/Src/system_stm32f7xx.o
                0x000000000800ffd0                AHBPrescTable
 .rodata.APBPrescTable
                0x000000000800ffe0        0x8 ./Core/Src/system_stm32f7xx.o
                0x000000000800ffe0                APBPrescTable
 .rodata.font   0x000000000800ffe8      0x240 ./Drivers/ILI9341/ILI9341_GFX.o
 .rodata._global_impure_ptr
                0x0000000008010228        0x4 d:/programdata/stm32cubeide_1.10.1/stm32cubeide/plugins/com.st.stm32cube.ide.mcu.externaltools.gnu-tools-for-stm32.10.3-2021.10.win32_1.0.0.202111181127/tools/bin/../lib/gcc/arm-none-eabi/10.3.1/../../../../arm-none-eabi/lib/thumb/v7e-m+dp/hard\libc_nano.a(lib_a-impure.o)
                0x0000000008010228                _global_impure_ptr
 .rodata._printf_float.str1.1
                0x000000000801022c       0x12 d:/programdata/stm32cubeide_1.10.1/stm32cubeide/plugins/com.st.stm32cube.ide.mcu.externaltools.gnu-tools-for-stm32.10.3-2021.10.win32_1.0.0.202111181127/tools/bin/../lib/gcc/arm-none-eabi/10.3.1/../../../../arm-none-eabi/lib/thumb/v7e-m+dp/hard\libc_nano.a(lib_a-nano-vfprintf_float.o)
 .rodata._printf_i.str1.1
                0x000000000801023e       0x22 d:/programdata/stm32cubeide_1.10.1/stm32cubeide/plugins/com.st.stm32cube.ide.mcu.externaltools.gnu-tools-for-stm32.10.3-2021.10.win32_1.0.0.202111181127/tools/bin/../lib/gcc/arm-none-eabi/10.3.1/../../../../arm-none-eabi/lib/thumb/v7e-m+dp/hard\libc_nano.a(lib_a-nano-vfprintf_i.o)
 .rodata._dtoa_r.str1.1
                0x0000000008010260       0x90 d:/programdata/stm32cubeide_1.10.1/stm32cubeide/plugins/com.st.stm32cube.ide.mcu.externaltools.gnu-tools-for-stm32.10.3-2021.10.win32_1.0.0.202111181127/tools/bin/../lib/gcc/arm-none-eabi/10.3.1/../../../../arm-none-eabi/lib/thumb/v7e-m+dp/hard\libc_nano.a(lib_a-dtoa.o)
                                         0x92 (size before relaxing)
 .rodata._Balloc.str1.1
                0x00000000080102f0       0x5c d:/programdata/stm32cubeide_1.10.1/stm32cubeide/plugins/com.st.stm32cube.ide.mcu.externaltools.gnu-tools-for-stm32.10.3-2021.10.win32_1.0.0.202111181127/tools/bin/../lib/gcc/arm-none-eabi/10.3.1/../../../../arm-none-eabi/lib/thumb/v7e-m+dp/hard\libc_nano.a(lib_a-mprec.o)
                                         0x73 (size before relaxing)
 .rodata.__multadd.str1.1
                0x000000000801034c       0x11 d:/programdata/stm32cubeide_1.10.1/stm32cubeide/plugins/com.st.stm32cube.ide.mcu.externaltools.gnu-tools-for-stm32.10.3-2021.10.win32_1.0.0.202111181127/tools/bin/../lib/gcc/arm-none-eabi/10.3.1/../../../../arm-none-eabi/lib/thumb/v7e-m+dp/hard\libc_nano.a(lib_a-mprec.o)
 *fill*         0x000000000801034c        0x4 
 .rodata.__mprec_bigtens
                0x0000000008010350       0x28 d:/programdata/stm32cubeide_1.10.1/stm32cubeide/plugins/com.st.stm32cube.ide.mcu.externaltools.gnu-tools-for-stm32.10.3-2021.10.win32_1.0.0.202111181127/tools/bin/../lib/gcc/arm-none-eabi/10.3.1/../../../../arm-none-eabi/lib/thumb/v7e-m+dp/hard\libc_nano.a(lib_a-mprec.o)
                0x0000000008010350                __mprec_bigtens
 .rodata.__mprec_tens
                0x0000000008010378       0xc8 d:/programdata/stm32cubeide_1.10.1/stm32cubeide/plugins/com.st.stm32cube.ide.mcu.externaltools.gnu-tools-for-stm32.10.3-2021.10.win32_1.0.0.202111181127/tools/bin/../lib/gcc/arm-none-eabi/10.3.1/../../../../arm-none-eabi/lib/thumb/v7e-m+dp/hard\libc_nano.a(lib_a-mprec.o)
                0x0000000008010378                __mprec_tens
 .rodata.p05.0  0x0000000008010440        0xc d:/programdata/stm32cubeide_1.10.1/stm32cubeide/plugins/com.st.stm32cube.ide.mcu.externaltools.gnu-tools-for-stm32.10.3-2021.10.win32_1.0.0.202111181127/tools/bin/../lib/gcc/arm-none-eabi/10.3.1/../../../../arm-none-eabi/lib/thumb/v7e-m+dp/hard\libc_nano.a(lib_a-mprec.o)
 .rodata._svfprintf_r.str1.1
                0x000000000801044c       0x11 d:/programdata/stm32cubeide_1.10.1/stm32cubeide/plugins/com.st.stm32cube.ide.mcu.externaltools.gnu-tools-for-stm32.10.3-2021.10.win32_1.0.0.202111181127/tools/bin/../lib/gcc/arm-none-eabi/10.3.1/../../../../arm-none-eabi/lib/thumb/v7e-m+dp/hard\libc_nano.a(lib_a-nano-svfprintf.o)
 .rodata.__assert_func.str1.1
                0x000000000801045d       0x3c d:/programdata/stm32cubeide_1.10.1/stm32cubeide/plugins/com.st.stm32cube.ide.mcu.externaltools.gnu-tools-for-stm32.10.3-2021.10.win32_1.0.0.202111181127/tools/bin/../lib/gcc/arm-none-eabi/10.3.1/../../../../arm-none-eabi/lib/thumb/v7e-m+dp/hard\libc_nano.a(lib_a-assert.o)
                                         0x3d (size before relaxing)
 .rodata._setlocale_r.str1.1
                0x0000000008010499        0x8 d:/programdata/stm32cubeide_1.10.1/stm32cubeide/plugins/com.st.stm32cube.ide.mcu.externaltools.gnu-tools-for-stm32.10.3-2021.10.win32_1.0.0.202111181127/tools/bin/../lib/gcc/arm-none-eabi/10.3.1/../../../../arm-none-eabi/lib/thumb/v7e-m+dp/hard\libc_nano.a(lib_a-locale.o)
                                          0x9 (size before relaxing)
 .rodata.str1.1
                0x00000000080104a1        0x2 d:/programdata/stm32cubeide_1.10.1/stm32cubeide/plugins/com.st.stm32cube.ide.mcu.externaltools.gnu-tools-for-stm32.10.3-2021.10.win32_1.0.0.202111181127/tools/bin/../lib/gcc/arm-none-eabi/10.3.1/../../../../arm-none-eabi/lib/thumb/v7e-m+dp/hard\libc_nano.a(lib_a-locale.o)
 .rodata._vfprintf_r.str1.1
                0x00000000080104a3       0x11 d:/programdata/stm32cubeide_1.10.1/stm32cubeide/plugins/com.st.stm32cube.ide.mcu.externaltools.gnu-tools-for-stm32.10.3-2021.10.win32_1.0.0.202111181127/tools/bin/../lib/gcc/arm-none-eabi/10.3.1/../../../../arm-none-eabi/lib/thumb/v7e-m+dp/hard\libc_nano.a(lib_a-nano-vfprintf.o)
 .rodata._ctype_
                0x00000000080104a3      0x101 d:/programdata/stm32cubeide_1.10.1/stm32cubeide/plugins/com.st.stm32cube.ide.mcu.externaltools.gnu-tools-for-stm32.10.3-2021.10.win32_1.0.0.202111181127/tools/bin/../lib/gcc/arm-none-eabi/10.3.1/../../../../arm-none-eabi/lib/thumb/v7e-m+dp/hard\libc_nano.a(lib_a-ctype_.o)
                0x00000000080104a3                _ctype_
 .rodata.__sf_fake_stderr
                0x00000000080105a4       0x20 d:/programdata/stm32cubeide_1.10.1/stm32cubeide/plugins/com.st.stm32cube.ide.mcu.externaltools.gnu-tools-for-stm32.10.3-2021.10.win32_1.0.0.202111181127/tools/bin/../lib/gcc/arm-none-eabi/10.3.1/../../../../arm-none-eabi/lib/thumb/v7e-m+dp/hard\libc_nano.a(lib_a-findfp.o)
                0x00000000080105a4                __sf_fake_stderr
 .rodata.__sf_fake_stdin
                0x00000000080105c4       0x20 d:/programdata/stm32cubeide_1.10.1/stm32cubeide/plugins/com.st.stm32cube.ide.mcu.externaltools.gnu-tools-for-stm32.10.3-2021.10.win32_1.0.0.202111181127/tools/bin/../lib/gcc/arm-none-eabi/10.3.1/../../../../arm-none-eabi/lib/thumb/v7e-m+dp/hard\libc_nano.a(lib_a-findfp.o)
                0x00000000080105c4                __sf_fake_stdin
 .rodata.__sf_fake_stdout
                0x00000000080105e4       0x20 d:/programdata/stm32cubeide_1.10.1/stm32cubeide/plugins/com.st.stm32cube.ide.mcu.externaltools.gnu-tools-for-stm32.10.3-2021.10.win32_1.0.0.202111181127/tools/bin/../lib/gcc/arm-none-eabi/10.3.1/../../../../arm-none-eabi/lib/thumb/v7e-m+dp/hard\libc_nano.a(lib_a-findfp.o)
                0x00000000080105e4                __sf_fake_stdout
                0x0000000008010604                . = ALIGN (0x4)

.ARM.extab      0x0000000008010604        0x0
                0x0000000008010604                . = ALIGN (0x4)
 *(.ARM.extab* .gnu.linkonce.armextab.*)
                0x0000000008010604                . = ALIGN (0x4)

.ARM            0x0000000008010604        0x8
                0x0000000008010604                . = ALIGN (0x4)
                0x0000000008010604                __exidx_start = .
 *(.ARM.exidx*)
 .ARM.exidx     0x0000000008010604        0x8 d:/programdata/stm32cubeide_1.10.1/stm32cubeide/plugins/com.st.stm32cube.ide.mcu.externaltools.gnu-tools-for-stm32.10.3-2021.10.win32_1.0.0.202111181127/tools/bin/../lib/gcc/arm-none-eabi/10.3.1/thumb/v7e-m+dp/hard\libgcc.a(_udivmoddi4.o)
                0x000000000801060c                __exidx_end = .
                0x000000000801060c                . = ALIGN (0x4)

.rel.dyn        0x000000000801060c        0x0
 .rel.iplt      0x000000000801060c        0x0 d:/programdata/stm32cubeide_1.10.1/stm32cubeide/plugins/com.st.stm32cube.ide.mcu.externaltools.gnu-tools-for-stm32.10.3-2021.10.win32_1.0.0.202111181127/tools/bin/../lib/gcc/arm-none-eabi/10.3.1/thumb/v7e-m+dp/hard/crtbegin.o

.preinit_array  0x000000000801060c        0x0
                0x000000000801060c                . = ALIGN (0x4)
                0x000000000801060c                PROVIDE (__preinit_array_start = .)
 *(.preinit_array*)
                0x000000000801060c                PROVIDE (__preinit_array_end = .)
                0x000000000801060c                . = ALIGN (0x4)

.init_array     0x000000000801060c        0x4
                0x000000000801060c                . = ALIGN (0x4)
                0x000000000801060c                PROVIDE (__init_array_start = .)
 *(SORT_BY_NAME(.init_array.*))
 *(.init_array*)
 .init_array    0x000000000801060c        0x4 d:/programdata/stm32cubeide_1.10.1/stm32cubeide/plugins/com.st.stm32cube.ide.mcu.externaltools.gnu-tools-for-stm32.10.3-2021.10.win32_1.0.0.202111181127/tools/bin/../lib/gcc/arm-none-eabi/10.3.1/thumb/v7e-m+dp/hard/crtbegin.o
                0x0000000008010610                PROVIDE (__init_array_end = .)
                0x0000000008010610                . = ALIGN (0x4)

.fini_array     0x0000000008010610        0x4
                0x0000000008010610                . = ALIGN (0x4)
                [!provide]                        PROVIDE (__fini_array_start = .)
 *(SORT_BY_NAME(.fini_array.*))
 *(.fini_array*)
 .fini_array    0x0000000008010610        0x4 d:/programdata/stm32cubeide_1.10.1/stm32cubeide/plugins/com.st.stm32cube.ide.mcu.externaltools.gnu-tools-for-stm32.10.3-2021.10.win32_1.0.0.202111181127/tools/bin/../lib/gcc/arm-none-eabi/10.3.1/thumb/v7e-m+dp/hard/crtbegin.o
                [!provide]                        PROVIDE (__fini_array_end = .)
                0x0000000008010614                . = ALIGN (0x4)
                0x0000000008010614                _sidata = LOADADDR (.data)

.data           0x0000000020000000      0x1e0 load address 0x0000000008010614
                0x0000000020000000                . = ALIGN (0x4)
                0x0000000020000000                _sdata = .
 *(.data)
 *(.data*)
 .data.SystemCoreClock
                0x0000000020000000        0x4 ./Core/Src/system_stm32f7xx.o
                0x0000000020000000                SystemCoreClock
 .data.LCD_HEIGHT
                0x0000000020000004        0x2 ./Drivers/ILI9341/ILI9341_STM32_Driver.o
                0x0000000020000004                LCD_HEIGHT
 .data.LCD_WIDTH
                0x0000000020000006        0x2 ./Drivers/ILI9341/ILI9341_STM32_Driver.o
                0x0000000020000006                LCD_WIDTH
 .data.uwTickPrio
                0x0000000020000008        0x4 ./Drivers/STM32F7xx_HAL_Driver/Src/stm32f7xx_hal.o
                0x0000000020000008                uwTickPrio
 .data.uwTickFreq
                0x000000002000000c        0x1 ./Drivers/STM32F7xx_HAL_Driver/Src/stm32f7xx_hal.o
                0x000000002000000c                uwTickFreq
 *fill*         0x000000002000000d        0x3 
 .data._impure_ptr
                0x0000000020000010        0x4 d:/programdata/stm32cubeide_1.10.1/stm32cubeide/plugins/com.st.stm32cube.ide.mcu.externaltools.gnu-tools-for-stm32.10.3-2021.10.win32_1.0.0.202111181127/tools/bin/../lib/gcc/arm-none-eabi/10.3.1/../../../../arm-none-eabi/lib/thumb/v7e-m+dp/hard\libc_nano.a(lib_a-impure.o)
                0x0000000020000010                _impure_ptr
 .data.impure_data
                0x0000000020000014       0x60 d:/programdata/stm32cubeide_1.10.1/stm32cubeide/plugins/com.st.stm32cube.ide.mcu.externaltools.gnu-tools-for-stm32.10.3-2021.10.win32_1.0.0.202111181127/tools/bin/../lib/gcc/arm-none-eabi/10.3.1/../../../../arm-none-eabi/lib/thumb/v7e-m+dp/hard\libc_nano.a(lib_a-impure.o)
 .data.__global_locale
                0x0000000020000074      0x16c d:/programdata/stm32cubeide_1.10.1/stm32cubeide/plugins/com.st.stm32cube.ide.mcu.externaltools.gnu-tools-for-stm32.10.3-2021.10.win32_1.0.0.202111181127/tools/bin/../lib/gcc/arm-none-eabi/10.3.1/../../../../arm-none-eabi/lib/thumb/v7e-m+dp/hard\libc_nano.a(lib_a-locale.o)
                0x0000000020000074                __global_locale
 *(.RamFunc)
 *(.RamFunc*)
                0x00000000200001e0                . = ALIGN (0x4)
                0x00000000200001e0                _edata = .

.igot.plt       0x00000000200001e0        0x0 load address 0x00000000080107f4
 .igot.plt      0x00000000200001e0        0x0 d:/programdata/stm32cubeide_1.10.1/stm32cubeide/plugins/com.st.stm32cube.ide.mcu.externaltools.gnu-tools-for-stm32.10.3-2021.10.win32_1.0.0.202111181127/tools/bin/../lib/gcc/arm-none-eabi/10.3.1/thumb/v7e-m+dp/hard/crtbegin.o
                0x00000000200001e0                . = ALIGN (0x4)

.bss            0x00000000200001e0      0x2bc load address 0x00000000080107f4
                0x00000000200001e0                _sbss = .
                0x00000000200001e0                __bss_start__ = _sbss
 *(.bss)
 .bss           0x00000000200001e0       0x1c d:/programdata/stm32cubeide_1.10.1/stm32cubeide/plugins/com.st.stm32cube.ide.mcu.externaltools.gnu-tools-for-stm32.10.3-2021.10.win32_1.0.0.202111181127/tools/bin/../lib/gcc/arm-none-eabi/10.3.1/thumb/v7e-m+dp/hard/crtbegin.o
 *(.bss*)
 .bss.hadc1     0x00000000200001fc       0x48 ./Core/Src/adc.o
                0x00000000200001fc                hadc1
 .bss.hi2c1     0x0000000020000244       0x4c ./Core/Src/i2c.o
                0x0000000020000244                hi2c1
 .bss.dutyCycle
                0x0000000020000290        0x4 ./Core/Src/main.o
                0x0000000020000290                dutyCycle
 .bss.color     0x0000000020000294        0x2 ./Core/Src/main.o
                0x0000000020000294                color
 .bss.r_density
                0x0000000020000296        0x2 ./Core/Src/main.o
                0x0000000020000296                r_density
 .bss.g_density
                0x0000000020000298        0x2 ./Core/Src/main.o
                0x0000000020000298                g_density
 .bss.b_density
                0x000000002000029a        0x2 ./Core/Src/main.o
                0x000000002000029a                b_density
 .bss.count     0x000000002000029c        0x4 ./Core/Src/main.o
                0x000000002000029c                count
 .bss.state     0x00000000200002a0        0x1 ./Core/Src/main.o
                0x00000000200002a0                state
 *fill*         0x00000000200002a1        0x3 
 .bss.adc_val   0x00000000200002a4        0x4 ./Core/Src/main.o
                0x00000000200002a4                adc_val
 .bss.hrng      0x00000000200002a8       0x10 ./Core/Src/rng.o
                0x00000000200002a8                hrng
 .bss.hspi5     0x00000000200002b8       0x64 ./Core/Src/spi.o
                0x00000000200002b8                hspi5
 .bss.__sbrk_heap_end
                0x000000002000031c        0x4 ./Core/Src/sysmem.o
 .bss.htim1     0x0000000020000320       0x4c ./Core/Src/tim.o
                0x0000000020000320                htim1
 .bss.htim2     0x000000002000036c       0x4c ./Core/Src/tim.o
                0x000000002000036c                htim2
 .bss.htim8     0x00000000200003b8       0x4c ./Core/Src/tim.o
                0x00000000200003b8                htim8
 .bss.huart3    0x0000000020000404       0x84 ./Core/Src/usart.o
                0x0000000020000404                huart3
 .bss.uwTick    0x0000000020000488        0x4 ./Drivers/STM32F7xx_HAL_Driver/Src/stm32f7xx_hal.o
                0x0000000020000488                uwTick
 .bss.__malloc_free_list
                0x000000002000048c        0x4 d:/programdata/stm32cubeide_1.10.1/stm32cubeide/plugins/com.st.stm32cube.ide.mcu.externaltools.gnu-tools-for-stm32.10.3-2021.10.win32_1.0.0.202111181127/tools/bin/../lib/gcc/arm-none-eabi/10.3.1/../../../../arm-none-eabi/lib/thumb/v7e-m+dp/hard\libc_nano.a(lib_a-nano-mallocr.o)
                0x000000002000048c                __malloc_free_list
 .bss.__malloc_sbrk_start
                0x0000000020000490        0x4 d:/programdata/stm32cubeide_1.10.1/stm32cubeide/plugins/com.st.stm32cube.ide.mcu.externaltools.gnu-tools-for-stm32.10.3-2021.10.win32_1.0.0.202111181127/tools/bin/../lib/gcc/arm-none-eabi/10.3.1/../../../../arm-none-eabi/lib/thumb/v7e-m+dp/hard\libc_nano.a(lib_a-nano-mallocr.o)
                0x0000000020000490                __malloc_sbrk_start
 .bss.errno     0x0000000020000494        0x4 d:/programdata/stm32cubeide_1.10.1/stm32cubeide/plugins/com.st.stm32cube.ide.mcu.externaltools.gnu-tools-for-stm32.10.3-2021.10.win32_1.0.0.202111181127/tools/bin/../lib/gcc/arm-none-eabi/10.3.1/../../../../arm-none-eabi/lib/thumb/v7e-m+dp/hard\libc_nano.a(lib_a-reent.o)
                0x0000000020000494                errno
 .bss.__lock___malloc_recursive_mutex
                0x0000000020000498        0x1 d:/programdata/stm32cubeide_1.10.1/stm32cubeide/plugins/com.st.stm32cube.ide.mcu.externaltools.gnu-tools-for-stm32.10.3-2021.10.win32_1.0.0.202111181127/tools/bin/../lib/gcc/arm-none-eabi/10.3.1/../../../../arm-none-eabi/lib/thumb/v7e-m+dp/hard\libc_nano.a(lib_a-lock.o)
                0x0000000020000498                __lock___malloc_recursive_mutex